Archive member included to satisfy reference by file (symbol)

c:/tools/gcc-arm-none-eabi-9-2019-q4-major/bin/../lib/gcc/arm-none-eabi/9.2.1/../../../../arm-none-eabi/lib/thumb/v7e-m+fp/hard\libc_nano.a(lib_a-errno.o)
                              build/syscalls.o (__errno)
c:/tools/gcc-arm-none-eabi-9-2019-q4-major/bin/../lib/gcc/arm-none-eabi/9.2.1/../../../../arm-none-eabi/lib/thumb/v7e-m+fp/hard\libc_nano.a(lib_a-exit.o)
                              c:/tools/gcc-arm-none-eabi-9-2019-q4-major/bin/../lib/gcc/arm-none-eabi/9.2.1/../../../../arm-none-eabi/lib/thumb/v7e-m+fp/hard/crt0.o (exit)
c:/tools/gcc-arm-none-eabi-9-2019-q4-major/bin/../lib/gcc/arm-none-eabi/9.2.1/../../../../arm-none-eabi/lib/thumb/v7e-m+fp/hard\libc_nano.a(lib_a-fflush.o)
                              build/module_test.o (fflush)
c:/tools/gcc-arm-none-eabi-9-2019-q4-major/bin/../lib/gcc/arm-none-eabi/9.2.1/../../../../arm-none-eabi/lib/thumb/v7e-m+fp/hard\libc_nano.a(lib_a-findfp.o)
                              c:/tools/gcc-arm-none-eabi-9-2019-q4-major/bin/../lib/gcc/arm-none-eabi/9.2.1/../../../../arm-none-eabi/lib/thumb/v7e-m+fp/hard\libc_nano.a(lib_a-fflush.o) (__sinit)
c:/tools/gcc-arm-none-eabi-9-2019-q4-major/bin/../lib/gcc/arm-none-eabi/9.2.1/../../../../arm-none-eabi/lib/thumb/v7e-m+fp/hard\libc_nano.a(lib_a-fwalk.o)
                              c:/tools/gcc-arm-none-eabi-9-2019-q4-major/bin/../lib/gcc/arm-none-eabi/9.2.1/../../../../arm-none-eabi/lib/thumb/v7e-m+fp/hard\libc_nano.a(lib_a-findfp.o) (_fwalk)
c:/tools/gcc-arm-none-eabi-9-2019-q4-major/bin/../lib/gcc/arm-none-eabi/9.2.1/../../../../arm-none-eabi/lib/thumb/v7e-m+fp/hard\libc_nano.a(lib_a-impure.o)
                              c:/tools/gcc-arm-none-eabi-9-2019-q4-major/bin/../lib/gcc/arm-none-eabi/9.2.1/../../../../arm-none-eabi/lib/thumb/v7e-m+fp/hard\libc_nano.a(lib_a-exit.o) (_global_impure_ptr)
c:/tools/gcc-arm-none-eabi-9-2019-q4-major/bin/../lib/gcc/arm-none-eabi/9.2.1/../../../../arm-none-eabi/lib/thumb/v7e-m+fp/hard\libc_nano.a(lib_a-init.o)
                              c:/tools/gcc-arm-none-eabi-9-2019-q4-major/bin/../lib/gcc/arm-none-eabi/9.2.1/../../../../arm-none-eabi/lib/thumb/v7e-m+fp/hard/crt0.o (__libc_init_array)
c:/tools/gcc-arm-none-eabi-9-2019-q4-major/bin/../lib/gcc/arm-none-eabi/9.2.1/../../../../arm-none-eabi/lib/thumb/v7e-m+fp/hard\libc_nano.a(lib_a-lock.o)
                              c:/tools/gcc-arm-none-eabi-9-2019-q4-major/bin/../lib/gcc/arm-none-eabi/9.2.1/../../../../arm-none-eabi/lib/thumb/v7e-m+fp/hard\libc_nano.a(lib_a-findfp.o) (__retarget_lock_init_recursive)
c:/tools/gcc-arm-none-eabi-9-2019-q4-major/bin/../lib/gcc/arm-none-eabi/9.2.1/../../../../arm-none-eabi/lib/thumb/v7e-m+fp/hard\libc_nano.a(lib_a-memcpy-stub.o)
                              build/maze_init.o (memcpy)
c:/tools/gcc-arm-none-eabi-9-2019-q4-major/bin/../lib/gcc/arm-none-eabi/9.2.1/../../../../arm-none-eabi/lib/thumb/v7e-m+fp/hard\libc_nano.a(lib_a-memset.o)
                              c:/tools/gcc-arm-none-eabi-9-2019-q4-major/bin/../lib/gcc/arm-none-eabi/9.2.1/../../../../arm-none-eabi/lib/thumb/v7e-m+fp/hard/crt0.o (memset)
c:/tools/gcc-arm-none-eabi-9-2019-q4-major/bin/../lib/gcc/arm-none-eabi/9.2.1/../../../../arm-none-eabi/lib/thumb/v7e-m+fp/hard\libc_nano.a(lib_a-nano-freer.o)
                              c:/tools/gcc-arm-none-eabi-9-2019-q4-major/bin/../lib/gcc/arm-none-eabi/9.2.1/../../../../arm-none-eabi/lib/thumb/v7e-m+fp/hard\libc_nano.a(lib_a-fflush.o) (_free_r)
c:/tools/gcc-arm-none-eabi-9-2019-q4-major/bin/../lib/gcc/arm-none-eabi/9.2.1/../../../../arm-none-eabi/lib/thumb/v7e-m+fp/hard\libc_nano.a(lib_a-nano-mallocr.o)
                              c:/tools/gcc-arm-none-eabi-9-2019-q4-major/bin/../lib/gcc/arm-none-eabi/9.2.1/../../../../arm-none-eabi/lib/thumb/v7e-m+fp/hard\libc_nano.a(lib_a-findfp.o) (_malloc_r)
c:/tools/gcc-arm-none-eabi-9-2019-q4-major/bin/../lib/gcc/arm-none-eabi/9.2.1/../../../../arm-none-eabi/lib/thumb/v7e-m+fp/hard\libc_nano.a(lib_a-nano-vfprintf_float.o)
                              (_printf_float)
c:/tools/gcc-arm-none-eabi-9-2019-q4-major/bin/../lib/gcc/arm-none-eabi/9.2.1/../../../../arm-none-eabi/lib/thumb/v7e-m+fp/hard\libc_nano.a(lib_a-nano-vfprintf_i.o)
                              c:/tools/gcc-arm-none-eabi-9-2019-q4-major/bin/../lib/gcc/arm-none-eabi/9.2.1/../../../../arm-none-eabi/lib/thumb/v7e-m+fp/hard\libc_nano.a(lib_a-nano-vfprintf_float.o) (_printf_common)
c:/tools/gcc-arm-none-eabi-9-2019-q4-major/bin/../lib/gcc/arm-none-eabi/9.2.1/../../../../arm-none-eabi/lib/thumb/v7e-m+fp/hard\libc_nano.a(lib_a-nano-vfscanf_float.o)
                              (_scanf_float)
c:/tools/gcc-arm-none-eabi-9-2019-q4-major/bin/../lib/gcc/arm-none-eabi/9.2.1/../../../../arm-none-eabi/lib/thumb/v7e-m+fp/hard\libc_nano.a(lib_a-printf.o)
                              build/imu.o (printf)
[...]
Memory Configuration

Name             Origin             Length             Attributes
RAM              0x20000000         0x00050000         xrw
FLASH            0x08000000         0x00180000         xr
*default*        0x00000000         0xffffffff

Linker script and memory map

LOAD c:/tools/gcc-arm-none-eabi-9-2019-q4-major/bin/../lib/gcc/arm-none-eabi/9.2.1/thumb/v7e-m+fp/hard/crti.o
LOAD c:/tools/gcc-arm-none-eabi-9-2019-q4-major/bin/../lib/gcc/arm-none-eabi/9.2.1/thumb/v7e-m+fp/hard/crtbegin.o
LOAD c:/tools/gcc-arm-none-eabi-9-2019-q4-major/bin/../lib/gcc/arm-none-eabi/9.2.1/../../../../arm-none-eabi/lib/thumb/v7e-m+fp/hard/crt0.o
LOAD build/main.o
LOAD build/lookuptable.o
LOAD build/mouse_state.o
LOAD build/control.o
LOAD build/adjust.o
LOAD build/movement.o
LOAD build/exvol.o
LOAD build/gpio.o
LOAD build/adc.o
LOAD build/dma.o
LOAD build/spi.o
LOAD build/tim.o
LOAD build/usart.o
LOAD build/stm32f4xx_it.o
LOAD build/stm32f4xx_hal_msp.o
LOAD build/system_stm32f4xx.o
LOAD build/battery.o
LOAD build/communication.o
LOAD build/delay.o
LOAD build/encoder.o
LOAD build/idivide.o
LOAD build/imu.o
LOAD build/interrupt.o
LOAD build/ir_sensor.o
LOAD build/matlab_code_gen_data.o
LOAD build/matlab_code_gen_initialize.o
LOAD build/matlab_code_gen_rtwutil.o
LOAD build/matlab_code_gen_terminate.o
LOAD build/maze_init.o
LOAD build/maze_solve.o
LOAD build/maze.o
LOAD build/mode.o
LOAD build/module_test.o
LOAD build/motor.o
LOAD build/rem.o
LOAD build/syscalls.o
LOAD build/sysmem.o
LOAD build/target.o
LOAD build/stm32f4xx_hal_adc.o
LOAD build/stm32f4xx_hal_adc_ex.o
LOAD build/stm32f4xx_hal_spi.o
LOAD build/stm32f4xx_hal_tim.o
LOAD build/stm32f4xx_hal_tim_ex.o
LOAD build/stm32f4xx_hal_uart.o
LOAD build/stm32f4xx_hal_rcc.o
LOAD build/stm32f4xx_hal_rcc_ex.o
LOAD build/stm32f4xx_hal_flash.o
LOAD build/stm32f4xx_hal_flash_ex.o
LOAD build/stm32f4xx_hal_flash_ramfunc.o
LOAD build/stm32f4xx_hal_gpio.o
LOAD build/stm32f4xx_hal_dma_ex.o
LOAD build/stm32f4xx_hal_dma.o
LOAD build/stm32f4xx_hal_pwr.o
LOAD build/stm32f4xx_hal_pwr_ex.o
LOAD build/stm32f4xx_hal_cortex.o
LOAD build/stm32f4xx_hal.o
LOAD build/stm32f4xx_hal_exti.o
LOAD build/startup_stm32f413xx.o
LOAD c:/tools/gcc-arm-none-eabi-9-2019-q4-major/bin/../lib/gcc/arm-none-eabi/9.2.1/../../../../arm-none-eabi/lib/thumb/v7e-m+fp/hard\libc_nano.a
LOAD c:/tools/gcc-arm-none-eabi-9-2019-q4-major/bin/../lib/gcc/arm-none-eabi/9.2.1/../../../../arm-none-eabi/lib/thumb/v7e-m+fp/hard\libm.a
LOAD c:/tools/gcc-arm-none-eabi-9-2019-q4-major/bin/../lib/gcc/arm-none-eabi/9.2.1/../../../../arm-none-eabi/lib/thumb/v7e-m+fp/hard\libnosys.a
START GROUP
LOAD c:/tools/gcc-arm-none-eabi-9-2019-q4-major/bin/../lib/gcc/arm-none-eabi/9.2.1/thumb/v7e-m+fp/hard\libgcc.a
LOAD c:/tools/gcc-arm-none-eabi-9-2019-q4-major/bin/../lib/gcc/arm-none-eabi/9.2.1/../../../../arm-none-eabi/lib/thumb/v7e-m+fp/hard\libc_nano.a
END GROUP
START GROUP
LOAD c:/tools/gcc-arm-none-eabi-9-2019-q4-major/bin/../lib/gcc/arm-none-eabi/9.2.1/thumb/v7e-m+fp/hard\libgcc.a
LOAD c:/tools/gcc-arm-none-eabi-9-2019-q4-major/bin/../lib/gcc/arm-none-eabi/9.2.1/../../../../arm-none-eabi/lib/thumb/v7e-m+fp/hard\libc_nano.a
END GROUP
LOAD c:/tools/gcc-arm-none-eabi-9-2019-q4-major/bin/../lib/gcc/arm-none-eabi/9.2.1/thumb/v7e-m+fp/hard/crtend.o
LOAD c:/tools/gcc-arm-none-eabi-9-2019-q4-major/bin/../lib/gcc/arm-none-eabi/9.2.1/thumb/v7e-m+fp/hard/crtn.o
                0x20050000                _estack = 0x20050000
                0x00000200                _Min_Heap_Size = 0x200
                0x00000400                _Min_Stack_Size = 0x400

.isr_vector     0x08000000      0x1d8
                0x08000000                . = ALIGN (0x4)
 *(.isr_vector)
 .isr_vector    0x08000000      0x1d8 build/startup_stm32f413xx.o
                0x08000000                g_pfnVectors
                0x080001d8                . = ALIGN (0x4)

.text           0x080001e0     0xe714
                0x080001e0                . = ALIGN (0x4)
 *(.text)
 .text          0x080001e0       0x40 c:/tools/gcc-arm-none-eabi-9-2019-q4-major/bin/../lib/gcc/arm-none-eabi/9.2.1/thumb/v7e-m+fp/hard/crtbegin.o
 .text          0x08000220       0x10 c:/tools/gcc-arm-none-eabi-9-2019-q4-major/bin/../lib/gcc/arm-none-eabi/9.2.1/../../../../arm-none-eabi/lib/thumb/v7e-m+fp/hard\libc_nano.a(lib_a-strlen.o)
                0x08000220                strlen
 .text          0x08000230       0xa0 c:/tools/gcc-arm-none-eabi-9-2019-q4-major/bin/../lib/gcc/arm-none-eabi/9.2.1/../../../../arm-none-eabi/lib/thumb/v7e-m+fp/hard\libc_nano.a(lib_a-memchr.o)
                0x08000230                memchr
 .text          0x080002d0      0x378 c:/tools/gcc-arm-none-eabi-9-2019-q4-major/bin/../lib/gcc/arm-none-eabi/9.2.1/thumb/v7e-m+fp/hard\libgcc.a(_arm_addsubdf3.o)
                0x080002d0                __aeabi_drsub
                0x080002d8                __aeabi_dsub
                0x080002d8                __subdf3
                0x080002dc                __aeabi_dadd
                0x080002dc                __adddf3
                0x08000554                __floatunsidf
                0x08000554                __aeabi_ui2d
                0x08000574                __floatsidf
                0x08000574                __aeabi_i2d
                0x08000598                __aeabi_f2d
                0x08000598                __extendsfdf2
                0x080005dc                __floatundidf
                0x080005dc                __aeabi_ul2d
                0x080005ec                __floatdidf
                0x080005ec                __aeabi_l2d
 .text          0x08000648      0x424 c:/tools/gcc-arm-none-eabi-9-2019-q4-major/bin/../lib/gcc/arm-none-eabi/9.2.1/thumb/v7e-m+fp/hard\libgcc.a(_arm_muldivdf3.o)
                0x08000648                __aeabi_dmul
                0x08000648                __muldf3
                0x0800089c                __divdf3
                0x0800089c                __aeabi_ddiv
 .text          0x08000a6c      0x110 c:/tools/gcc-arm-none-eabi-9-2019-q4-major/bin/../lib/gcc/arm-none-eabi/9.2.1/thumb/v7e-m+fp/hard\libgcc.a(_arm_cmpdf2.o)
                0x08000a6c                __gtdf2
                0x08000a6c                __gedf2
                0x08000a74                __ltdf2
                0x08000a74                __ledf2
                0x08000a7c                __nedf2
                0x08000a7c                __eqdf2
                0x08000a7c                __cmpdf2
                0x08000af8                __aeabi_cdrcmple
                0x08000b08                __aeabi_cdcmpeq
                0x08000b08                __aeabi_cdcmple
                0x08000b18                __aeabi_dcmpeq
                0x08000b2c                __aeabi_dcmplt
                0x08000b40                __aeabi_dcmple
                0x08000b54                __aeabi_dcmpge
                0x08000b68                __aeabi_dcmpgt
 .text          0x08000b7c       0x2c c:/tools/gcc-arm-none-eabi-9-2019-q4-major/bin/../lib/gcc/arm-none-eabi/9.2.1/thumb/v7e-m+fp/hard\libgcc.a(_arm_unorddf2.o)
                0x08000b7c                __unorddf2
                0x08000b7c                __aeabi_dcmpun
 .text          0x08000ba8       0x50 c:/tools/gcc-arm-none-eabi-9-2019-q4-major/bin/../lib/gcc/arm-none-eabi/9.2.1/thumb/v7e-m+fp/hard\libgcc.a(_arm_fixdfsi.o)
                0x08000ba8                __aeabi_d2iz
                0x08000ba8                __fixdfsi
 .text          0x08000bf8       0x40 c:/tools/gcc-arm-none-eabi-9-2019-q4-major/bin/../lib/gcc/arm-none-eabi/9.2.1/thumb/v7e-m+fp/hard\libgcc.a(_arm_fixunsdfsi.o)
                0x08000bf8                __aeabi_d2uiz
                0x08000bf8                __fixunsdfsi
 .text          0x08000c38       0xa0 c:/tools/gcc-arm-none-eabi-9-2019-q4-major/bin/../lib/gcc/arm-none-eabi/9.2.1/thumb/v7e-m+fp/hard\libgcc.a(_arm_truncdfsf2.o)
                0x08000c38                __truncdfsf2
                0x08000c38                __aeabi_d2f
 .text          0x08000cd8      0x21c c:/tools/gcc-arm-none-eabi-9-2019-q4-major/bin/../lib/gcc/arm-none-eabi/9.2.1/thumb/v7e-m+fp/hard\libgcc.a(_arm_addsubsf3.o)
                0x08000cd8                __aeabi_frsub
                0x08000ce0                __subsf3
                0x08000ce0                __aeabi_fsub
                0x08000ce4                __aeabi_fadd
                0x08000ce4                __addsf3
                0x08000e44                __aeabi_ui2f
                0x08000e44                __floatunsisf
                0x08000e4c                __aeabi_i2f
                0x08000e4c                __floatsisf
                0x08000e68                __aeabi_ul2f
                0x08000e68                __floatundisf
                0x08000e78                __aeabi_l2f
                0x08000e78                __floatdisf
 .text          0x08000ef4       0x30 c:/tools/gcc-arm-none-eabi-9-2019-q4-major/bin/../lib/gcc/arm-none-eabi/9.2.1/thumb/v7e-m+fp/hard\libgcc.a(_aeabi_uldivmod.o)
                0x08000ef4                __aeabi_uldivmod
 .text          0x08000f24       0x30 c:/tools/gcc-arm-none-eabi-9-2019-q4-major/bin/../lib/gcc/arm-none-eabi/9.2.1/thumb/v7e-m+fp/hard\libgcc.a(_fixdfdi.o)
                0x08000f24                __fixdfdi
                0x08000f24                __aeabi_d2lz
 .text          0x08000f54       0x3c c:/tools/gcc-arm-none-eabi-9-2019-q4-major/bin/../lib/gcc/arm-none-eabi/9.2.1/thumb/v7e-m+fp/hard\libgcc.a(_fixunsdfdi.o)
                0x08000f54                __fixunsdfdi
                0x08000f54                __aeabi_d2ulz
 .text          0x08000f90      0x2c4 c:/tools/gcc-arm-none-eabi-9-2019-q4-major/bin/../lib/gcc/arm-none-eabi/9.2.1/thumb/v7e-m+fp/hard\libgcc.a(_udivmoddi4.o)
                0x08000f90                __udivmoddi4
 .text          0x08001254        0x4 c:/tools/gcc-arm-none-eabi-9-2019-q4-major/bin/../lib/gcc/arm-none-eabi/9.2.1/thumb/v7e-m+fp/hard\libgcc.a(_dvmd_tls.o)
                0x08001254                __aeabi_idiv0
                0x08001254                __aeabi_ldiv0
 *(.text*)
 .text.SystemClock_Config
                0x08001258       0x8c build/main.o
                0x08001258                SystemClock_Config
 .text.main     0x080012e4      0x218 build/main.o
                0x080012e4                main
 .text.Error_Handler
                0x080014fc        0x2 build/main.o
                0x080014fc                Error_Handler
 *fill*         0x080014fe        0x2 
 .text.get_frontrightwall_dis_table
                0x08001500       0x80 build/lookuptable.o
                0x08001500                get_frontrightwall_dis_table
 .text.get_frontleftwall_dis_table
                0x08001580       0x80 build/lookuptable.o
                0x08001580                get_frontleftwall_dis_table
 .text.get_sidewall_dis_table
                0x08001600       0x98 build/lookuptable.o
                0x08001600                get_sidewall_dis_table
 .text.Get_diff_right_count
                0x08001698       0x18 build/mouse_state.o
                0x08001698                Get_diff_right_count
 .text.Get_diff_left_count
                0x080016b0       0x18 build/mouse_state.o
                0x080016b0                Get_diff_left_count
 .text.calc_move_speed
                0x080016c8       0xec build/mouse_state.o
                0x080016c8                calc_move_speed
 .text.get_tire_r_speed
                0x080017b4        0xc build/mouse_state.o
                0x080017b4                get_tire_r_speed
 .text.get_tire_r_speed_max
                0x080017c0        0xc build/mouse_state.o
                0x080017c0                get_tire_r_speed_max
 .text.get_tire_r_speed_min
                0x080017cc        0xc build/mouse_state.o
                0x080017cc                get_tire_r_speed_min
 .text.get_tire_l_speed_max
                0x080017d8        0xc build/mouse_state.o
                0x080017d8                get_tire_l_speed_max
 .text.init_tire_speed
                0x080017e4       0x24 build/mouse_state.o
                0x080017e4                init_tire_speed
 .text.get_move_speed
                0x08001808        0xc build/mouse_state.o
                0x08001808                get_move_speed
 *fill*         0x08001814        0x4 
 .text.filter_move_speed
                0x08001818      0x10c build/mouse_state.o
                0x08001818                filter_move_speed
 .text.get_move_speed_ave
                0x08001924        0xc build/mouse_state.o
                0x08001924                get_move_speed_ave
 .text.get_move_accel_ave
                0x08001930        0xc build/mouse_state.o
                0x08001930                get_move_accel_ave
 *fill*         0x0800193c        0x4 
 .text.calc_move_length
                0x08001940       0x44 build/mouse_state.o
                0x08001940                calc_move_length
 .text.get_move_length
                0x08001984        0xc build/mouse_state.o
                0x08001984                get_move_length
 .text.set_move_length
                0x08001990        0xc build/mouse_state.o
                0x08001990                set_move_length
 *fill*         0x0800199c        0x4 
 .text.calc_rotation_speed
                0x080019a0       0x64 build/mouse_state.o
                0x080019a0                calc_rotation_speed
 .text.get_rotation_speed
                0x08001a04        0xc build/mouse_state.o
                0x08001a04                get_rotation_speed
 .text.calc_rotation_angle
                0x08001a10       0x40 build/mouse_state.o
                0x08001a10                calc_rotation_angle
 .text.mouse_state_1ms
                0x08001a50       0x10 build/mouse_state.o
                0x08001a50                mouse_state_1ms
 .text.get_rotation_angle
                0x08001a60        0xc build/mouse_state.o
                0x08001a60                get_rotation_angle
 .text.set_rotation_angle
                0x08001a6c        0xc build/mouse_state.o
                0x08001a6c                set_rotation_angle
 .text.get_target_vol_sum_ctrl
                0x08001a78        0xc build/control.o
                0x08001a78                get_target_vol_sum_ctrl
 .text.get_target_vol_diff_ctrl
                0x08001a84        0xc build/control.o
                0x08001a84                get_target_vol_diff_ctrl
 .text.calc_motor_vol_ctrl
                0x08001a90      0x1a0 build/control.o
                0x08001a90                calc_motor_vol_ctrl
 .text.clr_trace_operate_history
                0x08001c30       0x14 build/control.o
                0x08001c30                clr_trace_operate_history
 *fill*         0x08001c44        0x4 
 .text.adjust_trace_theta
                0x08001c48       0x2c build/control.o
                0x08001c48                adjust_trace_theta
 *fill*         0x08001c74        0x4 
 .text.set_target_side_sensor
                0x08001c78       0x44 build/adjust.o
                0x08001c78                set_target_side_sensor
 .text.get_target_sensor_sr
                0x08001cbc       0x18 build/adjust.o
                0x08001cbc                get_target_sensor_sr
 .text.get_target_sensor_sl
                0x08001cd4       0x18 build/adjust.o
                0x08001cd4                get_target_sensor_sl
 .text.get_side_wall_ctrl_mode
                0x08001cec        0xc build/adjust.o
                0x08001cec                get_side_wall_ctrl_mode
 .text.calc_side_wall_ctrl_mode
                0x08001cf8      0x214 build/adjust.o
                0x08001cf8                calc_side_wall_ctrl_mode
 *fill*         0x08001f0c        0x4 
 .text.get_side_wall_err
                0x08001f10       0xf4 build/adjust.o
                0x08001f10                get_side_wall_err
 .text.calc_motor_vol_side_wall
                0x08002004       0x60 build/adjust.o
                0x08002004                calc_motor_vol_side_wall
 .text.get_target_vol_diff_sidewall
                0x08002064        0xc build/adjust.o
                0x08002064                get_target_vol_diff_sidewall
 .text.calc_motor_vol_front_wall
                0x08002070      0x238 build/adjust.o
                0x08002070                calc_motor_vol_front_wall
 .text.get_target_vol_sum_frontwall
                0x080022a8        0xc build/adjust.o
                0x080022a8                get_target_vol_sum_frontwall
 .text.get_target_vol_diff_frontwall
                0x080022b4        0xc build/adjust.o
                0x080022b4                get_target_vol_diff_frontwall
 .text.clr_frontwall_operate_history
                0x080022c0       0x44 build/adjust.o
                0x080022c0                clr_frontwall_operate_history
 *fill*         0x08002304        0x4 
 .text.fornt_wall_calibrate
                0x08002308      0x164 build/adjust.o
                0x08002308                fornt_wall_calibrate
 .text.calibrate_tim
                0x0800246c       0x38 build/adjust.o
                0x0800246c                calibrate_tim
 .text.adjust_1ms
                0x080024a4       0x18 build/adjust.o
                0x080024a4                adjust_1ms
 .text.move_comp_jud
                0x080024bc       0x2a build/movement.o
                0x080024bc                move_comp_jud
 .text.move_comp_jud_stop
                0x080024e6       0x42 build/movement.o
                0x080024e6                move_comp_jud_stop
 .text.rotate_comp_jud
                0x08002528       0x74 build/movement.o
                0x08002528                rotate_comp_jud
 .text.start_acceleration
                0x0800259c       0x24 build/movement.o
                0x0800259c                start_acceleration
 .text.half_acceleration
                0x080025c0       0x24 build/movement.o
                0x080025c0                half_acceleration
 .text.half_deceleration
                0x080025e4       0x38 build/movement.o
                0x080025e4                half_deceleration
 .text.constant_speed
                0x0800261c       0x24 build/movement.o
                0x0800261c                constant_speed
 .text.turn_clk_90
                0x08002640       0x20 build/movement.o
                0x08002640                turn_clk_90
 .text.turn_conclk_90
                0x08002660       0x20 build/movement.o
                0x08002660                turn_conclk_90
 .text.turn_conclk_180
                0x08002680       0x20 build/movement.o
                0x08002680                turn_conclk_180
 .text.clr_run_first_flg
                0x080026a0        0xc build/movement.o
                0x080026a0                clr_run_first_flg
 .text.clr_wall_flg
                0x080026ac       0x1c build/movement.o
                0x080026ac                clr_wall_flg
 .text.set_front_wall_flg
                0x080026c8        0xc build/movement.o
                0x080026c8                set_front_wall_flg
 .text.set_rigth_wall_flg
                0x080026d4        0xc build/movement.o
                0x080026d4                set_rigth_wall_flg
 .text.set_left_wall_flg
                0x080026e0        0xc build/movement.o
                0x080026e0                set_left_wall_flg
 .text.move_front
                0x080026ec       0x44 build/movement.o
                0x080026ec                move_front
 .text.move_right
                0x08002730       0x70 build/movement.o
                0x08002730                move_right
 .text.move_left
                0x080027a0       0x70 build/movement.o
                0x080027a0                move_left
 .text.move_back
                0x08002810       0xe4 build/movement.o
                0x08002810                move_back
 .text.set_mode_ctrl
                0x080028f4        0xc build/exvol.o
                0x080028f4                set_mode_ctrl
 .text.set_motor_vol_trace
                0x08002900       0x20 build/exvol.o
                0x08002900                set_motor_vol_trace
 .text.set_motor_vol_front_wall
                0x08002920       0x20 build/exvol.o
                0x08002920                set_motor_vol_front_wall
 .text.set_motor_vol_side_wall
                0x08002940      0x170 build/exvol.o
                0x08002940                set_motor_vol_side_wall
 .text.clr_motor_vol
                0x08002ab0       0x14 build/exvol.o
                0x08002ab0                clr_motor_vol
 .text.set_motor_vol
                0x08002ac4       0x2c build/exvol.o
                0x08002ac4                set_motor_vol
 .text.clr_operate_history
                0x08002af0       0x5c build/exvol.o
                0x08002af0                clr_operate_history
 .text.calc_motor_vol
                0x08002b4c       0x40 build/exvol.o
                0x08002b4c                calc_motor_vol
 .text.calc_vol2duty
                0x08002b8c       0x60 build/exvol.o
                0x08002b8c                calc_vol2duty
 .text.motor_duty_adjust
                0x08002bec       0x3c build/exvol.o
                0x08002bec                motor_duty_adjust
 .text.set_motor_duty
                0x08002c28       0x20 build/exvol.o
                0x08002c28                set_motor_duty
 .text.motor_1ms
                0x08002c48       0x1c build/exvol.o
                0x08002c48                motor_1ms
 .text.MX_GPIO_Init
                0x08002c64       0xc0 build/gpio.o
                0x08002c64                MX_GPIO_Init
 .text.MX_ADC1_Init
                0x08002d24       0xd8 build/adc.o
                0x08002d24                MX_ADC1_Init
 .text.HAL_ADC_MspInit
                0x08002dfc       0xd8 build/adc.o
                0x08002dfc                HAL_ADC_MspInit
 .text.MX_DMA_Init
                0x08002ed4       0x88 build/dma.o
                0x08002ed4                MX_DMA_Init
 .text.MX_SPI2_Init
                0x08002f5c       0x48 build/spi.o
                0x08002f5c                MX_SPI2_Init
 .text.HAL_SPI_MspInit
                0x08002fa4       0xec build/spi.o
                0x08002fa4                HAL_SPI_MspInit
 .text.MX_TIM1_Init
                0x08003090      0x128 build/tim.o
                0x08003090                MX_TIM1_Init
 .text.MX_TIM2_Init
                0x080031b8       0x64 build/tim.o
                0x080031b8                MX_TIM2_Init
 .text.MX_TIM3_Init
                0x0800321c       0x68 build/tim.o
                0x0800321c                MX_TIM3_Init
 .text.MX_TIM6_Init
                0x08003284       0x50 build/tim.o
                0x08003284                MX_TIM6_Init
 .text.HAL_TIM_Base_MspInit
                0x080032d4      0x128 build/tim.o
                0x080032d4                HAL_TIM_Base_MspInit
 .text.HAL_TIM_Encoder_MspInit
                0x080033fc       0xe8 build/tim.o
                0x080033fc                HAL_TIM_Encoder_MspInit
 .text.HAL_TIM_MspPostInit
                0x080034e4       0x5c build/tim.o
                0x080034e4                HAL_TIM_MspPostInit
 .text.MX_TIM4_Init
                0x08003540       0xe8 build/tim.o
                0x08003540                MX_TIM4_Init
 .text.MX_USART1_UART_Init
                0x08003628       0x34 build/usart.o
                0x08003628                MX_USART1_UART_Init
 .text.HAL_UART_MspInit
                0x0800365c       0x78 build/usart.o
                0x0800365c                HAL_UART_MspInit
 .text.NMI_Handler
                0x080036d4        0x2 build/stm32f4xx_it.o
                0x080036d4                NMI_Handler
 .text.HardFault_Handler
                0x080036d6        0x2 build/stm32f4xx_it.o
                0x080036d6                HardFault_Handler
 .text.MemManage_Handler
                0x080036d8        0x2 build/stm32f4xx_it.o
                0x080036d8                MemManage_Handler
 .text.BusFault_Handler
                0x080036da        0x2 build/stm32f4xx_it.o
                0x080036da                BusFault_Handler
 .text.UsageFault_Handler
                0x080036dc        0x2 build/stm32f4xx_it.o
                0x080036dc                UsageFault_Handler
 .text.SVC_Handler
                0x080036de        0x2 build/stm32f4xx_it.o
                0x080036de                SVC_Handler
 .text.DebugMon_Handler
                0x080036e0        0x2 build/stm32f4xx_it.o
                0x080036e0                DebugMon_Handler
 .text.PendSV_Handler
                0x080036e2        0x2 build/stm32f4xx_it.o
                0x080036e2                PendSV_Handler
 .text.SysTick_Handler
                0x080036e4        0x8 build/stm32f4xx_it.o
                0x080036e4                SysTick_Handler
 .text.DMA1_Stream3_IRQHandler
                0x080036ec       0x10 build/stm32f4xx_it.o
                0x080036ec                DMA1_Stream3_IRQHandler
 .text.DMA1_Stream4_IRQHandler
                0x080036fc       0x10 build/stm32f4xx_it.o
                0x080036fc                DMA1_Stream4_IRQHandler
 .text.TIM6_DAC_IRQHandler
                0x0800370c       0x1c build/stm32f4xx_it.o
                0x0800370c                TIM6_DAC_IRQHandler
 .text.DMA2_Stream0_IRQHandler
                0x08003728       0x10 build/stm32f4xx_it.o
                0x08003728                DMA2_Stream0_IRQHandler
 .text.DMA2_Stream1_IRQHandler
                0x08003738       0x10 build/stm32f4xx_it.o
                0x08003738                DMA2_Stream1_IRQHandler
 .text.DMA2_Stream2_IRQHandler
                0x08003748       0x10 build/stm32f4xx_it.o
                0x08003748                DMA2_Stream2_IRQHandler
 .text.HAL_MspInit
                0x08003758       0x38 build/stm32f4xx_hal_msp.o
                0x08003758                HAL_MspInit
 .text.SystemInit
                0x08003790       0x4c build/system_stm32f4xx.o
                0x08003790                SystemInit
 .text.Battery_GetVoltage
                0x080037dc       0x24 build/battery.o
                0x080037dc                Battery_GetVoltage
 .text.Communication_Initialize
                0x08003800       0x28 build/communication.o
                0x08003800                Communication_Initialize
 .text.__io_putchar
                0x08003828       0x20 build/communication.o
                0x08003828                __io_putchar
 .text.__io_getchar
                0x08003848       0x28 build/communication.o
                0x08003848                __io_getchar
 .text.get_encordercount_r
                0x08003870        0xa build/encoder.o
                0x08003870                get_encordercount_r
 *fill*         0x0800387a        0x2 
 .text.get_encordercount_l
                0x0800387c        0xc build/encoder.o
                0x0800387c                get_encordercount_l
 .text.Encoder_ResetCount_Left
                0x08003888       0x10 build/encoder.o
                0x08003888                Encoder_ResetCount_Left
 .text.Encoder_ResetCount_Right
                0x08003898        0xc build/encoder.o
                0x08003898                Encoder_ResetCount_Right
 .text.Encoder_Initialize
                0x080038a4       0x24 build/encoder.o
                0x080038a4                Encoder_Initialize
 .text.Encoder_GetAngle_Left
                0x080038c8       0x30 build/encoder.o
                0x080038c8                Encoder_GetAngle_Left
 .text.Encoder_GetAngle_Right
                0x080038f8       0x30 build/encoder.o
                0x080038f8                Encoder_GetAngle_Right
 .text.rt_roundd_snf
                0x08003928       0x88 build/idivide.o
 .text.idivide  0x080039b0       0x88 build/idivide.o
                0x080039b0                idivide
 .text.IMU_Write1byte
                0x08003a38       0x54 build/imu.o
                0x08003a38                IMU_Write1byte
 .text.IMU_Read1byte
                0x08003a8c       0x54 build/imu.o
                0x08003a8c                IMU_Read1byte
 .text.IMU_CheckWHOAMI
                0x08003ae0        0xa build/imu.o
                0x08003ae0                IMU_CheckWHOAMI
 *fill*         0x08003aea        0x2 
 .text.IMU_Initialize
                0x08003aec       0xa4 build/imu.o
                0x08003aec                IMU_Initialize
 .text.HAL_SPI_TxRxCpltCallback
                0x08003b90       0x5c build/imu.o
                0x08003b90                HAL_SPI_TxRxCpltCallback
 .text.IMU_ResetReference
                0x08003bec       0x6c build/imu.o
                0x08003bec                IMU_ResetReference
 .text.IMU_GetAccel_X
                0x08003c58       0x38 build/imu.o
                0x08003c58                IMU_GetAccel_X
 .text.IMU_GetGyro_Z
                0x08003c90       0x44 build/imu.o
                0x08003c90                IMU_GetGyro_Z
 .text.Interrupt_Main
                0x08003cd4      0x128 build/interrupt.o
                0x08003cd4                Interrupt_Main
 .text.Interrupt_Initialize
                0x08003dfc       0x10 build/interrupt.o
                0x08003dfc                Interrupt_Initialize
 .text.Interrupt_PreProcess
                0x08003e0c       0x48 build/interrupt.o
                0x08003e0c                Interrupt_PreProcess
 .text.Interrupt_PostProcess
                0x08003e54       0x3c build/interrupt.o
                0x08003e54                Interrupt_PostProcess
 .text.Interrupt_GetDuty
                0x08003e90        0xc build/interrupt.o
                0x08003e90                Interrupt_GetDuty
 .text.Interrupt_GetDuty_Max
                0x08003e9c        0xc build/interrupt.o
                0x08003e9c                Interrupt_GetDuty_Max
 .text.Interrupt_GetBootTime
                0x08003ea8        0xc build/interrupt.o
                0x08003ea8                Interrupt_GetBootTime
 .text.TIM1_CC2_Callback
                0x08003eb4       0x48 build/ir_sensor.o
                0x08003eb4                TIM1_CC2_Callback
 .text.Sensor_StartADC
                0x08003efc       0x44 build/ir_sensor.o
                0x08003efc                Sensor_StartADC
 .text.Sensor_Initialize
                0x08003f40       0x68 build/ir_sensor.o
                0x08003f40                Sensor_Initialize
 .text.Sensor_StopADC
                0x08003fa8       0x3c build/ir_sensor.o
                0x08003fa8                Sensor_StopADC
 .text.HAL_ADC_ConvCpltCallback
                0x08003fe4       0x6c build/ir_sensor.o
                0x08003fe4                HAL_ADC_ConvCpltCallback
 .text.Sensor_GetBatteryValue
                0x08004050        0xc build/ir_sensor.o
                0x08004050                Sensor_GetBatteryValue
 .text.Sensor_GetValue
                0x0800405c       0x18 build/ir_sensor.o
                0x0800405c                Sensor_GetValue
 *fill*         0x08004074        0x4 
 .text.SensorValue2length
                0x08004078      0x110 build/ir_sensor.o
                0x08004078                SensorValue2length
 .text.Sensor_DebugPrintf
                0x08004188       0x44 build/ir_sensor.o
                0x08004188                Sensor_DebugPrintf
 .text.maze_init
                0x080041cc       0xbc build/maze_init.o
                0x080041cc                maze_init
 .text.fust_run
                0x08004288      0x3b2 build/maze_solve.o
 .text.move_step
                0x0800463a       0x56 build/maze_solve.o
 .text.make_map_find
                0x08004690      0x32c build/maze_solve.o
 .text.search_adachi
                0x080049bc      0xac0 build/maze_solve.o
 .text.make_map_fustrun
                0x0800547c      0x468 build/maze_solve.o
 .text.maze_solve
                0x080058e4      0x238 build/maze_solve.o
                0x080058e4                maze_solve
 .text.get_mode_state
                0x08005b1c        0xc build/mode.o
                0x08005b1c                get_mode_state
 .text.clr_mode_state
                0x08005b28        0xc build/mode.o
                0x08005b28                clr_mode_state
 .text.get_mode_number
                0x08005b34        0xc build/mode.o
                0x08005b34                get_mode_number
 .text.set_mode_number
                0x08005b40        0xc build/mode.o
                0x08005b40                set_mode_number
 .text.mode_select
                0x08005b4c      0x23c build/mode.o
                0x08005b4c                mode_select
 .text.mode_decide_jud
                0x08005d88       0x20 build/mode.o
                0x08005d88                mode_decide_jud
 .text.mode_start
                0x08005da8       0x20 build/mode.o
                0x08005da8                mode_start
 .text.mode_main
                0x08005dc8       0x78 build/mode.o
                0x08005dc8                mode_main
 .text.log_init
                0x08005e40        0xc build/module_test.o
                0x08005e40                log_init
 .text.data_get
                0x08005e4c      0x168 build/module_test.o
                0x08005e4c                data_get
 .text.data_read
                0x08005fb4      0x204 build/module_test.o
                0x08005fb4                data_read
 .text.module_test
                0x080061b8      0x2a0 build/module_test.o
                0x080061b8                module_test
 .text.Motor_Initialize
                0x08006458       0x2c build/motor.o
                0x08006458                Motor_Initialize
 .text.set_duty_l
                0x08006484       0xc8 build/motor.o
                0x08006484                set_duty_l
 .text.set_duty_r
                0x0800654c       0xc8 build/motor.o
                0x0800654c                set_duty_r
 .text.get_duty_r
                0x08006614        0xc build/motor.o
                0x08006614                get_duty_r
 .text.get_duty_l
                0x08006620        0xc build/motor.o
                0x08006620                get_duty_l
 .text.b_rem    0x0800662c       0x28 build/rem.o
                0x0800662c                b_rem
 .text._read    0x08006654       0x20 build/syscalls.o
                0x08006654                _read
 .text._write   0x08006674       0x1c build/syscalls.o
                0x08006674                _write
 .text._close   0x08006690        0x6 build/syscalls.o
                0x08006690                _close
 .text._fstat   0x08006696        0xa build/syscalls.o
                0x08006696                _fstat
 .text._isatty  0x080066a0        0x4 build/syscalls.o
                0x080066a0                _isatty
 .text._lseek   0x080066a4        0x4 build/syscalls.o
                0x080066a4                _lseek
 .text._sbrk    0x080066a8       0x3c build/sysmem.o
                0x080066a8                _sbrk
 .text.set_direction_mode
                0x080066e4        0xc build/target.o
                0x080066e4                set_direction_mode
 .text.set_rotation_mode
                0x080066f0        0xc build/target.o
                0x080066f0                set_rotation_mode
 .text.set_accel_mode
                0x080066fc        0xc build/target.o
                0x080066fc                set_accel_mode
 .text.set_speed_under_lim_flg
                0x08006708        0xc build/target.o
                0x08006708                set_speed_under_lim_flg
 .text.get_target_move_speed
                0x08006714        0xc build/target.o
                0x08006714                get_target_move_speed
 .text.get_target_rotation_speed
                0x08006720        0xc build/target.o
                0x08006720                get_target_rotation_speed
 .text.get_target_length
                0x0800672c        0xc build/target.o
                0x0800672c                get_target_length
 .text.set_ideal_length
                0x08006738        0xc build/target.o
                0x08006738                set_ideal_length
 .text.set_ideal_angle
                0x08006744        0xc build/target.o
                0x08006744                set_ideal_angle
 .text.get_ideal_length
                0x08006750        0xc build/target.o
                0x08006750                get_ideal_length
 .text.get_target_angle
                0x0800675c        0xc build/target.o
                0x0800675c                get_target_angle
 .text.get_ideal_angle
                0x08006768        0xc build/target.o
                0x08006768                get_ideal_angle
 .text.set_target_length
                0x08006774       0x14 build/target.o
                0x08006774                set_target_length
 .text.set_target_angle
                0x08006788       0x14 build/target.o
                0x08006788                set_target_angle
 *fill*         0x0800679c        0x4 
 .text.calc_target_move_accel
                0x080067a0       0xfc build/target.o
                0x080067a0                calc_target_move_accel
 *fill*         0x0800689c        0x4 
 .text.calc_rotate_accel
                0x080068a0       0xf0 build/target.o
                0x080068a0                calc_rotate_accel
 .text.calc_target_move_speed
                0x08006990      0x118 build/target.o
                0x08006990                calc_target_move_speed
 .text.calc_target_rotation_speed
                0x08006aa8       0xe0 build/target.o
                0x08006aa8                calc_target_rotation_speed
 .text.target_1ms
                0x08006b88       0x14 build/target.o
                0x08006b88                target_1ms
 .text.ADC_Init
                0x08006b9c      0x134 build/stm32f4xx_hal_adc.o
 .text.HAL_ADC_Init
                0x08006cd0       0x56 build/stm32f4xx_hal_adc.o
                0x08006cd0                HAL_ADC_Init
 *fill*         0x08006d26        0x2 
 .text.HAL_ADC_Start_DMA
                0x08006d28      0x140 build/stm32f4xx_hal_adc.o
                0x08006d28                HAL_ADC_Start_DMA
 .text.HAL_ADC_ConvHalfCpltCallback
                0x08006e68        0x2 build/stm32f4xx_hal_adc.o
                0x08006e68                HAL_ADC_ConvHalfCpltCallback
 .text.ADC_DMAHalfConvCplt
                0x08006e6a        0xa build/stm32f4xx_hal_adc.o
 .text.HAL_ADC_ErrorCallback
                0x08006e74        0x2 build/stm32f4xx_hal_adc.o
                0x08006e74                HAL_ADC_ErrorCallback
 .text.ADC_DMAError
                0x08006e76       0x16 build/stm32f4xx_hal_adc.o
 .text.ADC_DMAConvCplt
                0x08006e8c       0x72 build/stm32f4xx_hal_adc.o
 *fill*         0x08006efe        0x2 
 .text.HAL_ADC_ConfigChannel
                0x08006f00      0x1a4 build/stm32f4xx_hal_adc.o
                0x08006f00                HAL_ADC_ConfigChannel
 .text.SPI_WaitFlagStateUntilTimeout
                0x080070a4       0x94 build/stm32f4xx_hal_spi.o
 .text.SPI_EndRxTxTransaction
                0x08007138       0x68 build/stm32f4xx_hal_spi.o
 .text.SPI_EndRxTransaction
                0x080071a0       0x8c build/stm32f4xx_hal_spi.o
 .text.HAL_SPI_Init
                0x0800722c       0x80 build/stm32f4xx_hal_spi.o
                0x0800722c                HAL_SPI_Init
 .text.HAL_SPI_Transmit
                0x080072ac      0x1a4 build/stm32f4xx_hal_spi.o
                0x080072ac                HAL_SPI_Transmit
 .text.HAL_SPI_TransmitReceive
                0x08007450      0x238 build/stm32f4xx_hal_spi.o
                0x08007450                HAL_SPI_TransmitReceive
 .text.HAL_SPI_Receive
                0x08007688      0x166 build/stm32f4xx_hal_spi.o
                0x08007688                HAL_SPI_Receive
 *fill*         0x080077ee        0x2 
 .text.HAL_SPI_TransmitReceive_DMA
                0x080077f0      0x150 build/stm32f4xx_hal_spi.o
                0x080077f0                HAL_SPI_TransmitReceive_DMA
 .text.HAL_SPI_RxCpltCallback
                0x08007940        0x2 build/stm32f4xx_hal_spi.o
                0x08007940                HAL_SPI_RxCpltCallback
 .text.HAL_SPI_RxHalfCpltCallback
                0x08007942        0x2 build/stm32f4xx_hal_spi.o
                0x08007942                HAL_SPI_RxHalfCpltCallback
 .text.SPI_DMAHalfReceiveCplt
                0x08007944        0xa build/stm32f4xx_hal_spi.o
 .text.HAL_SPI_TxRxHalfCpltCallback
                0x0800794e        0x2 build/stm32f4xx_hal_spi.o
                0x0800794e                HAL_SPI_TxRxHalfCpltCallback
 .text.SPI_DMAHalfTransmitReceiveCplt
                0x08007950        0xa build/stm32f4xx_hal_spi.o
 .text.HAL_SPI_ErrorCallback
                0x0800795a        0x2 build/stm32f4xx_hal_spi.o
                0x0800795a                HAL_SPI_ErrorCallback
 .text.SPI_DMAError
                0x0800795c       0x22 build/stm32f4xx_hal_spi.o
 .text.SPI_DMAReceiveCplt
                0x0800797e       0x56 build/stm32f4xx_hal_spi.o
 .text.SPI_DMATransmitReceiveCplt
                0x080079d4       0x5c build/stm32f4xx_hal_spi.o
 .text.TIM_OC1_SetConfig
                0x08007a30       0x68 build/stm32f4xx_hal_tim.o
 .text.TIM_OC3_SetConfig
                0x08007a98       0x70 build/stm32f4xx_hal_tim.o
 .text.TIM_OC4_SetConfig
                0x08007b08       0x50 build/stm32f4xx_hal_tim.o
 .text.TIM_TI1_ConfigInputStage
                0x08007b58       0x24 build/stm32f4xx_hal_tim.o
 .text.TIM_TI2_ConfigInputStage
                0x08007b7c       0x26 build/stm32f4xx_hal_tim.o
 .text.TIM_ITRx_SetConfig
                0x08007ba2       0x10 build/stm32f4xx_hal_tim.o
 .text.HAL_TIM_Base_Start_IT
                0x08007bb2       0x22 build/stm32f4xx_hal_tim.o
                0x08007bb2                HAL_TIM_Base_Start_IT
 .text.HAL_TIM_OC_MspInit
                0x08007bd4        0x2 build/stm32f4xx_hal_tim.o
                0x08007bd4                HAL_TIM_OC_MspInit
 .text.HAL_TIM_PWM_MspInit
                0x08007bd6        0x2 build/stm32f4xx_hal_tim.o
                0x08007bd6                HAL_TIM_PWM_MspInit
 .text.HAL_TIM_PeriodElapsedCallback
                0x08007bd8        0x2 build/stm32f4xx_hal_tim.o
                0x08007bd8                HAL_TIM_PeriodElapsedCallback
 .text.HAL_TIM_OC_DelayElapsedCallback
                0x08007bda        0x2 build/stm32f4xx_hal_tim.o
                0x08007bda                HAL_TIM_OC_DelayElapsedCallback
 .text.HAL_TIM_IC_CaptureCallback
                0x08007bdc        0x2 build/stm32f4xx_hal_tim.o
                0x08007bdc                HAL_TIM_IC_CaptureCallback
 .text.HAL_TIM_PWM_PulseFinishedCallback
                0x08007bde        0x2 build/stm32f4xx_hal_tim.o
                0x08007bde                HAL_TIM_PWM_PulseFinishedCallback
 .text.HAL_TIM_TriggerCallback
                0x08007be0        0x2 build/stm32f4xx_hal_tim.o
                0x08007be0                HAL_TIM_TriggerCallback
 .text.HAL_TIM_IRQHandler
                0x08007be2      0x17a build/stm32f4xx_hal_tim.o
                0x08007be2                HAL_TIM_IRQHandler
 .text.TIM_Base_SetConfig
                0x08007d5c       0xc8 build/stm32f4xx_hal_tim.o
                0x08007d5c                TIM_Base_SetConfig
 .text.HAL_TIM_Base_Init
                0x08007e24       0x34 build/stm32f4xx_hal_tim.o
                0x08007e24                HAL_TIM_Base_Init
 .text.HAL_TIM_OC_Init
                0x08007e58       0x34 build/stm32f4xx_hal_tim.o
                0x08007e58                HAL_TIM_OC_Init
 .text.HAL_TIM_PWM_Init
                0x08007e8c       0x34 build/stm32f4xx_hal_tim.o
                0x08007e8c                HAL_TIM_PWM_Init
 .text.HAL_TIM_Encoder_Init
                0x08007ec0       0x9c build/stm32f4xx_hal_tim.o
                0x08007ec0                HAL_TIM_Encoder_Init
 .text.TIM_OC2_SetConfig
                0x08007f5c       0x70 build/stm32f4xx_hal_tim.o
                0x08007f5c                TIM_OC2_SetConfig
 .text.HAL_TIM_OC_ConfigChannel
                0x08007fcc       0x5e build/stm32f4xx_hal_tim.o
                0x08007fcc                HAL_TIM_OC_ConfigChannel
 .text.HAL_TIM_PWM_ConfigChannel
                0x0800802a       0xdc build/stm32f4xx_hal_tim.o
                0x0800802a                HAL_TIM_PWM_ConfigChannel
 .text.TIM_ETR_SetConfig
                0x08008106       0x18 build/stm32f4xx_hal_tim.o
                0x08008106                TIM_ETR_SetConfig
 .text.HAL_TIM_ConfigClockSource
                0x0800811e       0xda build/stm32f4xx_hal_tim.o
                0x0800811e                HAL_TIM_ConfigClockSource
 .text.TIM_CCxChannelCmd
                0x080081f8       0x24 build/stm32f4xx_hal_tim.o
                0x080081f8                TIM_CCxChannelCmd
 .text.HAL_TIM_OC_Start
                0x0800821c       0x40 build/stm32f4xx_hal_tim.o
                0x0800821c                HAL_TIM_OC_Start
 .text.HAL_TIM_PWM_Start
                0x0800825c       0x40 build/stm32f4xx_hal_tim.o
                0x0800825c                HAL_TIM_PWM_Start
 .text.HAL_TIM_PWM_Stop
                0x0800829c       0x68 build/stm32f4xx_hal_tim.o
                0x0800829c                HAL_TIM_PWM_Stop
 .text.HAL_TIM_Encoder_Start
                0x08008304       0x44 build/stm32f4xx_hal_tim.o
                0x08008304                HAL_TIM_Encoder_Start
 .text.HAL_TIMEx_MasterConfigSynchronization
                0x08008348       0x46 build/stm32f4xx_hal_tim_ex.o
                0x08008348                HAL_TIMEx_MasterConfigSynchronization
 .text.HAL_TIMEx_ConfigBreakDeadTime
                0x0800838e       0x52 build/stm32f4xx_hal_tim_ex.o
                0x0800838e                HAL_TIMEx_ConfigBreakDeadTime
 .text.HAL_TIMEx_CommutCallback
                0x080083e0        0x2 build/stm32f4xx_hal_tim_ex.o
                0x080083e0                HAL_TIMEx_CommutCallback
 .text.HAL_TIMEx_BreakCallback
                0x080083e2        0x2 build/stm32f4xx_hal_tim_ex.o
                0x080083e2                HAL_TIMEx_BreakCallback
 .text.UART_SetConfig
                0x080083e4      0x334 build/stm32f4xx_hal_uart.o
 .text.UART_WaitOnFlagUntilTimeout
                0x08008718       0x68 build/stm32f4xx_hal_uart.o
 .text.HAL_UART_Init
                0x08008780       0x5e build/stm32f4xx_hal_uart.o
                0x08008780                HAL_UART_Init
 .text.HAL_UART_Transmit
                0x080087de       0xe0 build/stm32f4xx_hal_uart.o
                0x080087de                HAL_UART_Transmit
 .text.HAL_UART_Receive
                0x080088be       0xe6 build/stm32f4xx_hal_uart.o
                0x080088be                HAL_UART_Receive
 .text.HAL_RCC_GetSysClockFreq
                0x080089a4       0xa0 build/stm32f4xx_hal_rcc.o
                0x080089a4                HAL_RCC_GetSysClockFreq
 .text.HAL_RCC_ClockConfig
                0x08008a44      0x15c build/stm32f4xx_hal_rcc.o
                0x08008a44                HAL_RCC_ClockConfig
 .text.HAL_RCC_GetHCLKFreq
                0x08008ba0        0xc build/stm32f4xx_hal_rcc.o
                0x08008ba0                HAL_RCC_GetHCLKFreq
 .text.HAL_RCC_GetPCLK1Freq
                0x08008bac       0x20 build/stm32f4xx_hal_rcc.o
                0x08008bac                HAL_RCC_GetPCLK1Freq
 .text.HAL_RCC_GetPCLK2Freq
                0x08008bcc       0x20 build/stm32f4xx_hal_rcc.o
                0x08008bcc                HAL_RCC_GetPCLK2Freq
 .text.HAL_RCC_OscConfig
                0x08008bec      0x394 build/stm32f4xx_hal_rcc_ex.o
                0x08008bec                HAL_RCC_OscConfig
 .text.HAL_GPIO_Init
                0x08008f80      0x1c0 build/stm32f4xx_hal_gpio.o
                0x08008f80                HAL_GPIO_Init
 .text.HAL_GPIO_WritePin
                0x08009140        0xc build/stm32f4xx_hal_gpio.o
                0x08009140                HAL_GPIO_WritePin
 .text.DMA_SetConfig
                0x0800914c       0x2c build/stm32f4xx_hal_dma.o
 .text.DMA_CalcBaseAndBitshift
                0x08009178       0x44 build/stm32f4xx_hal_dma.o
 .text.DMA_CheckFifoParam
                0x080091bc       0x8e build/stm32f4xx_hal_dma.o
 *fill*         0x0800924a        0x2 
 .text.HAL_DMA_Init
                0x0800924c       0xcc build/stm32f4xx_hal_dma.o
                0x0800924c                HAL_DMA_Init
 .text.HAL_DMA_Start_IT
                0x08009318       0x74 build/stm32f4xx_hal_dma.o
                0x08009318                HAL_DMA_Start_IT
 .text.HAL_DMA_Abort_IT
                0x0800938c       0x26 build/stm32f4xx_hal_dma.o
                0x0800938c                HAL_DMA_Abort_IT
 *fill*         0x080093b2        0x2 
 .text.HAL_DMA_IRQHandler
                0x080093b4      0x1dc build/stm32f4xx_hal_dma.o
                0x080093b4                HAL_DMA_IRQHandler
 .text.HAL_DMA_RegisterCallback
                0x08009590       0x58 build/stm32f4xx_hal_dma.o
                0x08009590                HAL_DMA_RegisterCallback
 .text.HAL_NVIC_SetPriorityGrouping
                0x080095e8       0x24 build/stm32f4xx_hal_cortex.o
                0x080095e8                HAL_NVIC_SetPriorityGrouping
 .text.HAL_NVIC_SetPriority
                0x0800960c       0x68 build/stm32f4xx_hal_cortex.o
                0x0800960c                HAL_NVIC_SetPriority
 .text.HAL_NVIC_EnableIRQ
                0x08009674       0x1c build/stm32f4xx_hal_cortex.o
                0x08009674                HAL_NVIC_EnableIRQ
 .text.HAL_SYSTICK_Config
                0x08009690       0x2c build/stm32f4xx_hal_cortex.o
                0x08009690                HAL_SYSTICK_Config
 .text.HAL_InitTick
                0x080096bc       0x4c build/stm32f4xx_hal.o
                0x080096bc                HAL_InitTick
 .text.HAL_Init
                0x08009708       0x34 build/stm32f4xx_hal.o
                0x08009708                HAL_Init
 .text.HAL_IncTick
                0x0800973c       0x18 build/stm32f4xx_hal.o
                0x0800973c                HAL_IncTick
 .text.HAL_GetTick
                0x08009754        0xc build/stm32f4xx_hal.o
                0x08009754                HAL_GetTick
 .text.HAL_Delay
                0x08009760       0x28 build/stm32f4xx_hal.o
                0x08009760                HAL_Delay
 .text.Reset_Handler
                0x08009788       0x50 build/startup_stm32f413xx.o
                0x08009788                Reset_Handler
 .text.Default_Handler
                0x080097d8        0x2 build/startup_stm32f413xx.o
                0x080097d8                RTC_Alarm_IRQHandler
                0x080097d8                EXTI2_IRQHandler
                0x080097d8                TIM8_CC_IRQHandler
                0x080097d8                UART8_IRQHandler
                0x080097d8                FMPI2C1_EV_IRQHandler
                0x080097d8                SPI4_IRQHandler
                0x080097d8                TIM1_CC_IRQHandler
                0x080097d8                DMA2_Stream5_IRQHandler
                0x080097d8                DMA1_Stream5_IRQHandler
                0x080097d8                CAN3_RX1_IRQHandler
                0x080097d8                PVD_IRQHandler
                0x080097d8                SDIO_IRQHandler
                0x080097d8                TAMP_STAMP_IRQHandler
                0x080097d8                CAN2_RX1_IRQHandler
                0x080097d8                EXTI3_IRQHandler
                0x080097d8                TIM8_TRG_COM_TIM14_IRQHandler
                0x080097d8                DFSDM1_FLT1_IRQHandler
                0x080097d8                TIM1_UP_TIM10_IRQHandler
                0x080097d8                TIM8_UP_TIM13_IRQHandler
                0x080097d8                I2C3_ER_IRQHandler
                0x080097d8                EXTI0_IRQHandler
                0x080097d8                I2C2_EV_IRQHandler
                0x080097d8                DMA1_Stream2_IRQHandler
                0x080097d8                CAN1_RX0_IRQHandler
                0x080097d8                FPU_IRQHandler
                0x080097d8                CAN3_SCE_IRQHandler
                0x080097d8                CAN2_SCE_IRQHandler
                0x080097d8                SPI1_IRQHandler
                0x080097d8                TIM1_BRK_TIM9_IRQHandler
                0x080097d8                CAN2_RX0_IRQHandler
                0x080097d8                DMA2_Stream3_IRQHandler
                0x080097d8                USART6_IRQHandler
                0x080097d8                CAN3_RX0_IRQHandler
                0x080097d8                USART3_IRQHandler
                0x080097d8                DFSDM2_FLT3_IRQHandler
                0x080097d8                CAN1_RX1_IRQHandler
                0x080097d8                UART5_IRQHandler
                0x080097d8                TIM4_IRQHandler
                0x080097d8                QUADSPI_IRQHandler
                0x080097d8                I2C1_EV_IRQHandler
                0x080097d8                DMA1_Stream6_IRQHandler
                0x080097d8                DMA1_Stream1_IRQHandler
                0x080097d8                UART4_IRQHandler
                0x080097d8                TIM3_IRQHandler
                0x080097d8                RCC_IRQHandler
                0x080097d8                UART9_IRQHandler
                0x080097d8                TIM8_BRK_TIM12_IRQHandler
                0x080097d8                Default_Handler
                0x080097d8                EXTI15_10_IRQHandler
                0x080097d8                ADC_IRQHandler
                0x080097d8                DMA1_Stream7_IRQHandler
                0x080097d8                DFSDM2_FLT0_IRQHandler
                0x080097d8                SPI5_IRQHandler
                0x080097d8                TIM7_IRQHandler
                0x080097d8                CAN2_TX_IRQHandler
                0x080097d8                TIM5_IRQHandler
                0x080097d8                DMA2_Stream7_IRQHandler
                0x080097d8                I2C3_EV_IRQHandler
                0x080097d8                DFSDM2_FLT2_IRQHandler
                0x080097d8                EXTI9_5_IRQHandler
                0x080097d8                RTC_WKUP_IRQHandler
                0x080097d8                SPI2_IRQHandler
                0x080097d8                DMA1_Stream0_IRQHandler
                0x080097d8                CAN1_TX_IRQHandler
                0x080097d8                FMPI2C1_ER_IRQHandler
                0x080097d8                EXTI4_IRQHandler
                0x080097d8                DFSDM2_FLT1_IRQHandler
                0x080097d8                RNG_IRQHandler
                0x080097d8                FSMC_IRQHandler
                0x080097d8                WWDG_IRQHandler
                0x080097d8                CAN3_TX_IRQHandler
                0x080097d8                TIM2_IRQHandler
                0x080097d8                OTG_FS_WKUP_IRQHandler
                0x080097d8                TIM1_TRG_COM_TIM11_IRQHandler
                0x080097d8                EXTI1_IRQHandler
                0x080097d8                UART7_IRQHandler
                0x080097d8                USART2_IRQHandler
                0x080097d8                DFSDM1_FLT0_IRQHandler
                0x080097d8                I2C2_ER_IRQHandler
                0x080097d8                CAN1_SCE_IRQHandler
                0x080097d8                FLASH_IRQHandler
                0x080097d8                DMA2_Stream4_IRQHandler
                0x080097d8                USART1_IRQHandler
                0x080097d8                OTG_FS_IRQHandler
                0x080097d8                SPI3_IRQHandler
                0x080097d8                I2C1_ER_IRQHandler
                0x080097d8                LPTIM1_IRQHandler
                0x080097d8                DMA2_Stream6_IRQHandler
                0x080097d8                UART10_IRQHandler
                0x080097d8                SAI1_IRQHandler
 *fill*         0x080097da        0x2 
 .text.__errno  0x080097dc        0xc c:/tools/gcc-arm-none-eabi-9-2019-q4-major/bin/../lib/gcc/arm-none-eabi/9.2.1/../../../../arm-none-eabi/lib/thumb/v7e-m+fp/hard\libc_nano.a(lib_a-errno.o)
                0x080097dc                __errno
 .text.__sflush_r
                0x080097e8      0x10c c:/tools/gcc-arm-none-eabi-9-2019-q4-major/bin/../lib/gcc/arm-none-eabi/9.2.1/../../../../arm-none-eabi/lib/thumb/v7e-m+fp/hard\libc_nano.a(lib_a-fflush.o)
                0x080097e8                __sflush_r
 .text._fflush_r
                0x080098f4       0x78 c:/tools/gcc-arm-none-eabi-9-2019-q4-major/bin/../lib/gcc/arm-none-eabi/9.2.1/../../../../arm-none-eabi/lib/thumb/v7e-m+fp/hard\libc_nano.a(lib_a-fflush.o)
                0x080098f4                _fflush_r
 .text.fflush   0x0800996c       0x24 c:/tools/gcc-arm-none-eabi-9-2019-q4-major/bin/../lib/gcc/arm-none-eabi/9.2.1/../../../../arm-none-eabi/lib/thumb/v7e-m+fp/hard\libc_nano.a(lib_a-fflush.o)
                0x0800996c                fflush
 .text.std      0x08009990       0x48 c:/tools/gcc-arm-none-eabi-9-2019-q4-major/bin/../lib/gcc/arm-none-eabi/9.2.1/../../../../arm-none-eabi/lib/thumb/v7e-m+fp/hard\libc_nano.a(lib_a-findfp.o)
 .text._cleanup_r
                0x080099d8        0xc c:/tools/gcc-arm-none-eabi-9-2019-q4-major/bin/../lib/gcc/arm-none-eabi/9.2.1/../../../../arm-none-eabi/lib/thumb/v7e-m+fp/hard\libc_nano.a(lib_a-findfp.o)
                0x080099d8                _cleanup_r
 .text.__sfmoreglue
                0x080099e4       0x2c c:/tools/gcc-arm-none-eabi-9-2019-q4-major/bin/../lib/gcc/arm-none-eabi/9.2.1/../../../../arm-none-eabi/lib/thumb/v7e-m+fp/hard\libc_nano.a(lib_a-findfp.o)
                0x080099e4                __sfmoreglue
 .text.__sfp_lock_acquire
                0x08009a10        0xc c:/tools/gcc-arm-none-eabi-9-2019-q4-major/bin/../lib/gcc/arm-none-eabi/9.2.1/../../../../arm-none-eabi/lib/thumb/v7e-m+fp/hard\libc_nano.a(lib_a-findfp.o)
                0x08009a10                __sfp_lock_acquire
 .text.__sfp_lock_release
                0x08009a1c        0xc c:/tools/gcc-arm-none-eabi-9-2019-q4-major/bin/../lib/gcc/arm-none-eabi/9.2.1/../../../../arm-none-eabi/lib/thumb/v7e-m+fp/hard\libc_nano.a(lib_a-findfp.o)
                0x08009a1c                __sfp_lock_release
 .text.__sinit_lock_acquire
                0x08009a28        0xc c:/tools/gcc-arm-none-eabi-9-2019-q4-major/bin/../lib/gcc/arm-none-eabi/9.2.1/../../../../arm-none-eabi/lib/thumb/v7e-m+fp/hard\libc_nano.a(lib_a-findfp.o)
                0x08009a28                __sinit_lock_acquire
 .text.__sinit_lock_release
                0x08009a34        0xc c:/tools/gcc-arm-none-eabi-9-2019-q4-major/bin/../lib/gcc/arm-none-eabi/9.2.1/../../../../arm-none-eabi/lib/thumb/v7e-m+fp/hard\libc_nano.a(lib_a-findfp.o)
                0x08009a34                __sinit_lock_release
 .text.__sinit  0x08009a40       0x70 c:/tools/gcc-arm-none-eabi-9-2019-q4-major/bin/../lib/gcc/arm-none-eabi/9.2.1/../../../../arm-none-eabi/lib/thumb/v7e-m+fp/hard\libc_nano.a(lib_a-findfp.o)
                0x08009a40                __sinit
 .text.__sfp    0x08009ab0       0x8c c:/tools/gcc-arm-none-eabi-9-2019-q4-major/bin/../lib/gcc/arm-none-eabi/9.2.1/../../../../arm-none-eabi/lib/thumb/v7e-m+fp/hard\libc_nano.a(lib_a-findfp.o)
                0x08009ab0                __sfp
 .text._fwalk_reent
                0x08009b3c       0x3e c:/tools/gcc-arm-none-eabi-9-2019-q4-major/bin/../lib/gcc/arm-none-eabi/9.2.1/../../../../arm-none-eabi/lib/thumb/v7e-m+fp/hard\libc_nano.a(lib_a-fwalk.o)
                0x08009b3c                _fwalk_reent
 *fill*         0x08009b7a        0x2 
 .text.__libc_init_array
                0x08009b7c       0x48 c:/tools/gcc-arm-none-eabi-9-2019-q4-major/bin/../lib/gcc/arm-none-eabi/9.2.1/../../../../arm-none-eabi/lib/thumb/v7e-m+fp/hard\libc_nano.a(lib_a-init.o)
                0x08009b7c                __libc_init_array
 .text.__retarget_lock_init_recursive
                0x08009bc4        0x2 c:/tools/gcc-arm-none-eabi-9-2019-q4-major/bin/../lib/gcc/arm-none-eabi/9.2.1/../../../../arm-none-eabi/lib/thumb/v7e-m+fp/hard\libc_nano.a(lib_a-lock.o)
                0x08009bc4                __retarget_lock_init_recursive
 .text.__retarget_lock_acquire_recursive
                0x08009bc6        0x2 c:/tools/gcc-arm-none-eabi-9-2019-q4-major/bin/../lib/gcc/arm-none-eabi/9.2.1/../../../../arm-none-eabi/lib/thumb/v7e-m+fp/hard\libc_nano.a(lib_a-lock.o)
                0x08009bc6                __retarget_lock_acquire_recursive
 .text.__retarget_lock_release_recursive
                0x08009bc8        0x2 c:/tools/gcc-arm-none-eabi-9-2019-q4-major/bin/../lib/gcc/arm-none-eabi/9.2.1/../../../../arm-none-eabi/lib/thumb/v7e-m+fp/hard\libc_nano.a(lib_a-lock.o)
                0x08009bc8                __retarget_lock_release_recursive
 .text.memcpy   0x08009bca       0x1c c:/tools/gcc-arm-none-eabi-9-2019-q4-major/bin/../lib/gcc/arm-none-eabi/9.2.1/../../../../arm-none-eabi/lib/thumb/v7e-m+fp/hard\libc_nano.a(lib_a-memcpy-stub.o)
                0x08009bca                memcpy
 .text.memset   0x08009be6       0x10 c:/tools/gcc-arm-none-eabi-9-2019-q4-major/bin/../lib/gcc/arm-none-eabi/9.2.1/../../../../arm-none-eabi/lib/thumb/v7e-m+fp/hard\libc_nano.a(lib_a-memset.o)
                0x08009be6                memset
 *fill*         0x08009bf6        0x2 
 .text._free_r  0x08009bf8       0xa0 c:/tools/gcc-arm-none-eabi-9-2019-q4-major/bin/../lib/gcc/arm-none-eabi/9.2.1/../../../../arm-none-eabi/lib/thumb/v7e-m+fp/hard\libc_nano.a(lib_a-nano-freer.o)
                0x08009bf8                _free_r
 .text._malloc_r
                0x08009c98       0xb4 c:/tools/gcc-arm-none-eabi-9-2019-q4-major/bin/../lib/gcc/arm-none-eabi/9.2.1/../../../../arm-none-eabi/lib/thumb/v7e-m+fp/hard\libc_nano.a(lib_a-nano-mallocr.o)
                0x08009c98                _malloc_r
 .text.__cvt    0x08009d4c       0xc4 c:/tools/gcc-arm-none-eabi-9-2019-q4-major/bin/../lib/gcc/arm-none-eabi/9.2.1/../../../../arm-none-eabi/lib/thumb/v7e-m+fp/hard\libc_nano.a(lib_a-nano-vfprintf_float.o)
                0x08009d4c                __cvt
 .text.__exponent
                0x08009e10       0x7c c:/tools/gcc-arm-none-eabi-9-2019-q4-major/bin/../lib/gcc/arm-none-eabi/9.2.1/../../../../arm-none-eabi/lib/thumb/v7e-m+fp/hard\libc_nano.a(lib_a-nano-vfprintf_float.o)
                0x08009e10                __exponent
 .text._printf_float
                0x08009e8c      0x46c c:/tools/gcc-arm-none-eabi-9-2019-q4-major/bin/../lib/gcc/arm-none-eabi/9.2.1/../../../../arm-none-eabi/lib/thumb/v7e-m+fp/hard\libc_nano.a(lib_a-nano-vfprintf_float.o)
                0x08009e8c                _printf_float
 .text._printf_common
                0x0800a2f8       0xda c:/tools/gcc-arm-none-eabi-9-2019-q4-major/bin/../lib/gcc/arm-none-eabi/9.2.1/../../../../arm-none-eabi/lib/thumb/v7e-m+fp/hard\libc_nano.a(lib_a-nano-vfprintf_i.o)
                0x0800a2f8                _printf_common
 *fill*         0x0800a3d2        0x2 
 .text._printf_i
                0x0800a3d4      0x24c c:/tools/gcc-arm-none-eabi-9-2019-q4-major/bin/../lib/gcc/arm-none-eabi/9.2.1/../../../../arm-none-eabi/lib/thumb/v7e-m+fp/hard\libc_nano.a(lib_a-nano-vfprintf_i.o)
                0x0800a3d4                _printf_i
 .text._scanf_float
                0x0800a620      0x420 c:/tools/gcc-arm-none-eabi-9-2019-q4-major/bin/../lib/gcc/arm-none-eabi/9.2.1/../../../../arm-none-eabi/lib/thumb/v7e-m+fp/hard\libc_nano.a(lib_a-nano-vfscanf_float.o)
                0x0800a620                _scanf_float
 .text.printf   0x0800aa40       0x30 c:/tools/gcc-arm-none-eabi-9-2019-q4-major/bin/../lib/gcc/arm-none-eabi/9.2.1/../../../../arm-none-eabi/lib/thumb/v7e-m+fp/hard\libc_nano.a(lib_a-printf.o)
                0x0800aa40                iprintf
                0x0800aa40                printf
 .text._puts_r  0x0800aa70       0xdc c:/tools/gcc-arm-none-eabi-9-2019-q4-major/bin/../lib/gcc/arm-none-eabi/9.2.1/../../../../arm-none-eabi/lib/thumb/v7e-m+fp/hard\libc_nano.a(lib_a-puts.o)
                0x0800aa70                _puts_r
 .text.puts     0x0800ab4c       0x10 c:/tools/gcc-arm-none-eabi-9-2019-q4-major/bin/../lib/gcc/arm-none-eabi/9.2.1/../../../../arm-none-eabi/lib/thumb/v7e-m+fp/hard\libc_nano.a(lib_a-puts.o)
                0x0800ab4c                puts
 .text._sbrk_r  0x0800ab5c       0x20 c:/tools/gcc-arm-none-eabi-9-2019-q4-major/bin/../lib/gcc/arm-none-eabi/9.2.1/../../../../arm-none-eabi/lib/thumb/v7e-m+fp/hard\libc_nano.a(lib_a-sbrkr.o)
                0x0800ab5c                _sbrk_r
 .text.setbuf   0x0800ab7c       0x10 c:/tools/gcc-arm-none-eabi-9-2019-q4-major/bin/../lib/gcc/arm-none-eabi/9.2.1/../../../../arm-none-eabi/lib/thumb/v7e-m+fp/hard\libc_nano.a(lib_a-setbuf.o)
                0x0800ab7c                setbuf
 .text.setvbuf  0x0800ab8c      0x18c c:/tools/gcc-arm-none-eabi-9-2019-q4-major/bin/../lib/gcc/arm-none-eabi/9.2.1/../../../../arm-none-eabi/lib/thumb/v7e-m+fp/hard\libc_nano.a(lib_a-setvbuf.o)
                0x0800ab8c                setvbuf
 .text.nanf     0x0800ad18        0xc c:/tools/gcc-arm-none-eabi-9-2019-q4-major/bin/../lib/gcc/arm-none-eabi/9.2.1/../../../../arm-none-eabi/lib/thumb/v7e-m+fp/hard\libc_nano.a(lib_a-sf_nan.o)
                0x0800ad18                nanf
 .text.sprintf  0x0800ad24       0x40 c:/tools/gcc-arm-none-eabi-9-2019-q4-major/bin/../lib/gcc/arm-none-eabi/9.2.1/../../../../arm-none-eabi/lib/thumb/v7e-m+fp/hard\libc_nano.a(lib_a-sprintf.o)
                0x0800ad24                siprintf
                0x0800ad24                sprintf
 .text.__sread  0x0800ad64       0x22 c:/tools/gcc-arm-none-eabi-9-2019-q4-major/bin/../lib/gcc/arm-none-eabi/9.2.1/../../../../arm-none-eabi/lib/thumb/v7e-m+fp/hard\libc_nano.a(lib_a-stdio.o)
                0x0800ad64                __sread
 .text.__swrite
                0x0800ad86       0x38 c:/tools/gcc-arm-none-eabi-9-2019-q4-major/bin/../lib/gcc/arm-none-eabi/9.2.1/../../../../arm-none-eabi/lib/thumb/v7e-m+fp/hard\libc_nano.a(lib_a-stdio.o)
                0x0800ad86                __swrite
 .text.__sseek  0x0800adbe       0x24 c:/tools/gcc-arm-none-eabi-9-2019-q4-major/bin/../lib/gcc/arm-none-eabi/9.2.1/../../../../arm-none-eabi/lib/thumb/v7e-m+fp/hard\libc_nano.a(lib_a-stdio.o)
                0x0800adbe                __sseek
 .text.__sclose
                0x0800ade2        0x8 c:/tools/gcc-arm-none-eabi-9-2019-q4-major/bin/../lib/gcc/arm-none-eabi/9.2.1/../../../../arm-none-eabi/lib/thumb/v7e-m+fp/hard\libc_nano.a(lib_a-stdio.o)
                0x0800ade2                __sclose
 .text.sulp     0x0800adea       0x38 c:/tools/gcc-arm-none-eabi-9-2019-q4-major/bin/../lib/gcc/arm-none-eabi/9.2.1/../../../../arm-none-eabi/lib/thumb/v7e-m+fp/hard\libc_nano.a(lib_a-strtod.o)
 *fill*         0x0800ae22        0x6 
 .text._strtod_l
                0x0800ae28      0xc14 c:/tools/gcc-arm-none-eabi-9-2019-q4-major/bin/../lib/gcc/arm-none-eabi/9.2.1/../../../../arm-none-eabi/lib/thumb/v7e-m+fp/hard\libc_nano.a(lib_a-strtod.o)
                0x0800ae28                _strtod_l
 .text._strtod_r
                0x0800ba3c        0xc c:/tools/gcc-arm-none-eabi-9-2019-q4-major/bin/../lib/gcc/arm-none-eabi/9.2.1/../../../../arm-none-eabi/lib/thumb/v7e-m+fp/hard\libc_nano.a(lib_a-strtod.o)
                0x0800ba3c                _strtod_r
 .text._strtol_l.isra.0
                0x0800ba48       0xf4 c:/tools/gcc-arm-none-eabi-9-2019-q4-major/bin/../lib/gcc/arm-none-eabi/9.2.1/../../../../arm-none-eabi/lib/thumb/v7e-m+fp/hard\libc_nano.a(lib_a-strtol.o)
 .text._strtol_r
                0x0800bb3c        0x4 c:/tools/gcc-arm-none-eabi-9-2019-q4-major/bin/../lib/gcc/arm-none-eabi/9.2.1/../../../../arm-none-eabi/lib/thumb/v7e-m+fp/hard\libc_nano.a(lib_a-strtol.o)
                0x0800bb3c                _strtol_r
 .text.__swbuf_r
                0x0800bb40       0xa4 c:/tools/gcc-arm-none-eabi-9-2019-q4-major/bin/../lib/gcc/arm-none-eabi/9.2.1/../../../../arm-none-eabi/lib/thumb/v7e-m+fp/hard\libc_nano.a(lib_a-wbuf.o)
                0x0800bb40                __swbuf_r
 .text._write_r
                0x0800bbe4       0x24 c:/tools/gcc-arm-none-eabi-9-2019-q4-major/bin/../lib/gcc/arm-none-eabi/9.2.1/../../../../arm-none-eabi/lib/thumb/v7e-m+fp/hard\libc_nano.a(lib_a-writer.o)
                0x0800bbe4                _write_r
 .text.__swsetup_r
                0x0800bc08       0xdc c:/tools/gcc-arm-none-eabi-9-2019-q4-major/bin/../lib/gcc/arm-none-eabi/9.2.1/../../../../arm-none-eabi/lib/thumb/v7e-m+fp/hard\libc_nano.a(lib_a-wsetup.o)
                0x0800bc08                __swsetup_r
 .text._close_r
                0x0800bce4       0x20 c:/tools/gcc-arm-none-eabi-9-2019-q4-major/bin/../lib/gcc/arm-none-eabi/9.2.1/../../../../arm-none-eabi/lib/thumb/v7e-m+fp/hard\libc_nano.a(lib_a-closer.o)
                0x0800bce4                _close_r
 .text.quorem   0x0800bd04      0x116 c:/tools/gcc-arm-none-eabi-9-2019-q4-major/bin/../lib/gcc/arm-none-eabi/9.2.1/../../../../arm-none-eabi/lib/thumb/v7e-m+fp/hard\libc_nano.a(lib_a-dtoa.o)
 *fill*         0x0800be1a        0x6 
 .text._dtoa_r  0x0800be20      0xbbc c:/tools/gcc-arm-none-eabi-9-2019-q4-major/bin/../lib/gcc/arm-none-eabi/9.2.1/../../../../arm-none-eabi/lib/thumb/v7e-m+fp/hard\libc_nano.a(lib_a-dtoa.o)
                0x0800be20                _dtoa_r
 .text.rshift   0x0800c9dc       0xa4 c:/tools/gcc-arm-none-eabi-9-2019-q4-major/bin/../lib/gcc/arm-none-eabi/9.2.1/../../../../arm-none-eabi/lib/thumb/v7e-m+fp/hard\libc_nano.a(lib_a-gdtoa-gethex.o)
 .text.__hexdig_fun
                0x0800ca80       0x2a c:/tools/gcc-arm-none-eabi-9-2019-q4-major/bin/../lib/gcc/arm-none-eabi/9.2.1/../../../../arm-none-eabi/lib/thumb/v7e-m+fp/hard\libc_nano.a(lib_a-gdtoa-gethex.o)
                0x0800ca80                __hexdig_fun
 *fill*         0x0800caaa        0x2 
 .text.__gethex
                0x0800caac      0x468 c:/tools/gcc-arm-none-eabi-9-2019-q4-major/bin/../lib/gcc/arm-none-eabi/9.2.1/../../../../arm-none-eabi/lib/thumb/v7e-m+fp/hard\libc_nano.a(lib_a-gdtoa-gethex.o)
                0x0800caac                __gethex
 .text.L_shift  0x0800cf14       0x24 c:/tools/gcc-arm-none-eabi-9-2019-q4-major/bin/../lib/gcc/arm-none-eabi/9.2.1/../../../../arm-none-eabi/lib/thumb/v7e-m+fp/hard\libc_nano.a(lib_a-gdtoa-hexnan.o)
 .text.__match  0x0800cf38       0x28 c:/tools/gcc-arm-none-eabi-9-2019-q4-major/bin/../lib/gcc/arm-none-eabi/9.2.1/../../../../arm-none-eabi/lib/thumb/v7e-m+fp/hard\libc_nano.a(lib_a-gdtoa-hexnan.o)
                0x0800cf38                __match
 .text.__hexnan
                0x0800cf60      0x138 c:/tools/gcc-arm-none-eabi-9-2019-q4-major/bin/../lib/gcc/arm-none-eabi/9.2.1/../../../../arm-none-eabi/lib/thumb/v7e-m+fp/hard\libc_nano.a(lib_a-gdtoa-hexnan.o)
                0x0800cf60                __hexnan
 .text._localeconv_r
                0x0800d098        0x8 c:/tools/gcc-arm-none-eabi-9-2019-q4-major/bin/../lib/gcc/arm-none-eabi/9.2.1/../../../../arm-none-eabi/lib/thumb/v7e-m+fp/hard\libc_nano.a(lib_a-localeconv.o)
                0x0800d098                _localeconv_r
 .text._lseek_r
                0x0800d0a0       0x24 c:/tools/gcc-arm-none-eabi-9-2019-q4-major/bin/../lib/gcc/arm-none-eabi/9.2.1/../../../../arm-none-eabi/lib/thumb/v7e-m+fp/hard\libc_nano.a(lib_a-lseekr.o)
                0x0800d0a0                _lseek_r
 .text.__swhatbuf_r
                0x0800d0c4       0x48 c:/tools/gcc-arm-none-eabi-9-2019-q4-major/bin/../lib/gcc/arm-none-eabi/9.2.1/../../../../arm-none-eabi/lib/thumb/v7e-m+fp/hard\libc_nano.a(lib_a-makebuf.o)
                0x0800d0c4                __swhatbuf_r
 .text.__smakebuf_r
                0x0800d10c       0x80 c:/tools/gcc-arm-none-eabi-9-2019-q4-major/bin/../lib/gcc/arm-none-eabi/9.2.1/../../../../arm-none-eabi/lib/thumb/v7e-m+fp/hard\libc_nano.a(lib_a-makebuf.o)
                0x0800d10c                __smakebuf_r
 .text.malloc   0x0800d18c       0x10 c:/tools/gcc-arm-none-eabi-9-2019-q4-major/bin/../lib/gcc/arm-none-eabi/9.2.1/../../../../arm-none-eabi/lib/thumb/v7e-m+fp/hard\libc_nano.a(lib_a-malloc.o)
                0x0800d18c                malloc
 .text.__ascii_mbtowc
                0x0800d19c       0x24 c:/tools/gcc-arm-none-eabi-9-2019-q4-major/bin/../lib/gcc/arm-none-eabi/9.2.1/../../../../arm-none-eabi/lib/thumb/v7e-m+fp/hard\libc_nano.a(lib_a-mbtowc_r.o)
                0x0800d19c                __ascii_mbtowc
 .text.__malloc_lock
                0x0800d1c0        0xc c:/tools/gcc-arm-none-eabi-9-2019-q4-major/bin/../lib/gcc/arm-none-eabi/9.2.1/../../../../arm-none-eabi/lib/thumb/v7e-m+fp/hard\libc_nano.a(lib_a-mlock.o)
                0x0800d1c0                __malloc_lock
 .text.__malloc_unlock
                0x0800d1cc        0xc c:/tools/gcc-arm-none-eabi-9-2019-q4-major/bin/../lib/gcc/arm-none-eabi/9.2.1/../../../../arm-none-eabi/lib/thumb/v7e-m+fp/hard\libc_nano.a(lib_a-mlock.o)
                0x0800d1cc                __malloc_unlock
 .text._Balloc  0x0800d1d8       0x68 c:/tools/gcc-arm-none-eabi-9-2019-q4-major/bin/../lib/gcc/arm-none-eabi/9.2.1/../../../../arm-none-eabi/lib/thumb/v7e-m+fp/hard\libc_nano.a(lib_a-mprec.o)
                0x0800d1d8                _Balloc
 .text._Bfree   0x0800d240       0x2e c:/tools/gcc-arm-none-eabi-9-2019-q4-major/bin/../lib/gcc/arm-none-eabi/9.2.1/../../../../arm-none-eabi/lib/thumb/v7e-m+fp/hard\libc_nano.a(lib_a-mprec.o)
                0x0800d240                _Bfree
 .text.__multadd
                0x0800d26e       0x7c c:/tools/gcc-arm-none-eabi-9-2019-q4-major/bin/../lib/gcc/arm-none-eabi/9.2.1/../../../../arm-none-eabi/lib/thumb/v7e-m+fp/hard\libc_nano.a(lib_a-mprec.o)
                0x0800d26e                __multadd
 .text.__s2b    0x0800d2ea       0x7c c:/tools/gcc-arm-none-eabi-9-2019-q4-major/bin/../lib/gcc/arm-none-eabi/9.2.1/../../../../arm-none-eabi/lib/thumb/v7e-m+fp/hard\libc_nano.a(lib_a-mprec.o)
                0x0800d2ea                __s2b
 .text.__hi0bits
                0x0800d366       0x40 c:/tools/gcc-arm-none-eabi-9-2019-q4-major/bin/../lib/gcc/arm-none-eabi/9.2.1/../../../../arm-none-eabi/lib/thumb/v7e-m+fp/hard\libc_nano.a(lib_a-mprec.o)
                0x0800d366                __hi0bits
 .text.__lo0bits
                0x0800d3a6       0x60 c:/tools/gcc-arm-none-eabi-9-2019-q4-major/bin/../lib/gcc/arm-none-eabi/9.2.1/../../../../arm-none-eabi/lib/thumb/v7e-m+fp/hard\libc_nano.a(lib_a-mprec.o)
                0x0800d3a6                __lo0bits
 .text.__i2b    0x0800d406       0x12 c:/tools/gcc-arm-none-eabi-9-2019-q4-major/bin/../lib/gcc/arm-none-eabi/9.2.1/../../../../arm-none-eabi/lib/thumb/v7e-m+fp/hard\libc_nano.a(lib_a-mprec.o)
                0x0800d406                __i2b
 .text.__multiply
                0x0800d418      0x138 c:/tools/gcc-arm-none-eabi-9-2019-q4-major/bin/../lib/gcc/arm-none-eabi/9.2.1/../../../../arm-none-eabi/lib/thumb/v7e-m+fp/hard\libc_nano.a(lib_a-mprec.o)
                0x0800d418                __multiply
 .text.__pow5mult
                0x0800d550       0x9c c:/tools/gcc-arm-none-eabi-9-2019-q4-major/bin/../lib/gcc/arm-none-eabi/9.2.1/../../../../arm-none-eabi/lib/thumb/v7e-m+fp/hard\libc_nano.a(lib_a-mprec.o)
                0x0800d550                __pow5mult
 .text.__lshift
                0x0800d5ec       0xbe c:/tools/gcc-arm-none-eabi-9-2019-q4-major/bin/../lib/gcc/arm-none-eabi/9.2.1/../../../../arm-none-eabi/lib/thumb/v7e-m+fp/hard\libc_nano.a(lib_a-mprec.o)
                0x0800d5ec                __lshift
 .text.__mcmp   0x0800d6aa       0x38 c:/tools/gcc-arm-none-eabi-9-2019-q4-major/bin/../lib/gcc/arm-none-eabi/9.2.1/../../../../arm-none-eabi/lib/thumb/v7e-m+fp/hard\libc_nano.a(lib_a-mprec.o)
                0x0800d6aa                __mcmp
 .text.__mdiff  0x0800d6e2       0xec c:/tools/gcc-arm-none-eabi-9-2019-q4-major/bin/../lib/gcc/arm-none-eabi/9.2.1/../../../../arm-none-eabi/lib/thumb/v7e-m+fp/hard\libc_nano.a(lib_a-mprec.o)
                0x0800d6e2                __mdiff
 *fill*         0x0800d7ce        0x2 
 .text.__ulp    0x0800d7d0       0x58 c:/tools/gcc-arm-none-eabi-9-2019-q4-major/bin/../lib/gcc/arm-none-eabi/9.2.1/../../../../arm-none-eabi/lib/thumb/v7e-m+fp/hard\libc_nano.a(lib_a-mprec.o)
                0x0800d7d0                __ulp
 .text.__b2d    0x0800d828       0xa0 c:/tools/gcc-arm-none-eabi-9-2019-q4-major/bin/../lib/gcc/arm-none-eabi/9.2.1/../../../../arm-none-eabi/lib/thumb/v7e-m+fp/hard\libc_nano.a(lib_a-mprec.o)
                0x0800d828                __b2d
 .text.__d2b    0x0800d8c8       0xa0 c:/tools/gcc-arm-none-eabi-9-2019-q4-major/bin/../lib/gcc/arm-none-eabi/9.2.1/../../../../arm-none-eabi/lib/thumb/v7e-m+fp/hard\libc_nano.a(lib_a-mprec.o)
                0x0800d8c8                __d2b
 .text.__ratio  0x0800d968       0x66 c:/tools/gcc-arm-none-eabi-9-2019-q4-major/bin/../lib/gcc/arm-none-eabi/9.2.1/../../../../arm-none-eabi/lib/thumb/v7e-m+fp/hard\libc_nano.a(lib_a-mprec.o)
                0x0800d968                __ratio
 .text.__copybits
                0x0800d9ce       0x46 c:/tools/gcc-arm-none-eabi-9-2019-q4-major/bin/../lib/gcc/arm-none-eabi/9.2.1/../../../../arm-none-eabi/lib/thumb/v7e-m+fp/hard\libc_nano.a(lib_a-mprec.o)
                0x0800d9ce                __copybits
 .text.__any_on
                0x0800da14       0x42 c:/tools/gcc-arm-none-eabi-9-2019-q4-major/bin/../lib/gcc/arm-none-eabi/9.2.1/../../../../arm-none-eabi/lib/thumb/v7e-m+fp/hard\libc_nano.a(lib_a-mprec.o)
                0x0800da14                __any_on
 .text._calloc_r
                0x0800da56       0x1e c:/tools/gcc-arm-none-eabi-9-2019-q4-major/bin/../lib/gcc/arm-none-eabi/9.2.1/../../../../arm-none-eabi/lib/thumb/v7e-m+fp/hard\libc_nano.a(lib_a-nano-callocr.o)
                0x0800da56                _calloc_r
 .text.__ssputs_r
                0x0800da74       0xb6 c:/tools/gcc-arm-none-eabi-9-2019-q4-major/bin/../lib/gcc/arm-none-eabi/9.2.1/../../../../arm-none-eabi/lib/thumb/v7e-m+fp/hard\libc_nano.a(lib_a-nano-svfprintf.o)
                0x0800da74                __ssputs_r
 *fill*         0x0800db2a        0x2 
 .text._svfprintf_r
                0x0800db2c      0x200 c:/tools/gcc-arm-none-eabi-9-2019-q4-major/bin/../lib/gcc/arm-none-eabi/9.2.1/../../../../arm-none-eabi/lib/thumb/v7e-m+fp/hard\libc_nano.a(lib_a-nano-svfprintf.o)
                0x0800db2c                _svfiprintf_r
                0x0800db2c                _svfprintf_r
 .text.__sfputc_r
                0x0800dd2c       0x2e c:/tools/gcc-arm-none-eabi-9-2019-q4-major/bin/../lib/gcc/arm-none-eabi/9.2.1/../../../../arm-none-eabi/lib/thumb/v7e-m+fp/hard\libc_nano.a(lib_a-nano-vfprintf.o)
 .text.__sfputs_r
                0x0800dd5a       0x24 c:/tools/gcc-arm-none-eabi-9-2019-q4-major/bin/../lib/gcc/arm-none-eabi/9.2.1/../../../../arm-none-eabi/lib/thumb/v7e-m+fp/hard\libc_nano.a(lib_a-nano-vfprintf.o)
                0x0800dd5a                __sfputs_r
 *fill*         0x0800dd7e        0x2 
 .text._vfprintf_r
                0x0800dd80      0x260 c:/tools/gcc-arm-none-eabi-9-2019-q4-major/bin/../lib/gcc/arm-none-eabi/9.2.1/../../../../arm-none-eabi/lib/thumb/v7e-m+fp/hard\libc_nano.a(lib_a-nano-vfprintf.o)
                0x0800dd80                _vfprintf_r
                0x0800dd80                _vfiprintf_r
 .text._read_r  0x0800dfe0       0x24 c:/tools/gcc-arm-none-eabi-9-2019-q4-major/bin/../lib/gcc/arm-none-eabi/9.2.1/../../../../arm-none-eabi/lib/thumb/v7e-m+fp/hard\libc_nano.a(lib_a-readr.o)
                0x0800dfe0                _read_r
 *fill*         0x0800e004        0x4 
 .text.nan      0x0800e008       0x10 c:/tools/gcc-arm-none-eabi-9-2019-q4-major/bin/../lib/gcc/arm-none-eabi/9.2.1/../../../../arm-none-eabi/lib/thumb/v7e-m+fp/hard\libc_nano.a(lib_a-s_nan.o)
                0x0800e008                nan
 .text.strncmp  0x0800e018       0x24 c:/tools/gcc-arm-none-eabi-9-2019-q4-major/bin/../lib/gcc/arm-none-eabi/9.2.1/../../../../arm-none-eabi/lib/thumb/v7e-m+fp/hard\libc_nano.a(lib_a-strncmp.o)
                0x0800e018                strncmp
 .text.__ascii_wctomb
                0x0800e03c       0x1a c:/tools/gcc-arm-none-eabi-9-2019-q4-major/bin/../lib/gcc/arm-none-eabi/9.2.1/../../../../arm-none-eabi/lib/thumb/v7e-m+fp/hard\libc_nano.a(lib_a-wctomb_r.o)
                0x0800e03c                __ascii_wctomb
 *fill*         0x0800e056        0x2 
 .text._fstat_r
                0x0800e058       0x24 c:/tools/gcc-arm-none-eabi-9-2019-q4-major/bin/../lib/gcc/arm-none-eabi/9.2.1/../../../../arm-none-eabi/lib/thumb/v7e-m+fp/hard\libc_nano.a(lib_a-fstatr.o)
                0x0800e058                _fstat_r
 .text._isatty_r
                0x0800e07c       0x20 c:/tools/gcc-arm-none-eabi-9-2019-q4-major/bin/../lib/gcc/arm-none-eabi/9.2.1/../../../../arm-none-eabi/lib/thumb/v7e-m+fp/hard\libc_nano.a(lib_a-isattyr.o)
                0x0800e07c                _isatty_r
 .text.memmove  0x0800e09c       0x34 c:/tools/gcc-arm-none-eabi-9-2019-q4-major/bin/../lib/gcc/arm-none-eabi/9.2.1/../../../../arm-none-eabi/lib/thumb/v7e-m+fp/hard\libc_nano.a(lib_a-memmove.o)
                0x0800e09c                memmove
 .text._realloc_r
                0x0800e0d0       0x4c c:/tools/gcc-arm-none-eabi-9-2019-q4-major/bin/../lib/gcc/arm-none-eabi/9.2.1/../../../../arm-none-eabi/lib/thumb/v7e-m+fp/hard\libc_nano.a(lib_a-nano-reallocr.o)
                0x0800e0d0                _realloc_r
 .text._malloc_usable_size_r
                0x0800e11c       0x10 c:/tools/gcc-arm-none-eabi-9-2019-q4-major/bin/../lib/gcc/arm-none-eabi/9.2.1/../../../../arm-none-eabi/lib/thumb/v7e-m+fp/hard\libc_nano.a(lib_a-nano-msizer.o)
                0x0800e11c                _malloc_usable_size_r
 *fill*         0x0800e12c        0x4 
 .text.ceil     0x0800e130      0x100 c:/tools/gcc-arm-none-eabi-9-2019-q4-major/bin/../lib/gcc/arm-none-eabi/9.2.1/../../../../arm-none-eabi/lib/thumb/v7e-m+fp/hard\libm.a(lib_a-s_ceil.o)
                0x0800e130                ceil
 .text.floor    0x0800e230      0x108 c:/tools/gcc-arm-none-eabi-9-2019-q4-major/bin/../lib/gcc/arm-none-eabi/9.2.1/../../../../arm-none-eabi/lib/thumb/v7e-m+fp/hard\libm.a(lib_a-s_floor.o)
                0x0800e230                floor
 .text.trunc    0x0800e338       0x7c c:/tools/gcc-arm-none-eabi-9-2019-q4-major/bin/../lib/gcc/arm-none-eabi/9.2.1/../../../../arm-none-eabi/lib/thumb/v7e-m+fp/hard\libm.a(lib_a-s_trunc.o)
                0x0800e338                trunc
 .text.log      0x0800e3b4      0x108 c:/tools/gcc-arm-none-eabi-9-2019-q4-major/bin/../lib/gcc/arm-none-eabi/9.2.1/../../../../arm-none-eabi/lib/thumb/v7e-m+fp/hard\libm.a(lib_a-w_log.o)
                0x0800e3b4                log
 *fill*         0x0800e4bc        0x4 
 .text.__ieee754_log
                0x0800e4c0      0x418 c:/tools/gcc-arm-none-eabi-9-2019-q4-major/bin/../lib/gcc/arm-none-eabi/9.2.1/../../../../arm-none-eabi/lib/thumb/v7e-m+fp/hard\libm.a(lib_a-e_log.o)
                0x0800e4c0                __ieee754_log
 .text.matherr  0x0800e8d8        0x4 c:/tools/gcc-arm-none-eabi-9-2019-q4-major/bin/../lib/gcc/arm-none-eabi/9.2.1/../../../../arm-none-eabi/lib/thumb/v7e-m+fp/hard\libm.a(lib_a-s_matherr.o)
                0x0800e8d8                matherr
 *(.glue_7)
 .glue_7        0x0800e8dc        0x0 linker stubs
 *(.glue_7t)
 .glue_7t       0x0800e8dc        0x0 linker stubs
 *(.eh_frame)
 .eh_frame      0x0800e8dc        0x0 c:/tools/gcc-arm-none-eabi-9-2019-q4-major/bin/../lib/gcc/arm-none-eabi/9.2.1/thumb/v7e-m+fp/hard/crtbegin.o
 *(.init)
 .init          0x0800e8dc        0x4 c:/tools/gcc-arm-none-eabi-9-2019-q4-major/bin/../lib/gcc/arm-none-eabi/9.2.1/thumb/v7e-m+fp/hard/crti.o
                0x0800e8dc                _init
 .init          0x0800e8e0        0x8 c:/tools/gcc-arm-none-eabi-9-2019-q4-major/bin/../lib/gcc/arm-none-eabi/9.2.1/thumb/v7e-m+fp/hard/crtn.o
 *(.fini)
 .fini          0x0800e8e8        0x4 c:/tools/gcc-arm-none-eabi-9-2019-q4-major/bin/../lib/gcc/arm-none-eabi/9.2.1/thumb/v7e-m+fp/hard/crti.o
                0x0800e8e8                _fini
 .fini          0x0800e8ec        0x8 c:/tools/gcc-arm-none-eabi-9-2019-q4-major/bin/../lib/gcc/arm-none-eabi/9.2.1/thumb/v7e-m+fp/hard/crtn.o
                0x0800e8f4                . = ALIGN (0x4)
                0x0800e8f4                _etext = .

.vfp11_veneer   0x0800e8f4        0x0
 .vfp11_veneer  0x0800e8f4        0x0 linker stubs

.v4_bx          0x0800e8f4        0x0
 .v4_bx         0x0800e8f4        0x0 linker stubs

.iplt           0x0800e8f4        0x0
 .iplt          0x0800e8f4        0x0 c:/tools/gcc-arm-none-eabi-9-2019-q4-major/bin/../lib/gcc/arm-none-eabi/9.2.1/thumb/v7e-m+fp/hard/crtbegin.o

.rodata         0x0800e8f8      0x774
                0x0800e8f8                . = ALIGN (0x4)
 *(.rodata)
 *(.rodata*)
 .rodata.AHBPrescTable
                0x0800e8f8       0x10 build/system_stm32f4xx.o
                0x0800e8f8                AHBPrescTable
 .rodata.APBPrescTable
                0x0800e908        0x8 build/system_stm32f4xx.o
                0x0800e908                APBPrescTable
 .rodata.IMU_Initialize.str1.4
                0x0800e910        0xc build/imu.o
 .rodata.Sensor_DebugPrintf.str1.4
                0x0800e91c       0x45 build/ir_sensor.o
 *fill*         0x0800e961        0x3 
 .rodata.data_read.str1.4
                0x0800e964      0x18e build/module_test.o
 *fill*         0x0800eaf2        0x2 
 .rodata.module_test.str1.4
                0x0800eaf4      0x23f build/module_test.o
 *fill*         0x0800ed33        0x1 
 .rodata.flagBitshiftOffset.8548
                0x0800ed34        0x8 build/stm32f4xx_hal_dma.o
 .rodata.__sf_fake_stderr
                0x0800ed3c       0x20 c:/tools/gcc-arm-none-eabi-9-2019-q4-major/bin/../lib/gcc/arm-none-eabi/9.2.1/../../../../arm-none-eabi/lib/thumb/v7e-m+fp/hard\libc_nano.a(lib_a-findfp.o)
                0x0800ed3c                __sf_fake_stderr
 .rodata.__sf_fake_stdin
                0x0800ed5c       0x20 c:/tools/gcc-arm-none-eabi-9-2019-q4-major/bin/../lib/gcc/arm-none-eabi/9.2.1/../../../../arm-none-eabi/lib/thumb/v7e-m+fp/hard\libc_nano.a(lib_a-findfp.o)
                0x0800ed5c                __sf_fake_stdin
 .rodata.__sf_fake_stdout
                0x0800ed7c       0x20 c:/tools/gcc-arm-none-eabi-9-2019-q4-major/bin/../lib/gcc/arm-none-eabi/9.2.1/../../../../arm-none-eabi/lib/thumb/v7e-m+fp/hard\libc_nano.a(lib_a-findfp.o)
                0x0800ed7c                __sf_fake_stdout
 .rodata._global_impure_ptr
                0x0800ed9c        0x4 c:/tools/gcc-arm-none-eabi-9-2019-q4-major/bin/../lib/gcc/arm-none-eabi/9.2.1/../../../../arm-none-eabi/lib/thumb/v7e-m+fp/hard\libc_nano.a(lib_a-impure.o)
                0x0800ed9c                _global_impure_ptr
 .rodata._printf_float.str1.1
                0x0800eda0       0x12 c:/tools/gcc-arm-none-eabi-9-2019-q4-major/bin/../lib/gcc/arm-none-eabi/9.2.1/../../../../arm-none-eabi/lib/thumb/v7e-m+fp/hard\libc_nano.a(lib_a-nano-vfprintf_float.o)
 .rodata._printf_i.str1.1
                0x0800edb2       0x22 c:/tools/gcc-arm-none-eabi-9-2019-q4-major/bin/../lib/gcc/arm-none-eabi/9.2.1/../../../../arm-none-eabi/lib/thumb/v7e-m+fp/hard\libc_nano.a(lib_a-nano-vfprintf_i.o)
 .rodata._scanf_float.str1.1
                0x0800edd4        0x5 c:/tools/gcc-arm-none-eabi-9-2019-q4-major/bin/../lib/gcc/arm-none-eabi/9.2.1/../../../../arm-none-eabi/lib/thumb/v7e-m+fp/hard\libc_nano.a(lib_a-nano-vfscanf_float.o)
                                  0x6 (size before relaxing)
 .rodata._strtod_l.str1.1
                0x0800edd9        0x5 c:/tools/gcc-arm-none-eabi-9-2019-q4-major/bin/../lib/gcc/arm-none-eabi/9.2.1/../../../../arm-none-eabi/lib/thumb/v7e-m+fp/hard\libc_nano.a(lib_a-strtod.o)
                                  0xd (size before relaxing)
 *fill*         0x0800edd9        0x3 
 .rodata.fpi.7566
                0x0800eddc       0x14 c:/tools/gcc-arm-none-eabi-9-2019-q4-major/bin/../lib/gcc/arm-none-eabi/9.2.1/../../../../arm-none-eabi/lib/thumb/v7e-m+fp/hard\libc_nano.a(lib_a-strtod.o)
 .rodata.fpinan.7602
                0x0800edf0       0x14 c:/tools/gcc-arm-none-eabi-9-2019-q4-major/bin/../lib/gcc/arm-none-eabi/9.2.1/../../../../arm-none-eabi/lib/thumb/v7e-m+fp/hard\libc_nano.a(lib_a-strtod.o)
 *fill*         0x0800ee04        0x4 
 .rodata.tinytens
                0x0800ee08       0x28 c:/tools/gcc-arm-none-eabi-9-2019-q4-major/bin/../lib/gcc/arm-none-eabi/9.2.1/../../../../arm-none-eabi/lib/thumb/v7e-m+fp/hard\libc_nano.a(lib_a-strtod.o)
 .rodata._ctype_
                0x0800ee30      0x101 c:/tools/gcc-arm-none-eabi-9-2019-q4-major/bin/../lib/gcc/arm-none-eabi/9.2.1/../../../../arm-none-eabi/lib/thumb/v7e-m+fp/hard\libc_nano.a(lib_a-ctype_.o)
                0x0800ee30                _ctype_
 .rodata._dtoa_r.str1.1
                0x0800ef31        0xd c:/tools/gcc-arm-none-eabi-9-2019-q4-major/bin/../lib/gcc/arm-none-eabi/9.2.1/../../../../arm-none-eabi/lib/thumb/v7e-m+fp/hard\libc_nano.a(lib_a-dtoa.o)
                                  0xf (size before relaxing)
 .rodata.str1.1
                0x0800ef3e        0x2 c:/tools/gcc-arm-none-eabi-9-2019-q4-major/bin/../lib/gcc/arm-none-eabi/9.2.1/../../../../arm-none-eabi/lib/thumb/v7e-m+fp/hard\libc_nano.a(lib_a-lnumeric.o)
                                  0x3 (size before relaxing)
 .rodata._C_numeric_locale
                0x0800ef40        0xc c:/tools/gcc-arm-none-eabi-9-2019-q4-major/bin/../lib/gcc/arm-none-eabi/9.2.1/../../../../arm-none-eabi/lib/thumb/v7e-m+fp/hard\libc_nano.a(lib_a-lnumeric.o)
                0x0800ef40                _C_numeric_locale
 .rodata._setlocale_r.str1.1
                0x0800ef4c        0x8 c:/tools/gcc-arm-none-eabi-9-2019-q4-major/bin/../lib/gcc/arm-none-eabi/9.2.1/../../../../arm-none-eabi/lib/thumb/v7e-m+fp/hard\libc_nano.a(lib_a-locale.o)
                                  0x9 (size before relaxing)
 .rodata.str1.1
                0x0800ef54        0x2 c:/tools/gcc-arm-none-eabi-9-2019-q4-major/bin/../lib/gcc/arm-none-eabi/9.2.1/../../../../arm-none-eabi/lib/thumb/v7e-m+fp/hard\libc_nano.a(lib_a-locale.o)
 *fill*         0x0800ef54        0x4 
 .rodata.__mprec_bigtens
                0x0800ef58       0x28 c:/tools/gcc-arm-none-eabi-9-2019-q4-major/bin/../lib/gcc/arm-none-eabi/9.2.1/../../../../arm-none-eabi/lib/thumb/v7e-m+fp/hard\libc_nano.a(lib_a-mprec.o)
                0x0800ef58                __mprec_bigtens
 .rodata.__mprec_tens
                0x0800ef80       0xc8 c:/tools/gcc-arm-none-eabi-9-2019-q4-major/bin/../lib/gcc/arm-none-eabi/9.2.1/../../../../arm-none-eabi/lib/thumb/v7e-m+fp/hard\libc_nano.a(lib_a-mprec.o)
                0x0800ef80                __mprec_tens
 .rodata.p05.7490
                0x0800f048        0xc c:/tools/gcc-arm-none-eabi-9-2019-q4-major/bin/../lib/gcc/arm-none-eabi/9.2.1/../../../../arm-none-eabi/lib/thumb/v7e-m+fp/hard\libc_nano.a(lib_a-mprec.o)
 .rodata._svfprintf_r.str1.1
                0x0800f054       0x11 c:/tools/gcc-arm-none-eabi-9-2019-q4-major/bin/../lib/gcc/arm-none-eabi/9.2.1/../../../../arm-none-eabi/lib/thumb/v7e-m+fp/hard\libc_nano.a(lib_a-nano-svfprintf.o)
 .rodata._vfprintf_r.str1.1
                0x0800f065       0x11 c:/tools/gcc-arm-none-eabi-9-2019-q4-major/bin/../lib/gcc/arm-none-eabi/9.2.1/../../../../arm-none-eabi/lib/thumb/v7e-m+fp/hard\libc_nano.a(lib_a-nano-vfprintf.o)
 *fill*         0x0800f065        0x3 
 .rodata.log.str1.4
                0x0800f068        0x4 c:/tools/gcc-arm-none-eabi-9-2019-q4-major/bin/../lib/gcc/arm-none-eabi/9.2.1/../../../../arm-none-eabi/lib/thumb/v7e-m+fp/hard\libm.a(lib_a-w_log.o)
                                  0x5 (size before relaxing)
                0x0800f06c                . = ALIGN (0x4)

.ARM.extab
 *(.ARM.extab* .gnu.linkonce.armextab.*)

.ARM            0x0800f06c        0x8
                0x0800f06c                __exidx_start = .
 *(.ARM.exidx*)
 .ARM.exidx     0x0800f06c        0x8 c:/tools/gcc-arm-none-eabi-9-2019-q4-major/bin/../lib/gcc/arm-none-eabi/9.2.1/thumb/v7e-m+fp/hard\libgcc.a(_udivmoddi4.o)
                0x0800f074                __exidx_end = .

.rel.dyn        0x0800f074        0x0
 .rel.iplt      0x0800f074        0x0 c:/tools/gcc-arm-none-eabi-9-2019-q4-major/bin/../lib/gcc/arm-none-eabi/9.2.1/thumb/v7e-m+fp/hard/crtbegin.o

.preinit_array  0x0800f074        0x0
                0x0800f074                PROVIDE (__preinit_array_start = .)
 *(.preinit_array*)
                0x0800f074                PROVIDE (__preinit_array_end = .)

.init_array     0x0800f074        0x4
                0x0800f074                PROVIDE (__init_array_start = .)
 *(SORT_BY_NAME(.init_array.*))
 *(.init_array*)
 .init_array    0x0800f074        0x4 c:/tools/gcc-arm-none-eabi-9-2019-q4-major/bin/../lib/gcc/arm-none-eabi/9.2.1/thumb/v7e-m+fp/hard/crtbegin.o
                0x0800f078                PROVIDE (__init_array_end = .)

.fini_array     0x0800f078        0x4
                [!provide]                PROVIDE (__fini_array_start = .)
 *(SORT_BY_NAME(.fini_array.*))
 *(.fini_array*)
 .fini_array    0x0800f078        0x4 c:/tools/gcc-arm-none-eabi-9-2019-q4-major/bin/../lib/gcc/arm-none-eabi/9.2.1/thumb/v7e-m+fp/hard/crtbegin.o