Archive member included to satisfy reference by file (symbol)

c:/tools/gcc-arm-none-eabi-9-2019-q4-major/bin/../lib/gcc/arm-none-eabi/9.2.1/../../../../arm-none-eabi/lib/thumb/v7e-m+fp/hard\libc_nano.a(lib_a-errno.o)
                              build/syscalls.o (__errno)
c:/tools/gcc-arm-none-eabi-9-2019-q4-major/bin/../lib/gcc/arm-none-eabi/9.2.1/../../../../arm-none-eabi/lib/thumb/v7e-m+fp/hard\libc_nano.a(lib_a-exit.o)
                              c:/tools/gcc-arm-none-eabi-9-2019-q4-major/bin/../lib/gcc/arm-none-eabi/9.2.1/../../../../arm-none-eabi/lib/thumb/v7e-m+fp/hard/crt0.o (exit)
c:/tools/gcc-arm-none-eabi-9-2019-q4-major/bin/../lib/gcc/arm-none-eabi/9.2.1/../../../../arm-none-eabi/lib/thumb/v7e-m+fp/hard\libc_nano.a(lib_a-fflush.o)
                              build/module_test.o (fflush)
c:/tools/gcc-arm-none-eabi-9-2019-q4-major/bin/../lib/gcc/arm-none-eabi/9.2.1/../../../../arm-none-eabi/lib/thumb/v7e-m+fp/hard\libc_nano.a(lib_a-findfp.o)
                              c:/tools/gcc-arm-none-eabi-9-2019-q4-major/bin/../lib/gcc/arm-none-eabi/9.2.1/../../../../arm-none-eabi/lib/thumb/v7e-m+fp/hard\libc_nano.a(lib_a-fflush.o) (__sinit)
c:/tools/gcc-arm-none-eabi-9-2019-q4-major/bin/../lib/gcc/arm-none-eabi/9.2.1/../../../../arm-none-eabi/lib/thumb/v7e-m+fp/hard\libc_nano.a(lib_a-fwalk.o)
                              c:/tools/gcc-arm-none-eabi-9-2019-q4-major/bin/../lib/gcc/arm-none-eabi/9.2.1/../../../../arm-none-eabi/lib/thumb/v7e-m+fp/hard\libc_nano.a(lib_a-findfp.o) (_fwalk)
c:/tools/gcc-arm-none-eabi-9-2019-q4-major/bin/../lib/gcc/arm-none-eabi/9.2.1/../../../../arm-none-eabi/lib/thumb/v7e-m+fp/hard\libc_nano.a(lib_a-impure.o)
                              c:/tools/gcc-arm-none-eabi-9-2019-q4-major/bin/../lib/gcc/arm-none-eabi/9.2.1/../../../../arm-none-eabi/lib/thumb/v7e-m+fp/hard\libc_nano.a(lib_a-exit.o) (_global_impure_ptr)
c:/tools/gcc-arm-none-eabi-9-2019-q4-major/bin/../lib/gcc/arm-none-eabi/9.2.1/../../../../arm-none-eabi/lib/thumb/v7e-m+fp/hard\libc_nano.a(lib_a-init.o)
                              c:/tools/gcc-arm-none-eabi-9-2019-q4-major/bin/../lib/gcc/arm-none-eabi/9.2.1/../../../../arm-none-eabi/lib/thumb/v7e-m+fp/hard/crt0.o (__libc_init_array)
c:/tools/gcc-arm-none-eabi-9-2019-q4-major/bin/../lib/gcc/arm-none-eabi/9.2.1/../../../../arm-none-eabi/lib/thumb/v7e-m+fp/hard\libc_nano.a(lib_a-lock.o)
                              c:/tools/gcc-arm-none-eabi-9-2019-q4-major/bin/../lib/gcc/arm-none-eabi/9.2.1/../../../../arm-none-eabi/lib/thumb/v7e-m+fp/hard\libc_nano.a(lib_a-findfp.o) (__retarget_lock_init_recursive)
c:/tools/gcc-arm-none-eabi-9-2019-q4-major/bin/../lib/gcc/arm-none-eabi/9.2.1/../../../../arm-none-eabi/lib/thumb/v7e-m+fp/hard\libc_nano.a(lib_a-memcpy-stub.o)
                              build/maze_init.o (memcpy)
c:/tools/gcc-arm-none-eabi-9-2019-q4-major/bin/../lib/gcc/arm-none-eabi/9.2.1/../../../../arm-none-eabi/lib/thumb/v7e-m+fp/hard\libc_nano.a(lib_a-memset.o)
                              c:/tools/gcc-arm-none-eabi-9-2019-q4-major/bin/../lib/gcc/arm-none-eabi/9.2.1/../../../../arm-none-eabi/lib/thumb/v7e-m+fp/hard/crt0.o (memset)
c:/tools/gcc-arm-none-eabi-9-2019-q4-major/bin/../lib/gcc/arm-none-eabi/9.2.1/../../../../arm-none-eabi/lib/thumb/v7e-m+fp/hard\libc_nano.a(lib_a-nano-freer.o)
                              c:/tools/gcc-arm-none-eabi-9-2019-q4-major/bin/../lib/gcc/arm-none-eabi/9.2.1/../../../../arm-none-eabi/lib/thumb/v7e-m+fp/hard\libc_nano.a(lib_a-fflush.o) (_free_r)
c:/tools/gcc-arm-none-eabi-9-2019-q4-major/bin/../lib/gcc/arm-none-eabi/9.2.1/../../../../arm-none-eabi/lib/thumb/v7e-m+fp/hard\libc_nano.a(lib_a-nano-mallocr.o)
                              c:/tools/gcc-arm-none-eabi-9-2019-q4-major/bin/../lib/gcc/arm-none-eabi/9.2.1/../../../../arm-none-eabi/lib/thumb/v7e-m+fp/hard\libc_nano.a(lib_a-findfp.o) (_malloc_r)
c:/tools/gcc-arm-none-eabi-9-2019-q4-major/bin/../lib/gcc/arm-none-eabi/9.2.1/../../../../arm-none-eabi/lib/thumb/v7e-m+fp/hard\libc_nano.a(lib_a-nano-vfprintf_float.o)
                              (_printf_float)
c:/tools/gcc-arm-none-eabi-9-2019-q4-major/bin/../lib/gcc/arm-none-eabi/9.2.1/../../../../arm-none-eabi/lib/thumb/v7e-m+fp/hard\libc_nano.a(lib_a-nano-vfprintf_i.o)
                              c:/tools/gcc-arm-none-eabi-9-2019-q4-major/bin/../lib/gcc/arm-none-eabi/9.2.1/../../../../arm-none-eabi/lib/thumb/v7e-m+fp/hard\libc_nano.a(lib_a-nano-vfprintf_float.o) (_printf_common)
c:/tools/gcc-arm-none-eabi-9-2019-q4-major/bin/../lib/gcc/arm-none-eabi/9.2.1/../../../../arm-none-eabi/lib/thumb/v7e-m+fp/hard\libc_nano.a(lib_a-nano-vfscanf_float.o)
                              (_scanf_float)
c:/tools/gcc-arm-none-eabi-9-2019-q4-major/bin/../lib/gcc/arm-none-eabi/9.2.1/../../../../arm-none-eabi/lib/thumb/v7e-m+fp/hard\libc_nano.a(lib_a-printf.o)
                              build/imu.o (printf)
[...]
Memory Configuration

Name             Origin             Length             Attributes
RAM              0x20000000         0x00050000         xrw
FLASH            0x08000000         0x00180000         xr
*default*        0x00000000         0xffffffff

Linker script and memory map

LOAD c:/tools/gcc-arm-none-eabi-9-2019-q4-major/bin/../lib/gcc/arm-none-eabi/9.2.1/thumb/v7e-m+fp/hard/crti.o
LOAD c:/tools/gcc-arm-none-eabi-9-2019-q4-major/bin/../lib/gcc/arm-none-eabi/9.2.1/thumb/v7e-m+fp/hard/crtbegin.o
LOAD c:/tools/gcc-arm-none-eabi-9-2019-q4-major/bin/../lib/gcc/arm-none-eabi/9.2.1/../../../../arm-none-eabi/lib/thumb/v7e-m+fp/hard/crt0.o
LOAD build/main.o
LOAD build/lookuptable.o
LOAD build/mouse_state.o
LOAD build/control.o
LOAD build/adjust.o
LOAD build/movement.o
LOAD build/exvol.o
LOAD build/gpio.o
LOAD build/adc.o
LOAD build/dma.o
LOAD build/spi.o
LOAD build/tim.o
LOAD build/usart.o
LOAD build/stm32f4xx_it.o
LOAD build/stm32f4xx_hal_msp.o
LOAD build/system_stm32f4xx.o
LOAD build/battery.o
LOAD build/communication.o
LOAD build/delay.o
LOAD build/encoder.o
LOAD build/idivide.o
LOAD build/imu.o
LOAD build/interrupt.o
LOAD build/ir_sensor.o
LOAD build/matlab_code_gen_data.o
LOAD build/matlab_code_gen_initialize.o
LOAD build/matlab_code_gen_rtwutil.o
LOAD build/matlab_code_gen_terminate.o
LOAD build/maze_init.o
LOAD build/maze_solve.o
LOAD build/maze.o
LOAD build/mode.o
LOAD build/module_test.o
LOAD build/motor.o
LOAD build/rem.o
LOAD build/syscalls.o
LOAD build/sysmem.o
LOAD build/target.o
LOAD build/stm32f4xx_hal_adc.o
LOAD build/stm32f4xx_hal_adc_ex.o
LOAD build/stm32f4xx_hal_spi.o
LOAD build/stm32f4xx_hal_tim.o
LOAD build/stm32f4xx_hal_tim_ex.o
LOAD build/stm32f4xx_hal_uart.o
LOAD build/stm32f4xx_hal_rcc.o
LOAD build/stm32f4xx_hal_rcc_ex.o
LOAD build/stm32f4xx_hal_flash.o
LOAD build/stm32f4xx_hal_flash_ex.o
LOAD build/stm32f4xx_hal_flash_ramfunc.o
LOAD build/stm32f4xx_hal_gpio.o
LOAD build/stm32f4xx_hal_dma_ex.o
LOAD build/stm32f4xx_hal_dma.o
LOAD build/stm32f4xx_hal_pwr.o
LOAD build/stm32f4xx_hal_pwr_ex.o
LOAD build/stm32f4xx_hal_cortex.o
LOAD build/stm32f4xx_hal.o
LOAD build/stm32f4xx_hal_exti.o
LOAD build/startup_stm32f413xx.o
LOAD c:/tools/gcc-arm-none-eabi-9-2019-q4-major/bin/../lib/gcc/arm-none-eabi/9.2.1/../../../../arm-none-eabi/lib/thumb/v7e-m+fp/hard\libc_nano.a
LOAD c:/tools/gcc-arm-none-eabi-9-2019-q4-major/bin/../lib/gcc/arm-none-eabi/9.2.1/../../../../arm-none-eabi/lib/thumb/v7e-m+fp/hard\libm.a
LOAD c:/tools/gcc-arm-none-eabi-9-2019-q4-major/bin/../lib/gcc/arm-none-eabi/9.2.1/../../../../arm-none-eabi/lib/thumb/v7e-m+fp/hard\libnosys.a
START GROUP
LOAD c:/tools/gcc-arm-none-eabi-9-2019-q4-major/bin/../lib/gcc/arm-none-eabi/9.2.1/thumb/v7e-m+fp/hard\libgcc.a
LOAD c:/tools/gcc-arm-none-eabi-9-2019-q4-major/bin/../lib/gcc/arm-none-eabi/9.2.1/../../../../arm-none-eabi/lib/thumb/v7e-m+fp/hard\libc_nano.a
END GROUP
START GROUP
LOAD c:/tools/gcc-arm-none-eabi-9-2019-q4-major/bin/../lib/gcc/arm-none-eabi/9.2.1/thumb/v7e-m+fp/hard\libgcc.a
LOAD c:/tools/gcc-arm-none-eabi-9-2019-q4-major/bin/../lib/gcc/arm-none-eabi/9.2.1/../../../../arm-none-eabi/lib/thumb/v7e-m+fp/hard\libc_nano.a
END GROUP
LOAD c:/tools/gcc-arm-none-eabi-9-2019-q4-major/bin/../lib/gcc/arm-none-eabi/9.2.1/thumb/v7e-m+fp/hard/crtend.o
LOAD c:/tools/gcc-arm-none-eabi-9-2019-q4-major/bin/../lib/gcc/arm-none-eabi/9.2.1/thumb/v7e-m+fp/hard/crtn.o
                0x20050000                _estack = 0x20050000
                0x00000200                _Min_Heap_Size = 0x200
                0x00000400                _Min_Stack_Size = 0x400

.isr_vector     0x08000000      0x1d8
                0x08000000                . = ALIGN (0x4)
 *(.isr_vector)
 .isr_vector    0x08000000      0x1d8 build/startup_stm32f413xx.o
                0x08000000                g_pfnVectors
                0x080001d8                . = ALIGN (0x4)

.text           0x080001e0     0xe2dc
                0x080001e0                . = ALIGN (0x4)
 *(.text)
 .text          0x080001e0       0x40 c:/tools/gcc-arm-none-eabi-9-2019-q4-major/bin/../lib/gcc/arm-none-eabi/9.2.1/thumb/v7e-m+fp/hard/crtbegin.o
 .text          0x08000220       0x10 c:/tools/gcc-arm-none-eabi-9-2019-q4-major/bin/../lib/gcc/arm-none-eabi/9.2.1/../../../../arm-none-eabi/lib/thumb/v7e-m+fp/hard\libc_nano.a(lib_a-strlen.o)
                0x08000220                strlen
 .text          0x08000230       0xa0 c:/tools/gcc-arm-none-eabi-9-2019-q4-major/bin/../lib/gcc/arm-none-eabi/9.2.1/../../../../arm-none-eabi/lib/thumb/v7e-m+fp/hard\libc_nano.a(lib_a-memchr.o)
                0x08000230                memchr
 .text          0x080002d0      0x378 c:/tools/gcc-arm-none-eabi-9-2019-q4-major/bin/../lib/gcc/arm-none-eabi/9.2.1/thumb/v7e-m+fp/hard\libgcc.a(_arm_addsubdf3.o)
                0x080002d0                __aeabi_drsub
                0x080002d8                __aeabi_dsub
                0x080002d8                __subdf3
                0x080002dc                __aeabi_dadd
                0x080002dc                __adddf3
                0x08000554                __floatunsidf
                0x08000554                __aeabi_ui2d
                0x08000574                __floatsidf
                0x08000574                __aeabi_i2d
                0x08000598                __aeabi_f2d
                0x08000598                __extendsfdf2
                0x080005dc                __floatundidf
                0x080005dc                __aeabi_ul2d
                0x080005ec                __floatdidf
                0x080005ec                __aeabi_l2d
 .text          0x08000648      0x424 c:/tools/gcc-arm-none-eabi-9-2019-q4-major/bin/../lib/gcc/arm-none-eabi/9.2.1/thumb/v7e-m+fp/hard\libgcc.a(_arm_muldivdf3.o)
                0x08000648                __aeabi_dmul
                0x08000648                __muldf3
                0x0800089c                __divdf3
                0x0800089c                __aeabi_ddiv
 .text          0x08000a6c      0x110 c:/tools/gcc-arm-none-eabi-9-2019-q4-major/bin/../lib/gcc/arm-none-eabi/9.2.1/thumb/v7e-m+fp/hard\libgcc.a(_arm_cmpdf2.o)
                0x08000a6c                __gtdf2
                0x08000a6c                __gedf2
                0x08000a74                __ltdf2
                0x08000a74                __ledf2
                0x08000a7c                __nedf2
                0x08000a7c                __eqdf2
                0x08000a7c                __cmpdf2
                0x08000af8                __aeabi_cdrcmple
                0x08000b08                __aeabi_cdcmpeq
                0x08000b08                __aeabi_cdcmple
                0x08000b18                __aeabi_dcmpeq
                0x08000b2c                __aeabi_dcmplt
                0x08000b40                __aeabi_dcmple
                0x08000b54                __aeabi_dcmpge
                0x08000b68                __aeabi_dcmpgt
 .text          0x08000b7c       0x2c c:/tools/gcc-arm-none-eabi-9-2019-q4-major/bin/../lib/gcc/arm-none-eabi/9.2.1/thumb/v7e-m+fp/hard\libgcc.a(_arm_unorddf2.o)
                0x08000b7c                __unorddf2
                0x08000b7c                __aeabi_dcmpun
 .text          0x08000ba8       0x50 c:/tools/gcc-arm-none-eabi-9-2019-q4-major/bin/../lib/gcc/arm-none-eabi/9.2.1/thumb/v7e-m+fp/hard\libgcc.a(_arm_fixdfsi.o)
                0x08000ba8                __aeabi_d2iz
                0x08000ba8                __fixdfsi
 .text          0x08000bf8       0x40 c:/tools/gcc-arm-none-eabi-9-2019-q4-major/bin/../lib/gcc/arm-none-eabi/9.2.1/thumb/v7e-m+fp/hard\libgcc.a(_arm_fixunsdfsi.o)
                0x08000bf8                __aeabi_d2uiz
                0x08000bf8                __fixunsdfsi
 .text          0x08000c38       0xa0 c:/tools/gcc-arm-none-eabi-9-2019-q4-major/bin/../lib/gcc/arm-none-eabi/9.2.1/thumb/v7e-m+fp/hard\libgcc.a(_arm_truncdfsf2.o)
                0x08000c38                __truncdfsf2
                0x08000c38                __aeabi_d2f
 .text          0x08000cd8      0x21c c:/tools/gcc-arm-none-eabi-9-2019-q4-major/bin/../lib/gcc/arm-none-eabi/9.2.1/thumb/v7e-m+fp/hard\libgcc.a(_arm_addsubsf3.o)
                0x08000cd8                __aeabi_frsub
                0x08000ce0                __subsf3
                0x08000ce0                __aeabi_fsub
                0x08000ce4                __aeabi_fadd
                0x08000ce4                __addsf3
                0x08000e44                __aeabi_ui2f
                0x08000e44                __floatunsisf
                0x08000e4c                __aeabi_i2f
                0x08000e4c                __floatsisf
                0x08000e68                __aeabi_ul2f
                0x08000e68                __floatundisf
                0x08000e78                __aeabi_l2f
                0x08000e78                __floatdisf
 .text          0x08000ef4       0x30 c:/tools/gcc-arm-none-eabi-9-2019-q4-major/bin/../lib/gcc/arm-none-eabi/9.2.1/thumb/v7e-m+fp/hard\libgcc.a(_aeabi_uldivmod.o)
                0x08000ef4                __aeabi_uldivmod
 .text          0x08000f24       0x30 c:/tools/gcc-arm-none-eabi-9-2019-q4-major/bin/../lib/gcc/arm-none-eabi/9.2.1/thumb/v7e-m+fp/hard\libgcc.a(_fixdfdi.o)
                0x08000f24                __fixdfdi
                0x08000f24                __aeabi_d2lz
 .text          0x08000f54       0x3c c:/tools/gcc-arm-none-eabi-9-2019-q4-major/bin/../lib/gcc/arm-none-eabi/9.2.1/thumb/v7e-m+fp/hard\libgcc.a(_fixunsdfdi.o)
                0x08000f54                __fixunsdfdi
                0x08000f54                __aeabi_d2ulz
 .text          0x08000f90      0x2c4 c:/tools/gcc-arm-none-eabi-9-2019-q4-major/bin/../lib/gcc/arm-none-eabi/9.2.1/thumb/v7e-m+fp/hard\libgcc.a(_udivmoddi4.o)
                0x08000f90                __udivmoddi4
 .text          0x08001254        0x4 c:/tools/gcc-arm-none-eabi-9-2019-q4-major/bin/../lib/gcc/arm-none-eabi/9.2.1/thumb/v7e-m+fp/hard\libgcc.a(_dvmd_tls.o)
                0x08001254                __aeabi_idiv0
                0x08001254                __aeabi_ldiv0
 *(.text*)
 .text.SystemClock_Config
                0x08001258       0x8c build/main.o
                0x08001258                SystemClock_Config
 .text.main     0x080012e4      0x1c8 build/main.o
                0x080012e4                main
 .text.Error_Handler
                0x080014ac        0x2 build/main.o
                0x080014ac                Error_Handler
 *fill*         0x080014ae        0x2 
 .text.get_frontrightwall_dis_table
                0x080014b0       0x80 build/lookuptable.o
                0x080014b0                get_frontrightwall_dis_table
 .text.get_frontleftwall_dis_table
                0x08001530       0x80 build/lookuptable.o
                0x08001530                get_frontleftwall_dis_table
 .text.get_sidewall_dis_table
                0x080015b0       0x98 build/lookuptable.o
                0x080015b0                get_sidewall_dis_table
 .text.Get_diff_right_count
                0x08001648       0x18 build/mouse_state.o
                0x08001648                Get_diff_right_count
 .text.Get_diff_left_count
                0x08001660       0x18 build/mouse_state.o
                0x08001660                Get_diff_left_count
 .text.calc_move_speed
                0x08001678       0xec build/mouse_state.o
                0x08001678                calc_move_speed
 .text.get_tire_r_speed
                0x08001764        0xc build/mouse_state.o
                0x08001764                get_tire_r_speed
 .text.get_tire_r_speed_max
                0x08001770        0xc build/mouse_state.o
                0x08001770                get_tire_r_speed_max
 .text.get_tire_r_speed_min
                0x0800177c        0xc build/mouse_state.o
                0x0800177c                get_tire_r_speed_min
 .text.get_tire_l_speed_max
                0x08001788        0xc build/mouse_state.o
                0x08001788                get_tire_l_speed_max
 .text.init_tire_speed
                0x08001794       0x24 build/mouse_state.o
                0x08001794                init_tire_speed
 .text.get_move_speed
                0x080017b8        0xc build/mouse_state.o
                0x080017b8                get_move_speed
 *fill*         0x080017c4        0x4 
 .text.filter_move_speed
                0x080017c8      0x10c build/mouse_state.o
                0x080017c8                filter_move_speed
 .text.get_move_speed_ave
                0x080018d4        0xc build/mouse_state.o
                0x080018d4                get_move_speed_ave
 .text.calc_move_length
                0x080018e0       0x44 build/mouse_state.o
                0x080018e0                calc_move_length
 .text.get_move_length
                0x08001924        0xc build/mouse_state.o
                0x08001924                get_move_length
 .text.set_move_length
                0x08001930        0xc build/mouse_state.o
                0x08001930                set_move_length
 .text.calc_rotation_speed
                0x0800193c       0x14 build/mouse_state.o
                0x0800193c                calc_rotation_speed
 .text.get_rotation_speed
                0x08001950        0xc build/mouse_state.o
                0x08001950                get_rotation_speed
 *fill*         0x0800195c        0x4 
 .text.calc_rotation_angle
                0x08001960       0x40 build/mouse_state.o
                0x08001960                calc_rotation_angle
 .text.mouse_state_1ms
                0x080019a0       0x10 build/mouse_state.o
                0x080019a0                mouse_state_1ms
 .text.get_rotation_angle
                0x080019b0        0xc build/mouse_state.o
                0x080019b0                get_rotation_angle
 .text.set_rotation_angle
                0x080019bc        0xc build/mouse_state.o
                0x080019bc                set_rotation_angle
 .text.get_target_vol_sum_ctrl
                0x080019c8        0xc build/control.o
                0x080019c8                get_target_vol_sum_ctrl
 .text.get_target_vol_diff_ctrl
                0x080019d4        0xc build/control.o
                0x080019d4                get_target_vol_diff_ctrl
 .text.calc_motor_vol_ctrl
                0x080019e0       0xd8 build/control.o
                0x080019e0                calc_motor_vol_ctrl
 .text.clr_trace_operate_history
                0x08001ab8       0x14 build/control.o
                0x08001ab8                clr_trace_operate_history
 *fill*         0x08001acc        0x4 
 .text.adjust_trace_theta
                0x08001ad0       0x2c build/control.o
                0x08001ad0                adjust_trace_theta
 *fill*         0x08001afc        0x4 
 .text.set_target_side_sensor
                0x08001b00       0x44 build/adjust.o
                0x08001b00                set_target_side_sensor
 .text.get_target_sensor_sr
                0x08001b44       0x18 build/adjust.o
                0x08001b44                get_target_sensor_sr
 .text.get_target_sensor_sl
                0x08001b5c       0x18 build/adjust.o
                0x08001b5c                get_target_sensor_sl
 .text.get_side_wall_ctrl_mode
                0x08001b74        0xc build/adjust.o
                0x08001b74                get_side_wall_ctrl_mode
 .text.calc_side_wall_ctrl_mode
                0x08001b80      0x214 build/adjust.o
                0x08001b80                calc_side_wall_ctrl_mode
 *fill*         0x08001d94        0x4 
 .text.get_side_wall_err
                0x08001d98       0xf4 build/adjust.o
                0x08001d98                get_side_wall_err
 .text.calc_motor_vol_side_wall
                0x08001e8c       0x60 build/adjust.o
                0x08001e8c                calc_motor_vol_side_wall
 .text.get_target_vol_diff_sidewall
                0x08001eec        0xc build/adjust.o
                0x08001eec                get_target_vol_diff_sidewall
 .text.calc_motor_vol_front_wall
                0x08001ef8      0x238 build/adjust.o
                0x08001ef8                calc_motor_vol_front_wall
 .text.get_target_vol_sum_frontwall
                0x08002130        0xc build/adjust.o
                0x08002130                get_target_vol_sum_frontwall
 .text.get_target_vol_diff_frontwall
                0x0800213c        0xc build/adjust.o
                0x0800213c                get_target_vol_diff_frontwall
 .text.clr_frontwall_operate_history
                0x08002148       0x44 build/adjust.o
                0x08002148                clr_frontwall_operate_history
 *fill*         0x0800218c        0x4 
 .text.fornt_wall_calibrate
                0x08002190      0x148 build/adjust.o
                0x08002190                fornt_wall_calibrate
 .text.calibrate_tim
                0x080022d8       0x1c build/adjust.o
                0x080022d8                calibrate_tim
 .text.adjust_1ms
                0x080022f4       0x18 build/adjust.o
                0x080022f4                adjust_1ms
 .text.move_comp_jud
                0x0800230c       0x74 build/movement.o
                0x0800230c                move_comp_jud
 .text.rotate_comp_jud
                0x08002380       0x74 build/movement.o
                0x08002380                rotate_comp_jud
 .text.start_acceleration
                0x080023f4       0x24 build/movement.o
                0x080023f4                start_acceleration
 .text.half_acceleration
                0x08002418       0x24 build/movement.o
                0x08002418                half_acceleration
 .text.half_deceleration
                0x0800243c       0x24 build/movement.o
                0x0800243c                half_deceleration
 .text.constant_speed
                0x08002460       0x24 build/movement.o
                0x08002460                constant_speed
 .text.turn_clk_90
                0x08002484       0x20 build/movement.o
                0x08002484                turn_clk_90
 .text.turn_conclk_90
                0x080024a4       0x20 build/movement.o
                0x080024a4                turn_conclk_90
 .text.turn_conclk_180
                0x080024c4       0x20 build/movement.o
                0x080024c4                turn_conclk_180
 .text.clr_run_first_flg
                0x080024e4        0xc build/movement.o
                0x080024e4                clr_run_first_flg
 .text.clr_wall_flg
                0x080024f0       0x1c build/movement.o
                0x080024f0                clr_wall_flg
 .text.set_front_wall_flg
                0x0800250c        0xc build/movement.o
                0x0800250c                set_front_wall_flg
 .text.set_rigth_wall_flg
                0x08002518        0xc build/movement.o
                0x08002518                set_rigth_wall_flg
 .text.set_left_wall_flg
                0x08002524        0xc build/movement.o
                0x08002524                set_left_wall_flg
 .text.move_front
                0x08002530       0x38 build/movement.o
                0x08002530                move_front
 .text.move_right
                0x08002568       0x58 build/movement.o
                0x08002568                move_right
 .text.move_left
                0x080025c0       0x58 build/movement.o
                0x080025c0                move_left
 .text.move_back
                0x08002618       0xc0 build/movement.o
                0x08002618                move_back
 .text.set_mode_ctrl
                0x080026d8        0xc build/exvol.o
                0x080026d8                set_mode_ctrl
 .text.set_motor_vol_trace
                0x080026e4       0x20 build/exvol.o
                0x080026e4                set_motor_vol_trace
 .text.set_motor_vol_front_wall
                0x08002704       0x20 build/exvol.o
                0x08002704                set_motor_vol_front_wall
 *fill*         0x08002724        0x4 
 .text.set_motor_vol_side_wall
                0x08002728      0x130 build/exvol.o
                0x08002728                set_motor_vol_side_wall
 .text.clr_motor_vol
                0x08002858       0x14 build/exvol.o
                0x08002858                clr_motor_vol
 .text.set_motor_vol
                0x0800286c       0x2c build/exvol.o
                0x0800286c                set_motor_vol
 .text.clr_operate_history
                0x08002898       0x38 build/exvol.o
                0x08002898                clr_operate_history
 .text.calc_motor_vol
                0x080028d0       0x40 build/exvol.o
                0x080028d0                calc_motor_vol
 .text.calc_vol2duty
                0x08002910       0x60 build/exvol.o
                0x08002910                calc_vol2duty
 .text.motor_duty_adjust
                0x08002970       0x3c build/exvol.o
                0x08002970                motor_duty_adjust
 .text.set_motor_duty
                0x080029ac       0x20 build/exvol.o
                0x080029ac                set_motor_duty
 .text.motor_1ms
                0x080029cc       0x1c build/exvol.o
                0x080029cc                motor_1ms
 .text.get_target_duty_r
                0x080029e8        0xc build/exvol.o
                0x080029e8                get_target_duty_r
 .text.get_target_duty_l
                0x080029f4        0xc build/exvol.o
                0x080029f4                get_target_duty_l
 .text.MX_GPIO_Init
                0x08002a00       0xc0 build/gpio.o
                0x08002a00                MX_GPIO_Init
 .text.MX_ADC1_Init
                0x08002ac0       0xd8 build/adc.o
                0x08002ac0                MX_ADC1_Init
 .text.HAL_ADC_MspInit
                0x08002b98       0xd8 build/adc.o
                0x08002b98                HAL_ADC_MspInit
 .text.MX_DMA_Init
                0x08002c70       0x88 build/dma.o
                0x08002c70                MX_DMA_Init
 .text.MX_SPI2_Init
                0x08002cf8       0x48 build/spi.o
                0x08002cf8                MX_SPI2_Init
 .text.HAL_SPI_MspInit
                0x08002d40       0xec build/spi.o
                0x08002d40                HAL_SPI_MspInit
 .text.MX_TIM1_Init
                0x08002e2c      0x128 build/tim.o
                0x08002e2c                MX_TIM1_Init
 .text.MX_TIM2_Init
                0x08002f54       0x64 build/tim.o
                0x08002f54                MX_TIM2_Init
 .text.MX_TIM3_Init
                0x08002fb8       0x68 build/tim.o
                0x08002fb8                MX_TIM3_Init
 .text.MX_TIM6_Init
                0x08003020       0x50 build/tim.o
                0x08003020                MX_TIM6_Init
 .text.HAL_TIM_Base_MspInit
                0x08003070      0x128 build/tim.o
                0x08003070                HAL_TIM_Base_MspInit
 .text.HAL_TIM_Encoder_MspInit
                0x08003198       0xe8 build/tim.o
                0x08003198                HAL_TIM_Encoder_MspInit
 .text.HAL_TIM_MspPostInit
                0x08003280       0x5c build/tim.o
                0x08003280                HAL_TIM_MspPostInit
 .text.MX_TIM4_Init
                0x080032dc       0xe8 build/tim.o
                0x080032dc                MX_TIM4_Init
 .text.MX_USART1_UART_Init
                0x080033c4       0x34 build/usart.o
                0x080033c4                MX_USART1_UART_Init
 .text.HAL_UART_MspInit
                0x080033f8       0x78 build/usart.o
                0x080033f8                HAL_UART_MspInit
 .text.NMI_Handler
                0x08003470        0x2 build/stm32f4xx_it.o
                0x08003470                NMI_Handler
 .text.HardFault_Handler
                0x08003472        0x2 build/stm32f4xx_it.o
                0x08003472                HardFault_Handler
 .text.MemManage_Handler
                0x08003474        0x2 build/stm32f4xx_it.o
                0x08003474                MemManage_Handler
 .text.BusFault_Handler
                0x08003476        0x2 build/stm32f4xx_it.o
                0x08003476                BusFault_Handler
 .text.UsageFault_Handler
                0x08003478        0x2 build/stm32f4xx_it.o
                0x08003478                UsageFault_Handler
 .text.SVC_Handler
                0x0800347a        0x2 build/stm32f4xx_it.o
                0x0800347a                SVC_Handler
 .text.DebugMon_Handler
                0x0800347c        0x2 build/stm32f4xx_it.o
                0x0800347c                DebugMon_Handler
 .text.PendSV_Handler
                0x0800347e        0x2 build/stm32f4xx_it.o
                0x0800347e                PendSV_Handler
 .text.SysTick_Handler
                0x08003480        0x8 build/stm32f4xx_it.o
                0x08003480                SysTick_Handler
 .text.DMA1_Stream3_IRQHandler
                0x08003488       0x10 build/stm32f4xx_it.o
                0x08003488                DMA1_Stream3_IRQHandler
 .text.DMA1_Stream4_IRQHandler
                0x08003498       0x10 build/stm32f4xx_it.o
                0x08003498                DMA1_Stream4_IRQHandler
 .text.TIM6_DAC_IRQHandler
                0x080034a8       0x1c build/stm32f4xx_it.o
                0x080034a8                TIM6_DAC_IRQHandler
 .text.DMA2_Stream0_IRQHandler
                0x080034c4       0x10 build/stm32f4xx_it.o
                0x080034c4                DMA2_Stream0_IRQHandler
 .text.DMA2_Stream1_IRQHandler
                0x080034d4       0x10 build/stm32f4xx_it.o
                0x080034d4                DMA2_Stream1_IRQHandler
 .text.DMA2_Stream2_IRQHandler
                0x080034e4       0x10 build/stm32f4xx_it.o
                0x080034e4                DMA2_Stream2_IRQHandler
 .text.HAL_MspInit
                0x080034f4       0x38 build/stm32f4xx_hal_msp.o
                0x080034f4                HAL_MspInit
 .text.SystemInit
                0x0800352c       0x4c build/system_stm32f4xx.o
                0x0800352c                SystemInit
 .text.Battery_GetVoltage
                0x08003578       0x24 build/battery.o
                0x08003578                Battery_GetVoltage
 .text.Communication_Initialize
                0x0800359c       0x28 build/communication.o
                0x0800359c                Communication_Initialize
 .text.__io_putchar
                0x080035c4       0x20 build/communication.o
                0x080035c4                __io_putchar
 .text.__io_getchar
                0x080035e4       0x28 build/communication.o
                0x080035e4                __io_getchar
 .text.get_encordercount_r
                0x0800360c        0xa build/encoder.o
                0x0800360c                get_encordercount_r
 *fill*         0x08003616        0x2 
 .text.get_encordercount_l
                0x08003618        0xc build/encoder.o
                0x08003618                get_encordercount_l
 .text.Encoder_ResetCount_Left
                0x08003624       0x10 build/encoder.o
                0x08003624                Encoder_ResetCount_Left
 .text.Encoder_ResetCount_Right
                0x08003634        0xc build/encoder.o
                0x08003634                Encoder_ResetCount_Right
 .text.Encoder_Initialize
                0x08003640       0x24 build/encoder.o
                0x08003640                Encoder_Initialize
 .text.Encoder_GetAngle_Left
                0x08003664       0x30 build/encoder.o
                0x08003664                Encoder_GetAngle_Left
 .text.Encoder_GetAngle_Right
                0x08003694       0x30 build/encoder.o
                0x08003694                Encoder_GetAngle_Right
 .text.rt_roundd_snf
                0x080036c4       0x88 build/idivide.o
 .text.idivide  0x0800374c       0x88 build/idivide.o
                0x0800374c                idivide
 .text.IMU_Write1byte
                0x080037d4       0x54 build/imu.o
                0x080037d4                IMU_Write1byte
 .text.IMU_Read1byte
                0x08003828       0x54 build/imu.o
                0x08003828                IMU_Read1byte
 .text.IMU_CheckWHOAMI
                0x0800387c        0xa build/imu.o
                0x0800387c                IMU_CheckWHOAMI
 *fill*         0x08003886        0x2 
 .text.IMU_Initialize
                0x08003888       0xa4 build/imu.o
                0x08003888                IMU_Initialize
 .text.HAL_SPI_TxRxCpltCallback
                0x0800392c       0x5c build/imu.o
                0x0800392c                HAL_SPI_TxRxCpltCallback
 .text.IMU_GetAccel_X
                0x08003988       0x38 build/imu.o
                0x08003988                IMU_GetAccel_X
 .text.IMU_GetGyro_Z
                0x080039c0       0x44 build/imu.o
                0x080039c0                IMU_GetGyro_Z
 .text.Interrupt_Main
                0x08003a04      0x118 build/interrupt.o
                0x08003a04                Interrupt_Main
 .text.Interrupt_Initialize
                0x08003b1c       0x10 build/interrupt.o
                0x08003b1c                Interrupt_Initialize
 .text.Interrupt_PreProcess
                0x08003b2c       0x48 build/interrupt.o
                0x08003b2c                Interrupt_PreProcess
 .text.Interrupt_PostProcess
                0x08003b74       0x3c build/interrupt.o
                0x08003b74                Interrupt_PostProcess
 .text.Interrupt_GetDuty
                0x08003bb0        0xc build/interrupt.o
                0x08003bb0                Interrupt_GetDuty
 .text.Interrupt_GetDuty_Max
                0x08003bbc        0xc build/interrupt.o
                0x08003bbc                Interrupt_GetDuty_Max
 .text.Interrupt_GetBootTime
                0x08003bc8        0xc build/interrupt.o
                0x08003bc8                Interrupt_GetBootTime
 .text.TIM1_CC2_Callback
                0x08003bd4       0x48 build/ir_sensor.o
                0x08003bd4                TIM1_CC2_Callback
 .text.Sensor_StartADC
                0x08003c1c       0x44 build/ir_sensor.o
                0x08003c1c                Sensor_StartADC
 .text.Sensor_Initialize
                0x08003c60       0x68 build/ir_sensor.o
                0x08003c60                Sensor_Initialize
 .text.Sensor_StopADC
                0x08003cc8       0x3c build/ir_sensor.o
                0x08003cc8                Sensor_StopADC
 .text.HAL_ADC_ConvCpltCallback
                0x08003d04       0x6c build/ir_sensor.o
                0x08003d04                HAL_ADC_ConvCpltCallback
 .text.Sensor_GetBatteryValue
                0x08003d70        0xc build/ir_sensor.o
                0x08003d70                Sensor_GetBatteryValue
 .text.Sensor_GetValue
                0x08003d7c       0x18 build/ir_sensor.o
                0x08003d7c                Sensor_GetValue
 *fill*         0x08003d94        0x4 
 .text.SensorValue2length
                0x08003d98      0x110 build/ir_sensor.o
                0x08003d98                SensorValue2length
 .text.Sensor_DebugPrintf
                0x08003ea8       0x44 build/ir_sensor.o
                0x08003ea8                Sensor_DebugPrintf
 .text.maze_init
                0x08003eec       0xbc build/maze_init.o
                0x08003eec                maze_init
 .text.fust_run
                0x08003fa8      0x3b2 build/maze_solve.o
 .text.move_step
                0x0800435a       0x56 build/maze_solve.o
 .text.make_map_find
                0x080043b0      0x32c build/maze_solve.o
 .text.search_adachi
                0x080046dc      0xac0 build/maze_solve.o
 .text.make_map_fustrun
                0x0800519c      0x468 build/maze_solve.o
 .text.maze_solve
                0x08005604      0x238 build/maze_solve.o
                0x08005604                maze_solve
 .text.get_mode_state
                0x0800583c        0xc build/mode.o
                0x0800583c                get_mode_state
 .text.clr_mode_state
                0x08005848        0xc build/mode.o
                0x08005848                clr_mode_state
 .text.get_mode_number
                0x08005854        0xc build/mode.o
                0x08005854                get_mode_number
 .text.set_mode_number
                0x08005860        0xc build/mode.o
                0x08005860                set_mode_number
 .text.mode_select
                0x0800586c      0x23c build/mode.o
                0x0800586c                mode_select
 .text.mode_decide_jud
                0x08005aa8       0x20 build/mode.o
                0x08005aa8                mode_decide_jud
 .text.mode_start
                0x08005ac8       0x24 build/mode.o
                0x08005ac8                mode_start
 .text.mode_main
                0x08005aec       0x78 build/mode.o
                0x08005aec                mode_main
 .text.log_init
                0x08005b64        0xc build/module_test.o
                0x08005b64                log_init
 .text.data_get
                0x08005b70      0x14c build/module_test.o
                0x08005b70                data_get
 .text.data_read
                0x08005cbc      0x170 build/module_test.o
                0x08005cbc                data_read
 .text.module_test
                0x08005e2c      0x2a0 build/module_test.o
                0x08005e2c                module_test
 .text.Motor_Initialize
                0x080060cc       0x2c build/motor.o
                0x080060cc                Motor_Initialize
 .text.set_duty_l
                0x080060f8       0xc4 build/motor.o
                0x080060f8                set_duty_l
 .text.set_duty_r
                0x080061bc       0xc4 build/motor.o
                0x080061bc                set_duty_r
 .text.b_rem    0x08006280       0x28 build/rem.o
                0x08006280                b_rem
 .text._read    0x080062a8       0x20 build/syscalls.o
                0x080062a8                _read
 .text._write   0x080062c8       0x1c build/syscalls.o
                0x080062c8                _write
 .text._close   0x080062e4        0x6 build/syscalls.o
                0x080062e4                _close
 .text._fstat   0x080062ea        0xa build/syscalls.o
                0x080062ea                _fstat
 .text._isatty  0x080062f4        0x4 build/syscalls.o
                0x080062f4                _isatty
 .text._lseek   0x080062f8        0x4 build/syscalls.o
                0x080062f8                _lseek
 .text._sbrk    0x080062fc       0x3c build/sysmem.o
                0x080062fc                _sbrk
 .text.set_direction_mode
                0x08006338        0xc build/target.o
                0x08006338                set_direction_mode
 .text.set_rotation_mode
                0x08006344        0xc build/target.o
                0x08006344                set_rotation_mode
 .text.set_accel_mode
                0x08006350        0xc build/target.o
                0x08006350                set_accel_mode
 .text.get_target_move_speed
                0x0800635c        0xc build/target.o
                0x0800635c                get_target_move_speed
 .text.get_target_rotation_speed
                0x08006368        0xc build/target.o
                0x08006368                get_target_rotation_speed
 .text.get_target_length
                0x08006374        0xc build/target.o
                0x08006374                get_target_length
 .text.get_ideal_length
                0x08006380        0xc build/target.o
                0x08006380                get_ideal_length
 .text.get_target_angle
                0x0800638c        0xc build/target.o
                0x0800638c                get_target_angle
 .text.get_ideal_angle
                0x08006398        0xc build/target.o
                0x08006398                get_ideal_angle
 .text.set_target_length
                0x080063a4       0x14 build/target.o
                0x080063a4                set_target_length
 .text.set_target_angle
                0x080063b8       0x14 build/target.o
                0x080063b8                set_target_angle
 .text.calc_target_move_accel
                0x080063cc       0xd0 build/target.o
                0x080063cc                calc_target_move_accel
 *fill*         0x0800649c        0x4 
 .text.calc_rotate_accel
                0x080064a0       0xf0 build/target.o
                0x080064a0                calc_rotate_accel
 .text.calc_target_move_speed
                0x08006590       0xe0 build/target.o
                0x08006590                calc_target_move_speed
 .text.calc_target_rotation_speed
                0x08006670       0xe0 build/target.o
                0x08006670                calc_target_rotation_speed
 .text.target_1ms
                0x08006750       0x14 build/target.o
                0x08006750                target_1ms
 .text.ADC_Init
                0x08006764      0x134 build/stm32f4xx_hal_adc.o
 .text.HAL_ADC_Init
                0x08006898       0x56 build/stm32f4xx_hal_adc.o
                0x08006898                HAL_ADC_Init
 *fill*         0x080068ee        0x2 
 .text.HAL_ADC_Start_DMA
                0x080068f0      0x140 build/stm32f4xx_hal_adc.o
                0x080068f0                HAL_ADC_Start_DMA
 .text.HAL_ADC_ConvHalfCpltCallback
                0x08006a30        0x2 build/stm32f4xx_hal_adc.o
                0x08006a30                HAL_ADC_ConvHalfCpltCallback
 .text.ADC_DMAHalfConvCplt
                0x08006a32        0xa build/stm32f4xx_hal_adc.o
 .text.HAL_ADC_ErrorCallback
                0x08006a3c        0x2 build/stm32f4xx_hal_adc.o
                0x08006a3c                HAL_ADC_ErrorCallback
 .text.ADC_DMAError
                0x08006a3e       0x16 build/stm32f4xx_hal_adc.o
 .text.ADC_DMAConvCplt
                0x08006a54       0x72 build/stm32f4xx_hal_adc.o
 *fill*         0x08006ac6        0x2 
 .text.HAL_ADC_ConfigChannel
                0x08006ac8      0x1a4 build/stm32f4xx_hal_adc.o
                0x08006ac8                HAL_ADC_ConfigChannel
 .text.SPI_WaitFlagStateUntilTimeout
                0x08006c6c       0x94 build/stm32f4xx_hal_spi.o
 .text.SPI_EndRxTxTransaction
                0x08006d00       0x68 build/stm32f4xx_hal_spi.o
 .text.SPI_EndRxTransaction
                0x08006d68       0x8c build/stm32f4xx_hal_spi.o
 .text.HAL_SPI_Init
                0x08006df4       0x80 build/stm32f4xx_hal_spi.o
                0x08006df4                HAL_SPI_Init
 .text.HAL_SPI_Transmit
                0x08006e74      0x1a4 build/stm32f4xx_hal_spi.o
                0x08006e74                HAL_SPI_Transmit
 .text.HAL_SPI_TransmitReceive
                0x08007018      0x238 build/stm32f4xx_hal_spi.o
                0x08007018                HAL_SPI_TransmitReceive
 .text.HAL_SPI_Receive
                0x08007250      0x166 build/stm32f4xx_hal_spi.o
                0x08007250                HAL_SPI_Receive
 *fill*         0x080073b6        0x2 
 .text.HAL_SPI_TransmitReceive_DMA
                0x080073b8      0x150 build/stm32f4xx_hal_spi.o
                0x080073b8                HAL_SPI_TransmitReceive_DMA
 .text.HAL_SPI_RxCpltCallback
                0x08007508        0x2 build/stm32f4xx_hal_spi.o
                0x08007508                HAL_SPI_RxCpltCallback
 .text.HAL_SPI_RxHalfCpltCallback
                0x0800750a        0x2 build/stm32f4xx_hal_spi.o
                0x0800750a                HAL_SPI_RxHalfCpltCallback
 .text.SPI_DMAHalfReceiveCplt
                0x0800750c        0xa build/stm32f4xx_hal_spi.o
 .text.HAL_SPI_TxRxHalfCpltCallback
                0x08007516        0x2 build/stm32f4xx_hal_spi.o
                0x08007516                HAL_SPI_TxRxHalfCpltCallback
 .text.SPI_DMAHalfTransmitReceiveCplt
                0x08007518        0xa build/stm32f4xx_hal_spi.o
 .text.HAL_SPI_ErrorCallback
                0x08007522        0x2 build/stm32f4xx_hal_spi.o
                0x08007522                HAL_SPI_ErrorCallback
 .text.SPI_DMAError
                0x08007524       0x22 build/stm32f4xx_hal_spi.o
 .text.SPI_DMAReceiveCplt
                0x08007546       0x56 build/stm32f4xx_hal_spi.o
 .text.SPI_DMATransmitReceiveCplt
                0x0800759c       0x5c build/stm32f4xx_hal_spi.o
 .text.TIM_OC1_SetConfig
                0x080075f8       0x68 build/stm32f4xx_hal_tim.o
 .text.TIM_OC3_SetConfig
                0x08007660       0x70 build/stm32f4xx_hal_tim.o
 .text.TIM_OC4_SetConfig
                0x080076d0       0x50 build/stm32f4xx_hal_tim.o
 .text.TIM_TI1_ConfigInputStage
                0x08007720       0x24 build/stm32f4xx_hal_tim.o
 .text.TIM_TI2_ConfigInputStage
                0x08007744       0x26 build/stm32f4xx_hal_tim.o
 .text.TIM_ITRx_SetConfig
                0x0800776a       0x10 build/stm32f4xx_hal_tim.o
 .text.HAL_TIM_Base_Start_IT
                0x0800777a       0x22 build/stm32f4xx_hal_tim.o
                0x0800777a                HAL_TIM_Base_Start_IT
 .text.HAL_TIM_OC_MspInit
                0x0800779c        0x2 build/stm32f4xx_hal_tim.o
                0x0800779c                HAL_TIM_OC_MspInit
 .text.HAL_TIM_PWM_MspInit
                0x0800779e        0x2 build/stm32f4xx_hal_tim.o
                0x0800779e                HAL_TIM_PWM_MspInit
 .text.HAL_TIM_PeriodElapsedCallback
                0x080077a0        0x2 build/stm32f4xx_hal_tim.o
                0x080077a0                HAL_TIM_PeriodElapsedCallback
 .text.HAL_TIM_OC_DelayElapsedCallback
                0x080077a2        0x2 build/stm32f4xx_hal_tim.o
                0x080077a2                HAL_TIM_OC_DelayElapsedCallback
 .text.HAL_TIM_IC_CaptureCallback
                0x080077a4        0x2 build/stm32f4xx_hal_tim.o
                0x080077a4                HAL_TIM_IC_CaptureCallback
 .text.HAL_TIM_PWM_PulseFinishedCallback
                0x080077a6        0x2 build/stm32f4xx_hal_tim.o
                0x080077a6                HAL_TIM_PWM_PulseFinishedCallback
 .text.HAL_TIM_TriggerCallback
                0x080077a8        0x2 build/stm32f4xx_hal_tim.o
                0x080077a8                HAL_TIM_TriggerCallback
 .text.HAL_TIM_IRQHandler
                0x080077aa      0x17a build/stm32f4xx_hal_tim.o
                0x080077aa                HAL_TIM_IRQHandler
 .text.TIM_Base_SetConfig
                0x08007924       0xc8 build/stm32f4xx_hal_tim.o
                0x08007924                TIM_Base_SetConfig
 .text.HAL_TIM_Base_Init
                0x080079ec       0x34 build/stm32f4xx_hal_tim.o
                0x080079ec                HAL_TIM_Base_Init
 .text.HAL_TIM_OC_Init
                0x08007a20       0x34 build/stm32f4xx_hal_tim.o
                0x08007a20                HAL_TIM_OC_Init
 .text.HAL_TIM_PWM_Init
                0x08007a54       0x34 build/stm32f4xx_hal_tim.o
                0x08007a54                HAL_TIM_PWM_Init
 .text.HAL_TIM_Encoder_Init
                0x08007a88       0x9c build/stm32f4xx_hal_tim.o
                0x08007a88                HAL_TIM_Encoder_Init
 .text.TIM_OC2_SetConfig
                0x08007b24       0x70 build/stm32f4xx_hal_tim.o
                0x08007b24                TIM_OC2_SetConfig
 .text.HAL_TIM_OC_ConfigChannel
                0x08007b94       0x5e build/stm32f4xx_hal_tim.o
                0x08007b94                HAL_TIM_OC_ConfigChannel
 .text.HAL_TIM_PWM_ConfigChannel
                0x08007bf2       0xdc build/stm32f4xx_hal_tim.o
                0x08007bf2                HAL_TIM_PWM_ConfigChannel
 .text.TIM_ETR_SetConfig
                0x08007cce       0x18 build/stm32f4xx_hal_tim.o
                0x08007cce                TIM_ETR_SetConfig
 .text.HAL_TIM_ConfigClockSource
                0x08007ce6       0xda build/stm32f4xx_hal_tim.o
                0x08007ce6                HAL_TIM_ConfigClockSource
 .text.TIM_CCxChannelCmd
                0x08007dc0       0x24 build/stm32f4xx_hal_tim.o
                0x08007dc0                TIM_CCxChannelCmd
 .text.HAL_TIM_OC_Start
                0x08007de4       0x40 build/stm32f4xx_hal_tim.o
                0x08007de4                HAL_TIM_OC_Start
 .text.HAL_TIM_PWM_Start
                0x08007e24       0x40 build/stm32f4xx_hal_tim.o
                0x08007e24                HAL_TIM_PWM_Start
 .text.HAL_TIM_PWM_Stop
                0x08007e64       0x68 build/stm32f4xx_hal_tim.o
                0x08007e64                HAL_TIM_PWM_Stop
 .text.HAL_TIM_Encoder_Start
                0x08007ecc       0x44 build/stm32f4xx_hal_tim.o
                0x08007ecc                HAL_TIM_Encoder_Start
 .text.HAL_TIMEx_MasterConfigSynchronization
                0x08007f10       0x46 build/stm32f4xx_hal_tim_ex.o
                0x08007f10                HAL_TIMEx_MasterConfigSynchronization
 .text.HAL_TIMEx_ConfigBreakDeadTime
                0x08007f56       0x52 build/stm32f4xx_hal_tim_ex.o
                0x08007f56                HAL_TIMEx_ConfigBreakDeadTime
 .text.HAL_TIMEx_CommutCallback
                0x08007fa8        0x2 build/stm32f4xx_hal_tim_ex.o
                0x08007fa8                HAL_TIMEx_CommutCallback
 .text.HAL_TIMEx_BreakCallback
                0x08007faa        0x2 build/stm32f4xx_hal_tim_ex.o
                0x08007faa                HAL_TIMEx_BreakCallback
 .text.UART_SetConfig
                0x08007fac      0x334 build/stm32f4xx_hal_uart.o
 .text.UART_WaitOnFlagUntilTimeout
                0x080082e0       0x68 build/stm32f4xx_hal_uart.o
 .text.HAL_UART_Init
                0x08008348       0x5e build/stm32f4xx_hal_uart.o
                0x08008348                HAL_UART_Init
 .text.HAL_UART_Transmit
                0x080083a6       0xe0 build/stm32f4xx_hal_uart.o
                0x080083a6                HAL_UART_Transmit
 .text.HAL_UART_Receive
                0x08008486       0xe6 build/stm32f4xx_hal_uart.o
                0x08008486                HAL_UART_Receive
 .text.HAL_RCC_GetSysClockFreq
                0x0800856c       0xa0 build/stm32f4xx_hal_rcc.o
                0x0800856c                HAL_RCC_GetSysClockFreq
 .text.HAL_RCC_ClockConfig
                0x0800860c      0x15c build/stm32f4xx_hal_rcc.o
                0x0800860c                HAL_RCC_ClockConfig
 .text.HAL_RCC_GetHCLKFreq
                0x08008768        0xc build/stm32f4xx_hal_rcc.o
                0x08008768                HAL_RCC_GetHCLKFreq
 .text.HAL_RCC_GetPCLK1Freq
                0x08008774       0x20 build/stm32f4xx_hal_rcc.o
                0x08008774                HAL_RCC_GetPCLK1Freq
 .text.HAL_RCC_GetPCLK2Freq
                0x08008794       0x20 build/stm32f4xx_hal_rcc.o
                0x08008794                HAL_RCC_GetPCLK2Freq
 .text.HAL_RCC_OscConfig
                0x080087b4      0x394 build/stm32f4xx_hal_rcc_ex.o
                0x080087b4                HAL_RCC_OscConfig
 .text.HAL_GPIO_Init
                0x08008b48      0x1c0 build/stm32f4xx_hal_gpio.o
                0x08008b48                HAL_GPIO_Init
 .text.HAL_GPIO_WritePin
                0x08008d08        0xc build/stm32f4xx_hal_gpio.o
                0x08008d08                HAL_GPIO_WritePin
 .text.DMA_SetConfig
                0x08008d14       0x2c build/stm32f4xx_hal_dma.o
 .text.DMA_CalcBaseAndBitshift
                0x08008d40       0x44 build/stm32f4xx_hal_dma.o
 .text.DMA_CheckFifoParam
                0x08008d84       0x8e build/stm32f4xx_hal_dma.o
 *fill*         0x08008e12        0x2 
 .text.HAL_DMA_Init
                0x08008e14       0xcc build/stm32f4xx_hal_dma.o
                0x08008e14                HAL_DMA_Init
 .text.HAL_DMA_Start_IT
                0x08008ee0       0x74 build/stm32f4xx_hal_dma.o
                0x08008ee0                HAL_DMA_Start_IT
 .text.HAL_DMA_Abort_IT
                0x08008f54       0x26 build/stm32f4xx_hal_dma.o
                0x08008f54                HAL_DMA_Abort_IT
 *fill*         0x08008f7a        0x2 
 .text.HAL_DMA_IRQHandler
                0x08008f7c      0x1dc build/stm32f4xx_hal_dma.o
                0x08008f7c                HAL_DMA_IRQHandler
 .text.HAL_DMA_RegisterCallback
                0x08009158       0x58 build/stm32f4xx_hal_dma.o
                0x08009158                HAL_DMA_RegisterCallback
 .text.HAL_NVIC_SetPriorityGrouping
                0x080091b0       0x24 build/stm32f4xx_hal_cortex.o
                0x080091b0                HAL_NVIC_SetPriorityGrouping
 .text.HAL_NVIC_SetPriority
                0x080091d4       0x68 build/stm32f4xx_hal_cortex.o
                0x080091d4                HAL_NVIC_SetPriority
 .text.HAL_NVIC_EnableIRQ
                0x0800923c       0x1c build/stm32f4xx_hal_cortex.o
                0x0800923c                HAL_NVIC_EnableIRQ
 .text.HAL_SYSTICK_Config
                0x08009258       0x2c build/stm32f4xx_hal_cortex.o
                0x08009258                HAL_SYSTICK_Config
 .text.HAL_InitTick
                0x08009284       0x4c build/stm32f4xx_hal.o
                0x08009284                HAL_InitTick
 .text.HAL_Init
                0x080092d0       0x34 build/stm32f4xx_hal.o
                0x080092d0                HAL_Init
 .text.HAL_IncTick
                0x08009304       0x18 build/stm32f4xx_hal.o
                0x08009304                HAL_IncTick
 .text.HAL_GetTick
                0x0800931c        0xc build/stm32f4xx_hal.o
                0x0800931c                HAL_GetTick
 .text.HAL_Delay
                0x08009328       0x28 build/stm32f4xx_hal.o
                0x08009328                HAL_Delay
 .text.Reset_Handler
                0x08009350       0x50 build/startup_stm32f413xx.o
                0x08009350                Reset_Handler
 .text.Default_Handler
                0x080093a0        0x2 build/startup_stm32f413xx.o
                0x080093a0                RTC_Alarm_IRQHandler
                0x080093a0                EXTI2_IRQHandler
                0x080093a0                TIM8_CC_IRQHandler
                0x080093a0                UART8_IRQHandler
                0x080093a0                FMPI2C1_EV_IRQHandler
                0x080093a0                SPI4_IRQHandler
                0x080093a0                TIM1_CC_IRQHandler
                0x080093a0                DMA2_Stream5_IRQHandler
                0x080093a0                DMA1_Stream5_IRQHandler
                0x080093a0                CAN3_RX1_IRQHandler
                0x080093a0                PVD_IRQHandler
                0x080093a0                SDIO_IRQHandler
                0x080093a0                TAMP_STAMP_IRQHandler
                0x080093a0                CAN2_RX1_IRQHandler
                0x080093a0                EXTI3_IRQHandler
                0x080093a0                TIM8_TRG_COM_TIM14_IRQHandler
                0x080093a0                DFSDM1_FLT1_IRQHandler
                0x080093a0                TIM1_UP_TIM10_IRQHandler
                0x080093a0                TIM8_UP_TIM13_IRQHandler
                0x080093a0                I2C3_ER_IRQHandler
                0x080093a0                EXTI0_IRQHandler
                0x080093a0                I2C2_EV_IRQHandler
                0x080093a0                DMA1_Stream2_IRQHandler
                0x080093a0                CAN1_RX0_IRQHandler
                0x080093a0                FPU_IRQHandler
                0x080093a0                CAN3_SCE_IRQHandler
                0x080093a0                CAN2_SCE_IRQHandler
                0x080093a0                SPI1_IRQHandler
                0x080093a0                TIM1_BRK_TIM9_IRQHandler
                0x080093a0                CAN2_RX0_IRQHandler
                0x080093a0                DMA2_Stream3_IRQHandler
                0x080093a0                USART6_IRQHandler
                0x080093a0                CAN3_RX0_IRQHandler
                0x080093a0                USART3_IRQHandler
                0x080093a0                DFSDM2_FLT3_IRQHandler
                0x080093a0                CAN1_RX1_IRQHandler
                0x080093a0                UART5_IRQHandler
                0x080093a0                TIM4_IRQHandler
                0x080093a0                QUADSPI_IRQHandler
                0x080093a0                I2C1_EV_IRQHandler
                0x080093a0                DMA1_Stream6_IRQHandler
                0x080093a0                DMA1_Stream1_IRQHandler
                0x080093a0                UART4_IRQHandler
                0x080093a0                TIM3_IRQHandler
                0x080093a0                RCC_IRQHandler
                0x080093a0                UART9_IRQHandler
                0x080093a0                TIM8_BRK_TIM12_IRQHandler
                0x080093a0                Default_Handler
                0x080093a0                EXTI15_10_IRQHandler
                0x080093a0                ADC_IRQHandler
                0x080093a0                DMA1_Stream7_IRQHandler
                0x080093a0                DFSDM2_FLT0_IRQHandler
                0x080093a0                SPI5_IRQHandler
                0x080093a0                TIM7_IRQHandler
                0x080093a0                CAN2_TX_IRQHandler
                0x080093a0                TIM5_IRQHandler
                0x080093a0                DMA2_Stream7_IRQHandler
                0x080093a0                I2C3_EV_IRQHandler
                0x080093a0                DFSDM2_FLT2_IRQHandler
                0x080093a0                EXTI9_5_IRQHandler
                0x080093a0                RTC_WKUP_IRQHandler
                0x080093a0                SPI2_IRQHandler
                0x080093a0                DMA1_Stream0_IRQHandler
                0x080093a0                CAN1_TX_IRQHandler
                0x080093a0                FMPI2C1_ER_IRQHandler
                0x080093a0                EXTI4_IRQHandler
                0x080093a0                DFSDM2_FLT1_IRQHandler
                0x080093a0                RNG_IRQHandler
                0x080093a0                FSMC_IRQHandler
                0x080093a0                WWDG_IRQHandler
                0x080093a0                CAN3_TX_IRQHandler
                0x080093a0                TIM2_IRQHandler
                0x080093a0                OTG_FS_WKUP_IRQHandler
                0x080093a0                TIM1_TRG_COM_TIM11_IRQHandler
                0x080093a0                EXTI1_IRQHandler
                0x080093a0                UART7_IRQHandler
                0x080093a0                USART2_IRQHandler
                0x080093a0                DFSDM1_FLT0_IRQHandler
                0x080093a0                I2C2_ER_IRQHandler
                0x080093a0                CAN1_SCE_IRQHandler
                0x080093a0                FLASH_IRQHandler
                0x080093a0                DMA2_Stream4_IRQHandler
                0x080093a0                USART1_IRQHandler
                0x080093a0                OTG_FS_IRQHandler
                0x080093a0                SPI3_IRQHandler
                0x080093a0                I2C1_ER_IRQHandler
                0x080093a0                LPTIM1_IRQHandler
                0x080093a0                DMA2_Stream6_IRQHandler
                0x080093a0                UART10_IRQHandler
                0x080093a0                SAI1_IRQHandler
 *fill*         0x080093a2        0x2 
 .text.__errno  0x080093a4        0xc c:/tools/gcc-arm-none-eabi-9-2019-q4-major/bin/../lib/gcc/arm-none-eabi/9.2.1/../../../../arm-none-eabi/lib/thumb/v7e-m+fp/hard\libc_nano.a(lib_a-errno.o)
                0x080093a4                __errno
 .text.__sflush_r
                0x080093b0      0x10c c:/tools/gcc-arm-none-eabi-9-2019-q4-major/bin/../lib/gcc/arm-none-eabi/9.2.1/../../../../arm-none-eabi/lib/thumb/v7e-m+fp/hard\libc_nano.a(lib_a-fflush.o)
                0x080093b0                __sflush_r
 .text._fflush_r
                0x080094bc       0x78 c:/tools/gcc-arm-none-eabi-9-2019-q4-major/bin/../lib/gcc/arm-none-eabi/9.2.1/../../../../arm-none-eabi/lib/thumb/v7e-m+fp/hard\libc_nano.a(lib_a-fflush.o)
                0x080094bc                _fflush_r
 .text.fflush   0x08009534       0x24 c:/tools/gcc-arm-none-eabi-9-2019-q4-major/bin/../lib/gcc/arm-none-eabi/9.2.1/../../../../arm-none-eabi/lib/thumb/v7e-m+fp/hard\libc_nano.a(lib_a-fflush.o)
                0x08009534                fflush
 .text.std      0x08009558       0x48 c:/tools/gcc-arm-none-eabi-9-2019-q4-major/bin/../lib/gcc/arm-none-eabi/9.2.1/../../../../arm-none-eabi/lib/thumb/v7e-m+fp/hard\libc_nano.a(lib_a-findfp.o)
 .text._cleanup_r
                0x080095a0        0xc c:/tools/gcc-arm-none-eabi-9-2019-q4-major/bin/../lib/gcc/arm-none-eabi/9.2.1/../../../../arm-none-eabi/lib/thumb/v7e-m+fp/hard\libc_nano.a(lib_a-findfp.o)
                0x080095a0                _cleanup_r
 .text.__sfmoreglue
                0x080095ac       0x2c c:/tools/gcc-arm-none-eabi-9-2019-q4-major/bin/../lib/gcc/arm-none-eabi/9.2.1/../../../../arm-none-eabi/lib/thumb/v7e-m+fp/hard\libc_nano.a(lib_a-findfp.o)
                0x080095ac                __sfmoreglue
 .text.__sfp_lock_acquire
                0x080095d8        0xc c:/tools/gcc-arm-none-eabi-9-2019-q4-major/bin/../lib/gcc/arm-none-eabi/9.2.1/../../../../arm-none-eabi/lib/thumb/v7e-m+fp/hard\libc_nano.a(lib_a-findfp.o)
                0x080095d8                __sfp_lock_acquire
 .text.__sfp_lock_release
                0x080095e4        0xc c:/tools/gcc-arm-none-eabi-9-2019-q4-major/bin/../lib/gcc/arm-none-eabi/9.2.1/../../../../arm-none-eabi/lib/thumb/v7e-m+fp/hard\libc_nano.a(lib_a-findfp.o)
                0x080095e4                __sfp_lock_release
 .text.__sinit_lock_acquire
                0x080095f0        0xc c:/tools/gcc-arm-none-eabi-9-2019-q4-major/bin/../lib/gcc/arm-none-eabi/9.2.1/../../../../arm-none-eabi/lib/thumb/v7e-m+fp/hard\libc_nano.a(lib_a-findfp.o)
                0x080095f0                __sinit_lock_acquire
 .text.__sinit_lock_release
                0x080095fc        0xc c:/tools/gcc-arm-none-eabi-9-2019-q4-major/bin/../lib/gcc/arm-none-eabi/9.2.1/../../../../arm-none-eabi/lib/thumb/v7e-m+fp/hard\libc_nano.a(lib_a-findfp.o)
                0x080095fc                __sinit_lock_release
 .text.__sinit  0x08009608       0x70 c:/tools/gcc-arm-none-eabi-9-2019-q4-major/bin/../lib/gcc/arm-none-eabi/9.2.1/../../../../arm-none-eabi/lib/thumb/v7e-m+fp/hard\libc_nano.a(lib_a-findfp.o)
                0x08009608                __sinit
 .text.__sfp    0x08009678       0x8c c:/tools/gcc-arm-none-eabi-9-2019-q4-major/bin/../lib/gcc/arm-none-eabi/9.2.1/../../../../arm-none-eabi/lib/thumb/v7e-m+fp/hard\libc_nano.a(lib_a-findfp.o)
                0x08009678                __sfp
 .text._fwalk_reent
                0x08009704       0x3e c:/tools/gcc-arm-none-eabi-9-2019-q4-major/bin/../lib/gcc/arm-none-eabi/9.2.1/../../../../arm-none-eabi/lib/thumb/v7e-m+fp/hard\libc_nano.a(lib_a-fwalk.o)
                0x08009704                _fwalk_reent
 *fill*         0x08009742        0x2 
 .text.__libc_init_array
                0x08009744       0x48 c:/tools/gcc-arm-none-eabi-9-2019-q4-major/bin/../lib/gcc/arm-none-eabi/9.2.1/../../../../arm-none-eabi/lib/thumb/v7e-m+fp/hard\libc_nano.a(lib_a-init.o)
                0x08009744                __libc_init_array
 .text.__retarget_lock_init_recursive
                0x0800978c        0x2 c:/tools/gcc-arm-none-eabi-9-2019-q4-major/bin/../lib/gcc/arm-none-eabi/9.2.1/../../../../arm-none-eabi/lib/thumb/v7e-m+fp/hard\libc_nano.a(lib_a-lock.o)
                0x0800978c                __retarget_lock_init_recursive
 .text.__retarget_lock_acquire_recursive
                0x0800978e        0x2 c:/tools/gcc-arm-none-eabi-9-2019-q4-major/bin/../lib/gcc/arm-none-eabi/9.2.1/../../../../arm-none-eabi/lib/thumb/v7e-m+fp/hard\libc_nano.a(lib_a-lock.o)
                0x0800978e                __retarget_lock_acquire_recursive
 .text.__retarget_lock_release_recursive
                0x08009790        0x2 c:/tools/gcc-arm-none-eabi-9-2019-q4-major/bin/../lib/gcc/arm-none-eabi/9.2.1/../../../../arm-none-eabi/lib/thumb/v7e-m+fp/hard\libc_nano.a(lib_a-lock.o)
                0x08009790                __retarget_lock_release_recursive
 .text.memcpy   0x08009792       0x1c c:/tools/gcc-arm-none-eabi-9-2019-q4-major/bin/../lib/gcc/arm-none-eabi/9.2.1/../../../../arm-none-eabi/lib/thumb/v7e-m+fp/hard\libc_nano.a(lib_a-memcpy-stub.o)
                0x08009792                memcpy
 .text.memset   0x080097ae       0x10 c:/tools/gcc-arm-none-eabi-9-2019-q4-major/bin/../lib/gcc/arm-none-eabi/9.2.1/../../../../arm-none-eabi/lib/thumb/v7e-m+fp/hard\libc_nano.a(lib_a-memset.o)
                0x080097ae                memset
 *fill*         0x080097be        0x2 
 .text._free_r  0x080097c0       0xa0 c:/tools/gcc-arm-none-eabi-9-2019-q4-major/bin/../lib/gcc/arm-none-eabi/9.2.1/../../../../arm-none-eabi/lib/thumb/v7e-m+fp/hard\libc_nano.a(lib_a-nano-freer.o)
                0x080097c0                _free_r
 .text._malloc_r
                0x08009860       0xb4 c:/tools/gcc-arm-none-eabi-9-2019-q4-major/bin/../lib/gcc/arm-none-eabi/9.2.1/../../../../arm-none-eabi/lib/thumb/v7e-m+fp/hard\libc_nano.a(lib_a-nano-mallocr.o)
                0x08009860                _malloc_r
 .text.__cvt    0x08009914       0xc4 c:/tools/gcc-arm-none-eabi-9-2019-q4-major/bin/../lib/gcc/arm-none-eabi/9.2.1/../../../../arm-none-eabi/lib/thumb/v7e-m+fp/hard\libc_nano.a(lib_a-nano-vfprintf_float.o)
                0x08009914                __cvt
 .text.__exponent
                0x080099d8       0x7c c:/tools/gcc-arm-none-eabi-9-2019-q4-major/bin/../lib/gcc/arm-none-eabi/9.2.1/../../../../arm-none-eabi/lib/thumb/v7e-m+fp/hard\libc_nano.a(lib_a-nano-vfprintf_float.o)
                0x080099d8                __exponent
 .text._printf_float
                0x08009a54      0x46c c:/tools/gcc-arm-none-eabi-9-2019-q4-major/bin/../lib/gcc/arm-none-eabi/9.2.1/../../../../arm-none-eabi/lib/thumb/v7e-m+fp/hard\libc_nano.a(lib_a-nano-vfprintf_float.o)
                0x08009a54                _printf_float
 .text._printf_common
                0x08009ec0       0xda c:/tools/gcc-arm-none-eabi-9-2019-q4-major/bin/../lib/gcc/arm-none-eabi/9.2.1/../../../../arm-none-eabi/lib/thumb/v7e-m+fp/hard\libc_nano.a(lib_a-nano-vfprintf_i.o)
                0x08009ec0                _printf_common
 *fill*         0x08009f9a        0x2 
 .text._printf_i
                0x08009f9c      0x24c c:/tools/gcc-arm-none-eabi-9-2019-q4-major/bin/../lib/gcc/arm-none-eabi/9.2.1/../../../../arm-none-eabi/lib/thumb/v7e-m+fp/hard\libc_nano.a(lib_a-nano-vfprintf_i.o)
                0x08009f9c                _printf_i
 .text._scanf_float
                0x0800a1e8      0x420 c:/tools/gcc-arm-none-eabi-9-2019-q4-major/bin/../lib/gcc/arm-none-eabi/9.2.1/../../../../arm-none-eabi/lib/thumb/v7e-m+fp/hard\libc_nano.a(lib_a-nano-vfscanf_float.o)
                0x0800a1e8                _scanf_float
 .text.printf   0x0800a608       0x30 c:/tools/gcc-arm-none-eabi-9-2019-q4-major/bin/../lib/gcc/arm-none-eabi/9.2.1/../../../../arm-none-eabi/lib/thumb/v7e-m+fp/hard\libc_nano.a(lib_a-printf.o)
                0x0800a608                iprintf
                0x0800a608                printf
 .text._puts_r  0x0800a638       0xdc c:/tools/gcc-arm-none-eabi-9-2019-q4-major/bin/../lib/gcc/arm-none-eabi/9.2.1/../../../../arm-none-eabi/lib/thumb/v7e-m+fp/hard\libc_nano.a(lib_a-puts.o)
                0x0800a638                _puts_r
 .text.puts     0x0800a714       0x10 c:/tools/gcc-arm-none-eabi-9-2019-q4-major/bin/../lib/gcc/arm-none-eabi/9.2.1/../../../../arm-none-eabi/lib/thumb/v7e-m+fp/hard\libc_nano.a(lib_a-puts.o)
                0x0800a714                puts
 .text._sbrk_r  0x0800a724       0x20 c:/tools/gcc-arm-none-eabi-9-2019-q4-major/bin/../lib/gcc/arm-none-eabi/9.2.1/../../../../arm-none-eabi/lib/thumb/v7e-m+fp/hard\libc_nano.a(lib_a-sbrkr.o)
                0x0800a724                _sbrk_r
 .text.setbuf   0x0800a744       0x10 c:/tools/gcc-arm-none-eabi-9-2019-q4-major/bin/../lib/gcc/arm-none-eabi/9.2.1/../../../../arm-none-eabi/lib/thumb/v7e-m+fp/hard\libc_nano.a(lib_a-setbuf.o)
                0x0800a744                setbuf
 .text.setvbuf  0x0800a754      0x18c c:/tools/gcc-arm-none-eabi-9-2019-q4-major/bin/../lib/gcc/arm-none-eabi/9.2.1/../../../../arm-none-eabi/lib/thumb/v7e-m+fp/hard\libc_nano.a(lib_a-setvbuf.o)
                0x0800a754                setvbuf
 .text.nanf     0x0800a8e0        0xc c:/tools/gcc-arm-none-eabi-9-2019-q4-major/bin/../lib/gcc/arm-none-eabi/9.2.1/../../../../arm-none-eabi/lib/thumb/v7e-m+fp/hard\libc_nano.a(lib_a-sf_nan.o)
                0x0800a8e0                nanf
 .text.sprintf  0x0800a8ec       0x40 c:/tools/gcc-arm-none-eabi-9-2019-q4-major/bin/../lib/gcc/arm-none-eabi/9.2.1/../../../../arm-none-eabi/lib/thumb/v7e-m+fp/hard\libc_nano.a(lib_a-sprintf.o)
                0x0800a8ec                siprintf
                0x0800a8ec                sprintf
 .text.__sread  0x0800a92c       0x22 c:/tools/gcc-arm-none-eabi-9-2019-q4-major/bin/../lib/gcc/arm-none-eabi/9.2.1/../../../../arm-none-eabi/lib/thumb/v7e-m+fp/hard\libc_nano.a(lib_a-stdio.o)
                0x0800a92c                __sread
 .text.__swrite
                0x0800a94e       0x38 c:/tools/gcc-arm-none-eabi-9-2019-q4-major/bin/../lib/gcc/arm-none-eabi/9.2.1/../../../../arm-none-eabi/lib/thumb/v7e-m+fp/hard\libc_nano.a(lib_a-stdio.o)
                0x0800a94e                __swrite
 .text.__sseek  0x0800a986       0x24 c:/tools/gcc-arm-none-eabi-9-2019-q4-major/bin/../lib/gcc/arm-none-eabi/9.2.1/../../../../arm-none-eabi/lib/thumb/v7e-m+fp/hard\libc_nano.a(lib_a-stdio.o)
                0x0800a986                __sseek
 .text.__sclose
                0x0800a9aa        0x8 c:/tools/gcc-arm-none-eabi-9-2019-q4-major/bin/../lib/gcc/arm-none-eabi/9.2.1/../../../../arm-none-eabi/lib/thumb/v7e-m+fp/hard\libc_nano.a(lib_a-stdio.o)
                0x0800a9aa                __sclose
 .text.sulp     0x0800a9b2       0x38 c:/tools/gcc-arm-none-eabi-9-2019-q4-major/bin/../lib/gcc/arm-none-eabi/9.2.1/../../../../arm-none-eabi/lib/thumb/v7e-m+fp/hard\libc_nano.a(lib_a-strtod.o)
 *fill*         0x0800a9ea        0x6 
 .text._strtod_l
                0x0800a9f0      0xc14 c:/tools/gcc-arm-none-eabi-9-2019-q4-major/bin/../lib/gcc/arm-none-eabi/9.2.1/../../../../arm-none-eabi/lib/thumb/v7e-m+fp/hard\libc_nano.a(lib_a-strtod.o)
                0x0800a9f0                _strtod_l
 .text._strtod_r
                0x0800b604        0xc c:/tools/gcc-arm-none-eabi-9-2019-q4-major/bin/../lib/gcc/arm-none-eabi/9.2.1/../../../../arm-none-eabi/lib/thumb/v7e-m+fp/hard\libc_nano.a(lib_a-strtod.o)
                0x0800b604                _strtod_r
 .text._strtol_l.isra.0
                0x0800b610       0xf4 c:/tools/gcc-arm-none-eabi-9-2019-q4-major/bin/../lib/gcc/arm-none-eabi/9.2.1/../../../../arm-none-eabi/lib/thumb/v7e-m+fp/hard\libc_nano.a(lib_a-strtol.o)
 .text._strtol_r
                0x0800b704        0x4 c:/tools/gcc-arm-none-eabi-9-2019-q4-major/bin/../lib/gcc/arm-none-eabi/9.2.1/../../../../arm-none-eabi/lib/thumb/v7e-m+fp/hard\libc_nano.a(lib_a-strtol.o)
                0x0800b704                _strtol_r
 .text.__swbuf_r
                0x0800b708       0xa4 c:/tools/gcc-arm-none-eabi-9-2019-q4-major/bin/../lib/gcc/arm-none-eabi/9.2.1/../../../../arm-none-eabi/lib/thumb/v7e-m+fp/hard\libc_nano.a(lib_a-wbuf.o)
                0x0800b708                __swbuf_r
 .text._write_r
                0x0800b7ac       0x24 c:/tools/gcc-arm-none-eabi-9-2019-q4-major/bin/../lib/gcc/arm-none-eabi/9.2.1/../../../../arm-none-eabi/lib/thumb/v7e-m+fp/hard\libc_nano.a(lib_a-writer.o)
                0x0800b7ac                _write_r
 .text.__swsetup_r
                0x0800b7d0       0xdc c:/tools/gcc-arm-none-eabi-9-2019-q4-major/bin/../lib/gcc/arm-none-eabi/9.2.1/../../../../arm-none-eabi/lib/thumb/v7e-m+fp/hard\libc_nano.a(lib_a-wsetup.o)
                0x0800b7d0                __swsetup_r
 .text._close_r
                0x0800b8ac       0x20 c:/tools/gcc-arm-none-eabi-9-2019-q4-major/bin/../lib/gcc/arm-none-eabi/9.2.1/../../../../arm-none-eabi/lib/thumb/v7e-m+fp/hard\libc_nano.a(lib_a-closer.o)
                0x0800b8ac                _close_r
 .text.quorem   0x0800b8cc      0x116 c:/tools/gcc-arm-none-eabi-9-2019-q4-major/bin/../lib/gcc/arm-none-eabi/9.2.1/../../../../arm-none-eabi/lib/thumb/v7e-m+fp/hard\libc_nano.a(lib_a-dtoa.o)
 *fill*         0x0800b9e2        0x6 
 .text._dtoa_r  0x0800b9e8      0xbbc c:/tools/gcc-arm-none-eabi-9-2019-q4-major/bin/../lib/gcc/arm-none-eabi/9.2.1/../../../../arm-none-eabi/lib/thumb/v7e-m+fp/hard\libc_nano.a(lib_a-dtoa.o)
                0x0800b9e8                _dtoa_r
 .text.rshift   0x0800c5a4       0xa4 c:/tools/gcc-arm-none-eabi-9-2019-q4-major/bin/../lib/gcc/arm-none-eabi/9.2.1/../../../../arm-none-eabi/lib/thumb/v7e-m+fp/hard\libc_nano.a(lib_a-gdtoa-gethex.o)
 .text.__hexdig_fun
                0x0800c648       0x2a c:/tools/gcc-arm-none-eabi-9-2019-q4-major/bin/../lib/gcc/arm-none-eabi/9.2.1/../../../../arm-none-eabi/lib/thumb/v7e-m+fp/hard\libc_nano.a(lib_a-gdtoa-gethex.o)
                0x0800c648                __hexdig_fun
 *fill*         0x0800c672        0x2 
 .text.__gethex
                0x0800c674      0x468 c:/tools/gcc-arm-none-eabi-9-2019-q4-major/bin/../lib/gcc/arm-none-eabi/9.2.1/../../../../arm-none-eabi/lib/thumb/v7e-m+fp/hard\libc_nano.a(lib_a-gdtoa-gethex.o)
                0x0800c674                __gethex
 .text.L_shift  0x0800cadc       0x24 c:/tools/gcc-arm-none-eabi-9-2019-q4-major/bin/../lib/gcc/arm-none-eabi/9.2.1/../../../../arm-none-eabi/lib/thumb/v7e-m+fp/hard\libc_nano.a(lib_a-gdtoa-hexnan.o)
 .text.__match  0x0800cb00       0x28 c:/tools/gcc-arm-none-eabi-9-2019-q4-major/bin/../lib/gcc/arm-none-eabi/9.2.1/../../../../arm-none-eabi/lib/thumb/v7e-m+fp/hard\libc_nano.a(lib_a-gdtoa-hexnan.o)
                0x0800cb00                __match
 .text.__hexnan
                0x0800cb28      0x138 c:/tools/gcc-arm-none-eabi-9-2019-q4-major/bin/../lib/gcc/arm-none-eabi/9.2.1/../../../../arm-none-eabi/lib/thumb/v7e-m+fp/hard\libc_nano.a(lib_a-gdtoa-hexnan.o)
                0x0800cb28                __hexnan
 .text._localeconv_r
                0x0800cc60        0x8 c:/tools/gcc-arm-none-eabi-9-2019-q4-major/bin/../lib/gcc/arm-none-eabi/9.2.1/../../../../arm-none-eabi/lib/thumb/v7e-m+fp/hard\libc_nano.a(lib_a-localeconv.o)
                0x0800cc60                _localeconv_r
 .text._lseek_r
                0x0800cc68       0x24 c:/tools/gcc-arm-none-eabi-9-2019-q4-major/bin/../lib/gcc/arm-none-eabi/9.2.1/../../../../arm-none-eabi/lib/thumb/v7e-m+fp/hard\libc_nano.a(lib_a-lseekr.o)
                0x0800cc68                _lseek_r
 .text.__swhatbuf_r
                0x0800cc8c       0x48 c:/tools/gcc-arm-none-eabi-9-2019-q4-major/bin/../lib/gcc/arm-none-eabi/9.2.1/../../../../arm-none-eabi/lib/thumb/v7e-m+fp/hard\libc_nano.a(lib_a-makebuf.o)
                0x0800cc8c                __swhatbuf_r
 .text.__smakebuf_r
                0x0800ccd4       0x80 c:/tools/gcc-arm-none-eabi-9-2019-q4-major/bin/../lib/gcc/arm-none-eabi/9.2.1/../../../../arm-none-eabi/lib/thumb/v7e-m+fp/hard\libc_nano.a(lib_a-makebuf.o)
                0x0800ccd4                __smakebuf_r
 .text.malloc   0x0800cd54       0x10 c:/tools/gcc-arm-none-eabi-9-2019-q4-major/bin/../lib/gcc/arm-none-eabi/9.2.1/../../../../arm-none-eabi/lib/thumb/v7e-m+fp/hard\libc_nano.a(lib_a-malloc.o)
                0x0800cd54                malloc
 .text.__ascii_mbtowc
                0x0800cd64       0x24 c:/tools/gcc-arm-none-eabi-9-2019-q4-major/bin/../lib/gcc/arm-none-eabi/9.2.1/../../../../arm-none-eabi/lib/thumb/v7e-m+fp/hard\libc_nano.a(lib_a-mbtowc_r.o)
                0x0800cd64                __ascii_mbtowc
 .text.__malloc_lock
                0x0800cd88        0xc c:/tools/gcc-arm-none-eabi-9-2019-q4-major/bin/../lib/gcc/arm-none-eabi/9.2.1/../../../../arm-none-eabi/lib/thumb/v7e-m+fp/hard\libc_nano.a(lib_a-mlock.o)
                0x0800cd88                __malloc_lock
 .text.__malloc_unlock
                0x0800cd94        0xc c:/tools/gcc-arm-none-eabi-9-2019-q4-major/bin/../lib/gcc/arm-none-eabi/9.2.1/../../../../arm-none-eabi/lib/thumb/v7e-m+fp/hard\libc_nano.a(lib_a-mlock.o)
                0x0800cd94                __malloc_unlock
 .text._Balloc  0x0800cda0       0x68 c:/tools/gcc-arm-none-eabi-9-2019-q4-major/bin/../lib/gcc/arm-none-eabi/9.2.1/../../../../arm-none-eabi/lib/thumb/v7e-m+fp/hard\libc_nano.a(lib_a-mprec.o)
                0x0800cda0                _Balloc
 .text._Bfree   0x0800ce08       0x2e c:/tools/gcc-arm-none-eabi-9-2019-q4-major/bin/../lib/gcc/arm-none-eabi/9.2.1/../../../../arm-none-eabi/lib/thumb/v7e-m+fp/hard\libc_nano.a(lib_a-mprec.o)
                0x0800ce08                _Bfree
 .text.__multadd
                0x0800ce36       0x7c c:/tools/gcc-arm-none-eabi-9-2019-q4-major/bin/../lib/gcc/arm-none-eabi/9.2.1/../../../../arm-none-eabi/lib/thumb/v7e-m+fp/hard\libc_nano.a(lib_a-mprec.o)
                0x0800ce36                __multadd
 .text.__s2b    0x0800ceb2       0x7c c:/tools/gcc-arm-none-eabi-9-2019-q4-major/bin/../lib/gcc/arm-none-eabi/9.2.1/../../../../arm-none-eabi/lib/thumb/v7e-m+fp/hard\libc_nano.a(lib_a-mprec.o)
                0x0800ceb2                __s2b
 .text.__hi0bits
                0x0800cf2e       0x40 c:/tools/gcc-arm-none-eabi-9-2019-q4-major/bin/../lib/gcc/arm-none-eabi/9.2.1/../../../../arm-none-eabi/lib/thumb/v7e-m+fp/hard\libc_nano.a(lib_a-mprec.o)
                0x0800cf2e                __hi0bits
 .text.__lo0bits
                0x0800cf6e       0x60 c:/tools/gcc-arm-none-eabi-9-2019-q4-major/bin/../lib/gcc/arm-none-eabi/9.2.1/../../../../arm-none-eabi/lib/thumb/v7e-m+fp/hard\libc_nano.a(lib_a-mprec.o)
                0x0800cf6e                __lo0bits
 .text.__i2b    0x0800cfce       0x12 c:/tools/gcc-arm-none-eabi-9-2019-q4-major/bin/../lib/gcc/arm-none-eabi/9.2.1/../../../../arm-none-eabi/lib/thumb/v7e-m+fp/hard\libc_nano.a(lib_a-mprec.o)
                0x0800cfce                __i2b
 .text.__multiply
                0x0800cfe0      0x138 c:/tools/gcc-arm-none-eabi-9-2019-q4-major/bin/../lib/gcc/arm-none-eabi/9.2.1/../../../../arm-none-eabi/lib/thumb/v7e-m+fp/hard\libc_nano.a(lib_a-mprec.o)
                0x0800cfe0                __multiply
 .text.__pow5mult
                0x0800d118       0x9c c:/tools/gcc-arm-none-eabi-9-2019-q4-major/bin/../lib/gcc/arm-none-eabi/9.2.1/../../../../arm-none-eabi/lib/thumb/v7e-m+fp/hard\libc_nano.a(lib_a-mprec.o)
                0x0800d118                __pow5mult
 .text.__lshift
                0x0800d1b4       0xbe c:/tools/gcc-arm-none-eabi-9-2019-q4-major/bin/../lib/gcc/arm-none-eabi/9.2.1/../../../../arm-none-eabi/lib/thumb/v7e-m+fp/hard\libc_nano.a(lib_a-mprec.o)
                0x0800d1b4                __lshift
 .text.__mcmp   0x0800d272       0x38 c:/tools/gcc-arm-none-eabi-9-2019-q4-major/bin/../lib/gcc/arm-none-eabi/9.2.1/../../../../arm-none-eabi/lib/thumb/v7e-m+fp/hard\libc_nano.a(lib_a-mprec.o)
                0x0800d272                __mcmp
 .text.__mdiff  0x0800d2aa       0xec c:/tools/gcc-arm-none-eabi-9-2019-q4-major/bin/../lib/gcc/arm-none-eabi/9.2.1/../../../../arm-none-eabi/lib/thumb/v7e-m+fp/hard\libc_nano.a(lib_a-mprec.o)
                0x0800d2aa                __mdiff
 *fill*         0x0800d396        0x2 
 .text.__ulp    0x0800d398       0x58 c:/tools/gcc-arm-none-eabi-9-2019-q4-major/bin/../lib/gcc/arm-none-eabi/9.2.1/../../../../arm-none-eabi/lib/thumb/v7e-m+fp/hard\libc_nano.a(lib_a-mprec.o)
                0x0800d398                __ulp
 .text.__b2d    0x0800d3f0       0xa0 c:/tools/gcc-arm-none-eabi-9-2019-q4-major/bin/../lib/gcc/arm-none-eabi/9.2.1/../../../../arm-none-eabi/lib/thumb/v7e-m+fp/hard\libc_nano.a(lib_a-mprec.o)
                0x0800d3f0                __b2d
 .text.__d2b    0x0800d490       0xa0 c:/tools/gcc-arm-none-eabi-9-2019-q4-major/bin/../lib/gcc/arm-none-eabi/9.2.1/../../../../arm-none-eabi/lib/thumb/v7e-m+fp/hard\libc_nano.a(lib_a-mprec.o)
                0x0800d490                __d2b
 .text.__ratio  0x0800d530       0x66 c:/tools/gcc-arm-none-eabi-9-2019-q4-major/bin/../lib/gcc/arm-none-eabi/9.2.1/../../../../arm-none-eabi/lib/thumb/v7e-m+fp/hard\libc_nano.a(lib_a-mprec.o)
                0x0800d530                __ratio
 .text.__copybits
                0x0800d596       0x46 c:/tools/gcc-arm-none-eabi-9-2019-q4-major/bin/../lib/gcc/arm-none-eabi/9.2.1/../../../../arm-none-eabi/lib/thumb/v7e-m+fp/hard\libc_nano.a(lib_a-mprec.o)
                0x0800d596                __copybits
 .text.__any_on
                0x0800d5dc       0x42 c:/tools/gcc-arm-none-eabi-9-2019-q4-major/bin/../lib/gcc/arm-none-eabi/9.2.1/../../../../arm-none-eabi/lib/thumb/v7e-m+fp/hard\libc_nano.a(lib_a-mprec.o)
                0x0800d5dc                __any_on
 .text._calloc_r
                0x0800d61e       0x1e c:/tools/gcc-arm-none-eabi-9-2019-q4-major/bin/../lib/gcc/arm-none-eabi/9.2.1/../../../../arm-none-eabi/lib/thumb/v7e-m+fp/hard\libc_nano.a(lib_a-nano-callocr.o)
                0x0800d61e                _calloc_r
 .text.__ssputs_r
                0x0800d63c       0xb6 c:/tools/gcc-arm-none-eabi-9-2019-q4-major/bin/../lib/gcc/arm-none-eabi/9.2.1/../../../../arm-none-eabi/lib/thumb/v7e-m+fp/hard\libc_nano.a(lib_a-nano-svfprintf.o)
                0x0800d63c                __ssputs_r
 *fill*         0x0800d6f2        0x2 
 .text._svfprintf_r
                0x0800d6f4      0x200 c:/tools/gcc-arm-none-eabi-9-2019-q4-major/bin/../lib/gcc/arm-none-eabi/9.2.1/../../../../arm-none-eabi/lib/thumb/v7e-m+fp/hard\libc_nano.a(lib_a-nano-svfprintf.o)
                0x0800d6f4                _svfiprintf_r
                0x0800d6f4                _svfprintf_r
 .text.__sfputc_r
                0x0800d8f4       0x2e c:/tools/gcc-arm-none-eabi-9-2019-q4-major/bin/../lib/gcc/arm-none-eabi/9.2.1/../../../../arm-none-eabi/lib/thumb/v7e-m+fp/hard\libc_nano.a(lib_a-nano-vfprintf.o)
 .text.__sfputs_r
                0x0800d922       0x24 c:/tools/gcc-arm-none-eabi-9-2019-q4-major/bin/../lib/gcc/arm-none-eabi/9.2.1/../../../../arm-none-eabi/lib/thumb/v7e-m+fp/hard\libc_nano.a(lib_a-nano-vfprintf.o)
                0x0800d922                __sfputs_r
 *fill*         0x0800d946        0x2 
 .text._vfprintf_r
                0x0800d948      0x260 c:/tools/gcc-arm-none-eabi-9-2019-q4-major/bin/../lib/gcc/arm-none-eabi/9.2.1/../../../../arm-none-eabi/lib/thumb/v7e-m+fp/hard\libc_nano.a(lib_a-nano-vfprintf.o)
                0x0800d948                _vfprintf_r
                0x0800d948                _vfiprintf_r
 .text._read_r  0x0800dba8       0x24 c:/tools/gcc-arm-none-eabi-9-2019-q4-major/bin/../lib/gcc/arm-none-eabi/9.2.1/../../../../arm-none-eabi/lib/thumb/v7e-m+fp/hard\libc_nano.a(lib_a-readr.o)
                0x0800dba8                _read_r
 *fill*         0x0800dbcc        0x4 
 .text.nan      0x0800dbd0       0x10 c:/tools/gcc-arm-none-eabi-9-2019-q4-major/bin/../lib/gcc/arm-none-eabi/9.2.1/../../../../arm-none-eabi/lib/thumb/v7e-m+fp/hard\libc_nano.a(lib_a-s_nan.o)
                0x0800dbd0                nan
 .text.strncmp  0x0800dbe0       0x24 c:/tools/gcc-arm-none-eabi-9-2019-q4-major/bin/../lib/gcc/arm-none-eabi/9.2.1/../../../../arm-none-eabi/lib/thumb/v7e-m+fp/hard\libc_nano.a(lib_a-strncmp.o)
                0x0800dbe0                strncmp
 .text.__ascii_wctomb
                0x0800dc04       0x1a c:/tools/gcc-arm-none-eabi-9-2019-q4-major/bin/../lib/gcc/arm-none-eabi/9.2.1/../../../../arm-none-eabi/lib/thumb/v7e-m+fp/hard\libc_nano.a(lib_a-wctomb_r.o)
                0x0800dc04                __ascii_wctomb
 *fill*         0x0800dc1e        0x2 
 .text._fstat_r
                0x0800dc20       0x24 c:/tools/gcc-arm-none-eabi-9-2019-q4-major/bin/../lib/gcc/arm-none-eabi/9.2.1/../../../../arm-none-eabi/lib/thumb/v7e-m+fp/hard\libc_nano.a(lib_a-fstatr.o)
                0x0800dc20                _fstat_r
 .text._isatty_r
                0x0800dc44       0x20 c:/tools/gcc-arm-none-eabi-9-2019-q4-major/bin/../lib/gcc/arm-none-eabi/9.2.1/../../../../arm-none-eabi/lib/thumb/v7e-m+fp/hard\libc_nano.a(lib_a-isattyr.o)
                0x0800dc44                _isatty_r
 .text.memmove  0x0800dc64       0x34 c:/tools/gcc-arm-none-eabi-9-2019-q4-major/bin/../lib/gcc/arm-none-eabi/9.2.1/../../../../arm-none-eabi/lib/thumb/v7e-m+fp/hard\libc_nano.a(lib_a-memmove.o)
                0x0800dc64                memmove
 .text._realloc_r
                0x0800dc98       0x4c c:/tools/gcc-arm-none-eabi-9-2019-q4-major/bin/../lib/gcc/arm-none-eabi/9.2.1/../../../../arm-none-eabi/lib/thumb/v7e-m+fp/hard\libc_nano.a(lib_a-nano-reallocr.o)
                0x0800dc98                _realloc_r
 .text._malloc_usable_size_r
                0x0800dce4       0x10 c:/tools/gcc-arm-none-eabi-9-2019-q4-major/bin/../lib/gcc/arm-none-eabi/9.2.1/../../../../arm-none-eabi/lib/thumb/v7e-m+fp/hard\libc_nano.a(lib_a-nano-msizer.o)
                0x0800dce4                _malloc_usable_size_r
 *fill*         0x0800dcf4        0x4 
 .text.ceil     0x0800dcf8      0x100 c:/tools/gcc-arm-none-eabi-9-2019-q4-major/bin/../lib/gcc/arm-none-eabi/9.2.1/../../../../arm-none-eabi/lib/thumb/v7e-m+fp/hard\libm.a(lib_a-s_ceil.o)
                0x0800dcf8                ceil
 .text.floor    0x0800ddf8      0x108 c:/tools/gcc-arm-none-eabi-9-2019-q4-major/bin/../lib/gcc/arm-none-eabi/9.2.1/../../../../arm-none-eabi/lib/thumb/v7e-m+fp/hard\libm.a(lib_a-s_floor.o)
                0x0800ddf8                floor
 .text.trunc    0x0800df00       0x7c c:/tools/gcc-arm-none-eabi-9-2019-q4-major/bin/../lib/gcc/arm-none-eabi/9.2.1/../../../../arm-none-eabi/lib/thumb/v7e-m+fp/hard\libm.a(lib_a-s_trunc.o)
                0x0800df00                trunc
 .text.log      0x0800df7c      0x108 c:/tools/gcc-arm-none-eabi-9-2019-q4-major/bin/../lib/gcc/arm-none-eabi/9.2.1/../../../../arm-none-eabi/lib/thumb/v7e-m+fp/hard\libm.a(lib_a-w_log.o)
                0x0800df7c                log
 *fill*         0x0800e084        0x4 
 .text.__ieee754_log
                0x0800e088      0x418 c:/tools/gcc-arm-none-eabi-9-2019-q4-major/bin/../lib/gcc/arm-none-eabi/9.2.1/../../../../arm-none-eabi/lib/thumb/v7e-m+fp/hard\libm.a(lib_a-e_log.o)
                0x0800e088                __ieee754_log
 .text.matherr  0x0800e4a0        0x4 c:/tools/gcc-arm-none-eabi-9-2019-q4-major/bin/../lib/gcc/arm-none-eabi/9.2.1/../../../../arm-none-eabi/lib/thumb/v7e-m+fp/hard\libm.a(lib_a-s_matherr.o)
                0x0800e4a0                matherr
 *(.glue_7)
 .glue_7        0x0800e4a4        0x0 linker stubs
 *(.glue_7t)
 .glue_7t       0x0800e4a4        0x0 linker stubs
 *(.eh_frame)
 .eh_frame      0x0800e4a4        0x0 c:/tools/gcc-arm-none-eabi-9-2019-q4-major/bin/../lib/gcc/arm-none-eabi/9.2.1/thumb/v7e-m+fp/hard/crtbegin.o
 *(.init)
 .init          0x0800e4a4        0x4 c:/tools/gcc-arm-none-eabi-9-2019-q4-major/bin/../lib/gcc/arm-none-eabi/9.2.1/thumb/v7e-m+fp/hard/crti.o
                0x0800e4a4                _init
 .init          0x0800e4a8        0x8 c:/tools/gcc-arm-none-eabi-9-2019-q4-major/bin/../lib/gcc/arm-none-eabi/9.2.1/thumb/v7e-m+fp/hard/crtn.o
 *(.fini)
 .fini          0x0800e4b0        0x4 c:/tools/gcc-arm-none-eabi-9-2019-q4-major/bin/../lib/gcc/arm-none-eabi/9.2.1/thumb/v7e-m+fp/hard/crti.o
                0x0800e4b0                _fini
 .fini          0x0800e4b4        0x8 c:/tools/gcc-arm-none-eabi-9-2019-q4-major/bin/../lib/gcc/arm-none-eabi/9.2.1/thumb/v7e-m+fp/hard/crtn.o
                0x0800e4bc                . = ALIGN (0x4)
                0x0800e4bc                _etext = .

.vfp11_veneer   0x0800e4bc        0x0
 .vfp11_veneer  0x0800e4bc        0x0 linker stubs

.v4_bx          0x0800e4bc        0x0
 .v4_bx         0x0800e4bc        0x0 linker stubs

.iplt           0x0800e4bc        0x0
 .iplt          0x0800e4bc        0x0 c:/tools/gcc-arm-none-eabi-9-2019-q4-major/bin/../lib/gcc/arm-none-eabi/9.2.1/thumb/v7e-m+fp/hard/crtbegin.o

.rodata         0x0800e4c0      0x6dc
                0x0800e4c0                . = ALIGN (0x4)
 *(.rodata)
 *(.rodata*)
 .rodata.AHBPrescTable
                0x0800e4c0       0x10 build/system_stm32f4xx.o
                0x0800e4c0                AHBPrescTable
 .rodata.APBPrescTable
                0x0800e4d0        0x8 build/system_stm32f4xx.o
                0x0800e4d0                APBPrescTable
 .rodata.IMU_Initialize.str1.4
                0x0800e4d8        0xc build/imu.o
 .rodata.Sensor_DebugPrintf.str1.4
                0x0800e4e4       0x45 build/ir_sensor.o
 *fill*         0x0800e529        0x3 
 .rodata.data_read.str1.4
                0x0800e52c       0xfa build/module_test.o
 *fill*         0x0800e626        0x2 
 .rodata.module_test.str1.4
                0x0800e628      0x23f build/module_test.o
 *fill*         0x0800e867        0x1 
 .rodata.flagBitshiftOffset.8548
                0x0800e868        0x8 build/stm32f4xx_hal_dma.o
 .rodata.__sf_fake_stderr
                0x0800e870       0x20 c:/tools/gcc-arm-none-eabi-9-2019-q4-major/bin/../lib/gcc/arm-none-eabi/9.2.1/../../../../arm-none-eabi/lib/thumb/v7e-m+fp/hard\libc_nano.a(lib_a-findfp.o)
                0x0800e870                __sf_fake_stderr
 .rodata.__sf_fake_stdin
                0x0800e890       0x20 c:/tools/gcc-arm-none-eabi-9-2019-q4-major/bin/../lib/gcc/arm-none-eabi/9.2.1/../../../../arm-none-eabi/lib/thumb/v7e-m+fp/hard\libc_nano.a(lib_a-findfp.o)
                0x0800e890                __sf_fake_stdin
 .rodata.__sf_fake_stdout
                0x0800e8b0       0x20 c:/tools/gcc-arm-none-eabi-9-2019-q4-major/bin/../lib/gcc/arm-none-eabi/9.2.1/../../../../arm-none-eabi/lib/thumb/v7e-m+fp/hard\libc_nano.a(lib_a-findfp.o)
                0x0800e8b0                __sf_fake_stdout
 .rodata._global_impure_ptr
                0x0800e8d0        0x4 c:/tools/gcc-arm-none-eabi-9-2019-q4-major/bin/../lib/gcc/arm-none-eabi/9.2.1/../../../../arm-none-eabi/lib/thumb/v7e-m+fp/hard\libc_nano.a(lib_a-impure.o)
                0x0800e8d0                _global_impure_ptr
 .rodata._printf_float.str1.1
                0x0800e8d4       0x12 c:/tools/gcc-arm-none-eabi-9-2019-q4-major/bin/../lib/gcc/arm-none-eabi/9.2.1/../../../../arm-none-eabi/lib/thumb/v7e-m+fp/hard\libc_nano.a(lib_a-nano-vfprintf_float.o)
 .rodata._printf_i.str1.1
                0x0800e8e6       0x22 c:/tools/gcc-arm-none-eabi-9-2019-q4-major/bin/../lib/gcc/arm-none-eabi/9.2.1/../../../../arm-none-eabi/lib/thumb/v7e-m+fp/hard\libc_nano.a(lib_a-nano-vfprintf_i.o)
 .rodata._scanf_float.str1.1
                0x0800e908        0x5 c:/tools/gcc-arm-none-eabi-9-2019-q4-major/bin/../lib/gcc/arm-none-eabi/9.2.1/../../../../arm-none-eabi/lib/thumb/v7e-m+fp/hard\libc_nano.a(lib_a-nano-vfscanf_float.o)
                                  0x6 (size before relaxing)
 .rodata._strtod_l.str1.1
                0x0800e90d        0x5 c:/tools/gcc-arm-none-eabi-9-2019-q4-major/bin/../lib/gcc/arm-none-eabi/9.2.1/../../../../arm-none-eabi/lib/thumb/v7e-m+fp/hard\libc_nano.a(lib_a-strtod.o)
                                  0xd (size before relaxing)
 *fill*         0x0800e90d        0x3 
 .rodata.fpi.7566
                0x0800e910       0x14 c:/tools/gcc-arm-none-eabi-9-2019-q4-major/bin/../lib/gcc/arm-none-eabi/9.2.1/../../../../arm-none-eabi/lib/thumb/v7e-m+fp/hard\libc_nano.a(lib_a-strtod.o)
 .rodata.fpinan.7602
                0x0800e924       0x14 c:/tools/gcc-arm-none-eabi-9-2019-q4-major/bin/../lib/gcc/arm-none-eabi/9.2.1/../../../../arm-none-eabi/lib/thumb/v7e-m+fp/hard\libc_nano.a(lib_a-strtod.o)
 .rodata.tinytens
                0x0800e938       0x28 c:/tools/gcc-arm-none-eabi-9-2019-q4-major/bin/../lib/gcc/arm-none-eabi/9.2.1/../../../../arm-none-eabi/lib/thumb/v7e-m+fp/hard\libc_nano.a(lib_a-strtod.o)
 .rodata._ctype_
                0x0800e960      0x101 c:/tools/gcc-arm-none-eabi-9-2019-q4-major/bin/../lib/gcc/arm-none-eabi/9.2.1/../../../../arm-none-eabi/lib/thumb/v7e-m+fp/hard\libc_nano.a(lib_a-ctype_.o)
                0x0800e960                _ctype_
 .rodata._dtoa_r.str1.1
                0x0800ea61        0xd c:/tools/gcc-arm-none-eabi-9-2019-q4-major/bin/../lib/gcc/arm-none-eabi/9.2.1/../../../../arm-none-eabi/lib/thumb/v7e-m+fp/hard\libc_nano.a(lib_a-dtoa.o)
                                  0xf (size before relaxing)
 .rodata.str1.1
                0x0800ea6e        0x2 c:/tools/gcc-arm-none-eabi-9-2019-q4-major/bin/../lib/gcc/arm-none-eabi/9.2.1/../../../../arm-none-eabi/lib/thumb/v7e-m+fp/hard\libc_nano.a(lib_a-lnumeric.o)
                                  0x3 (size before relaxing)
 .rodata._C_numeric_locale
                0x0800ea70        0xc c:/tools/gcc-arm-none-eabi-9-2019-q4-major/bin/../lib/gcc/arm-none-eabi/9.2.1/../../../../arm-none-eabi/lib/thumb/v7e-m+fp/hard\libc_nano.a(lib_a-lnumeric.o)
                0x0800ea70                _C_numeric_locale
 .rodata._setlocale_r.str1.1
                0x0800ea7c        0x8 c:/tools/gcc-arm-none-eabi-9-2019-q4-major/bin/../lib/gcc/arm-none-eabi/9.2.1/../../../../arm-none-eabi/lib/thumb/v7e-m+fp/hard\libc_nano.a(lib_a-locale.o)
                                  0x9 (size before relaxing)
 .rodata.str1.1
                0x0800ea84        0x2 c:/tools/gcc-arm-none-eabi-9-2019-q4-major/bin/../lib/gcc/arm-none-eabi/9.2.1/../../../../arm-none-eabi/lib/thumb/v7e-m+fp/hard\libc_nano.a(lib_a-locale.o)
 *fill*         0x0800ea84        0x4 
 .rodata.__mprec_bigtens
                0x0800ea88       0x28 c:/tools/gcc-arm-none-eabi-9-2019-q4-major/bin/../lib/gcc/arm-none-eabi/9.2.1/../../../../arm-none-eabi/lib/thumb/v7e-m+fp/hard\libc_nano.a(lib_a-mprec.o)
                0x0800ea88                __mprec_bigtens
 .rodata.__mprec_tens
                0x0800eab0       0xc8 c:/tools/gcc-arm-none-eabi-9-2019-q4-major/bin/../lib/gcc/arm-none-eabi/9.2.1/../../../../arm-none-eabi/lib/thumb/v7e-m+fp/hard\libc_nano.a(lib_a-mprec.o)
                0x0800eab0                __mprec_tens
 .rodata.p05.7490
                0x0800eb78        0xc c:/tools/gcc-arm-none-eabi-9-2019-q4-major/bin/../lib/gcc/arm-none-eabi/9.2.1/../../../../arm-none-eabi/lib/thumb/v7e-m+fp/hard\libc_nano.a(lib_a-mprec.o)
 .rodata._svfprintf_r.str1.1
                0x0800eb84       0x11 c:/tools/gcc-arm-none-eabi-9-2019-q4-major/bin/../lib/gcc/arm-none-eabi/9.2.1/../../../../arm-none-eabi/lib/thumb/v7e-m+fp/hard\libc_nano.a(lib_a-nano-svfprintf.o)
 .rodata._vfprintf_r.str1.1
                0x0800eb95       0x11 c:/tools/gcc-arm-none-eabi-9-2019-q4-major/bin/../lib/gcc/arm-none-eabi/9.2.1/../../../../arm-none-eabi/lib/thumb/v7e-m+fp/hard\libc_nano.a(lib_a-nano-vfprintf.o)
 *fill*         0x0800eb95        0x3 
 .rodata.log.str1.4
                0x0800eb98        0x4 c:/tools/gcc-arm-none-eabi-9-2019-q4-major/bin/../lib/gcc/arm-none-eabi/9.2.1/../../../../arm-none-eabi/lib/thumb/v7e-m+fp/hard\libm.a(lib_a-w_log.o)
                                  0x5 (size before relaxing)
                0x0800eb9c                . = ALIGN (0x4)

.ARM.extab
 *(.ARM.extab* .gnu.linkonce.armextab.*)

.ARM            0x0800eb9c        0x8
                0x0800eb9c                __exidx_start = .
 *(.ARM.exidx*)
 .ARM.exidx     0x0800eb9c        0x8 c:/tools/gcc-arm-none-eabi-9-2019-q4-major/bin/../lib/gcc/arm-none-eabi/9.2.1/thumb/v7e-m+fp/hard\libgcc.a(_udivmoddi4.o)
                0x0800eba4                __exidx_end = .

.rel.dyn        0x0800eba4        0x0
 .rel.iplt      0x0800eba4        0x0 c:/tools/gcc-arm-none-eabi-9-2019-q4-major/bin/../lib/gcc/arm-none-eabi/9.2.1/thumb/v7e-m+fp/hard/crtbegin.o

.preinit_array  0x0800eba4        0x0
                0x0800eba4                PROVIDE (__preinit_array_start = .)
 *(.preinit_array*)
                0x0800eba4                PROVIDE (__preinit_array_end = .)

.init_array     0x0800eba4        0x4
                0x0800eba4                PROVIDE (__init_array_start = .)
 *(SORT_BY_NAME(.init_array.*))
 *(.init_array*)
 .init_array    0x0800eba4        0x4 c:/tools/gcc-arm-none-eabi-9-2019-q4-major/bin/../lib/gcc/arm-none-eabi/9.2.1/thumb/v7e-m+fp/hard/crtbegin.o
                0x0800eba8                PROVIDE (__init_array_end = .)

.fini_array     0x0800eba8        0x4
                [!provide]                PROVIDE (__fini_array_start = .)
 *(SORT_BY_NAME(.fini_array.*))
 *(.fini_array*)
 .fini_array    0x0800eba8        0x4 c:/tools/gcc-arm-none-eabi-9-2019-q4-major/bin/../lib/gcc/arm-none-eabi/9.2.1/thumb/v7e-m+fp/hard/crtbegin.o
                [!provide]                PROVIDE (__fini_array_end = .)
                0x0800ebac                _sidata = LOADADDR (.data)

.data           0x20000000      0x410 load address 0x0800ebac
                0x20000000                . = ALIGN (0x4)
                0x20000000                _sdata = .
 *(.data)
 *(.data*)
 .data.maze_goal.10761
                0x20000000       0x12 build/main.o
 *fill*         0x20000012        0x2 
 .data.table_front_left_wall
                0x20000014       0x80 build/lookuptable.o
                0x20000014                table_front_left_wall
 .data.table_front_right_wall
                0x20000094       0x80 build/lookuptable.o
                0x20000094                table_front_right_wall
 .data.table_sidewall
                0x20000114      0x100 build/lookuptable.o
                0x20000114                table_sidewall
 .data.left_count_old.6655