Archive member included to satisfy reference by file (symbol)

c:/tools/gcc-arm-none-eabi-9-2019-q4-major/bin/../lib/gcc/arm-none-eabi/9.2.1/../../../../arm-none-eabi/lib/thumb/v7e-m+fp/hard\libc_nano.a(lib_a-errno.o)
                              build/syscalls.o (__errno)
c:/tools/gcc-arm-none-eabi-9-2019-q4-major/bin/../lib/gcc/arm-none-eabi/9.2.1/../../../../arm-none-eabi/lib/thumb/v7e-m+fp/hard\libc_nano.a(lib_a-exit.o)
                              c:/tools/gcc-arm-none-eabi-9-2019-q4-major/bin/../lib/gcc/arm-none-eabi/9.2.1/../../../../arm-none-eabi/lib/thumb/v7e-m+fp/hard/crt0.o (exit)
c:/tools/gcc-arm-none-eabi-9-2019-q4-major/bin/../lib/gcc/arm-none-eabi/9.2.1/../../../../arm-none-eabi/lib/thumb/v7e-m+fp/hard\libc_nano.a(lib_a-fflush.o)
                              build/module_test.o (fflush)
c:/tools/gcc-arm-none-eabi-9-2019-q4-major/bin/../lib/gcc/arm-none-eabi/9.2.1/../../../../arm-none-eabi/lib/thumb/v7e-m+fp/hard\libc_nano.a(lib_a-findfp.o)
                              c:/tools/gcc-arm-none-eabi-9-2019-q4-major/bin/../lib/gcc/arm-none-eabi/9.2.1/../../../../arm-none-eabi/lib/thumb/v7e-m+fp/hard\libc_nano.a(lib_a-fflush.o) (__sinit)
c:/tools/gcc-arm-none-eabi-9-2019-q4-major/bin/../lib/gcc/arm-none-eabi/9.2.1/../../../../arm-none-eabi/lib/thumb/v7e-m+fp/hard\libc_nano.a(lib_a-fwalk.o)
                              c:/tools/gcc-arm-none-eabi-9-2019-q4-major/bin/../lib/gcc/arm-none-eabi/9.2.1/../../../../arm-none-eabi/lib/thumb/v7e-m+fp/hard\libc_nano.a(lib_a-findfp.o) (_fwalk)
c:/tools/gcc-arm-none-eabi-9-2019-q4-major/bin/../lib/gcc/arm-none-eabi/9.2.1/../../../../arm-none-eabi/lib/thumb/v7e-m+fp/hard\libc_nano.a(lib_a-impure.o)
                              c:/tools/gcc-arm-none-eabi-9-2019-q4-major/bin/../lib/gcc/arm-none-eabi/9.2.1/../../../../arm-none-eabi/lib/thumb/v7e-m+fp/hard\libc_nano.a(lib_a-exit.o) (_global_impure_ptr)
c:/tools/gcc-arm-none-eabi-9-2019-q4-major/bin/../lib/gcc/arm-none-eabi/9.2.1/../../../../arm-none-eabi/lib/thumb/v7e-m+fp/hard\libc_nano.a(lib_a-init.o)
                              c:/tools/gcc-arm-none-eabi-9-2019-q4-major/bin/../lib/gcc/arm-none-eabi/9.2.1/../../../../arm-none-eabi/lib/thumb/v7e-m+fp/hard/crt0.o (__libc_init_array)
c:/tools/gcc-arm-none-eabi-9-2019-q4-major/bin/../lib/gcc/arm-none-eabi/9.2.1/../../../../arm-none-eabi/lib/thumb/v7e-m+fp/hard\libc_nano.a(lib_a-lock.o)
                              c:/tools/gcc-arm-none-eabi-9-2019-q4-major/bin/../lib/gcc/arm-none-eabi/9.2.1/../../../../arm-none-eabi/lib/thumb/v7e-m+fp/hard\libc_nano.a(lib_a-findfp.o) (__retarget_lock_init_recursive)
c:/tools/gcc-arm-none-eabi-9-2019-q4-major/bin/../lib/gcc/arm-none-eabi/9.2.1/../../../../arm-none-eabi/lib/thumb/v7e-m+fp/hard\libc_nano.a(lib_a-memcpy-stub.o)
                              build/maze_init.o (memcpy)
c:/tools/gcc-arm-none-eabi-9-2019-q4-major/bin/../lib/gcc/arm-none-eabi/9.2.1/../../../../arm-none-eabi/lib/thumb/v7e-m+fp/hard\libc_nano.a(lib_a-memset.o)
                              c:/tools/gcc-arm-none-eabi-9-2019-q4-major/bin/../lib/gcc/arm-none-eabi/9.2.1/../../../../arm-none-eabi/lib/thumb/v7e-m+fp/hard/crt0.o (memset)
c:/tools/gcc-arm-none-eabi-9-2019-q4-major/bin/../lib/gcc/arm-none-eabi/9.2.1/../../../../arm-none-eabi/lib/thumb/v7e-m+fp/hard\libc_nano.a(lib_a-nano-freer.o)
                              c:/tools/gcc-arm-none-eabi-9-2019-q4-major/bin/../lib/gcc/arm-none-eabi/9.2.1/../../../../arm-none-eabi/lib/thumb/v7e-m+fp/hard\libc_nano.a(lib_a-fflush.o) (_free_r)
c:/tools/gcc-arm-none-eabi-9-2019-q4-major/bin/../lib/gcc/arm-none-eabi/9.2.1/../../../../arm-none-eabi/lib/thumb/v7e-m+fp/hard\libc_nano.a(lib_a-nano-mallocr.o)
                              c:/tools/gcc-arm-none-eabi-9-2019-q4-major/bin/../lib/gcc/arm-none-eabi/9.2.1/../../../../arm-none-eabi/lib/thumb/v7e-m+fp/hard\libc_nano.a(lib_a-findfp.o) (_malloc_r)
c:/tools/gcc-arm-none-eabi-9-2019-q4-major/bin/../lib/gcc/arm-none-eabi/9.2.1/../../../../arm-none-eabi/lib/thumb/v7e-m+fp/hard\libc_nano.a(lib_a-printf.o)
                              build/imu.o (printf)
c:/tools/gcc-arm-none-eabi-9-2019-q4-major/bin/../lib/gcc/arm-none-eabi/9.2.1/../../../../arm-none-eabi/lib/thumb/v7e-m+fp/hard\libc_nano.a(lib_a-puts.o)
                              build/module_test.o (puts)
c:/tools/gcc-arm-none-eabi-9-2019-q4-major/bin/../lib/gcc/arm-none-eabi/9.2.1/../../../../arm-none-eabi/lib/thumb/v7e-m+fp/hard\libc_nano.a(lib_a-sbrkr.o)
                              c:/tools/gcc-arm-none-eabi-9-2019-q4-major/bin/../lib/gcc/arm-none-eabi/9.2.1/../../../../arm-none-eabi/lib/thumb/v7e-m+fp/hard\libc_nano.a(lib_a-nano-mallocr.o) (_sbrk_r)
c:/tools/gcc-arm-none-eabi-9-2019-q4-major/bin/../lib/gcc/arm-none-eabi/9.2.1/../../../../arm-none-eabi/lib/thumb/v7e-m+fp/hard\libc_nano.a(lib_a-setbuf.o)
                              build/communication.o (setbuf)
[...]
Memory Configuration

Name             Origin             Length             Attributes
RAM              0x20000000         0x00050000         xrw
FLASH            0x08000000         0x00180000         xr
*default*        0x00000000         0xffffffff

Linker script and memory map

LOAD c:/tools/gcc-arm-none-eabi-9-2019-q4-major/bin/../lib/gcc/arm-none-eabi/9.2.1/thumb/v7e-m+fp/hard/crti.o
LOAD c:/tools/gcc-arm-none-eabi-9-2019-q4-major/bin/../lib/gcc/arm-none-eabi/9.2.1/thumb/v7e-m+fp/hard/crtbegin.o
LOAD c:/tools/gcc-arm-none-eabi-9-2019-q4-major/bin/../lib/gcc/arm-none-eabi/9.2.1/../../../../arm-none-eabi/lib/thumb/v7e-m+fp/hard/crt0.o
LOAD build/main.o
LOAD build/gpio.o
LOAD build/adc.o
LOAD build/dma.o
LOAD build/spi.o
LOAD build/tim.o
LOAD build/usart.o
LOAD build/stm32f4xx_it.o
LOAD build/stm32f4xx_hal_msp.o
LOAD build/system_stm32f4xx.o
LOAD build/battery.o
LOAD build/communication.o
LOAD build/delay.o
LOAD build/encoder.o
LOAD build/idivide.o
LOAD build/imu.o
LOAD build/interrupt.o
LOAD build/ir_sensor.o
LOAD build/matlab_code_gen_data.o
LOAD build/matlab_code_gen_initialize.o
LOAD build/matlab_code_gen_rtwutil.o
LOAD build/matlab_code_gen_terminate.o
LOAD build/maze_init.o
LOAD build/maze_solve.o
LOAD build/maze.o
LOAD build/mode.o
LOAD build/module_test.o
LOAD build/motor.o
LOAD build/rem.o
LOAD build/syscalls.o
LOAD build/sysmem.o
LOAD build/target.o
LOAD build/stm32f4xx_hal_adc.o
LOAD build/stm32f4xx_hal_adc_ex.o
LOAD build/stm32f4xx_hal_spi.o
LOAD build/stm32f4xx_hal_tim.o
LOAD build/stm32f4xx_hal_tim_ex.o
LOAD build/stm32f4xx_hal_uart.o
LOAD build/stm32f4xx_hal_rcc.o
LOAD build/stm32f4xx_hal_rcc_ex.o
LOAD build/stm32f4xx_hal_flash.o
LOAD build/stm32f4xx_hal_flash_ex.o
LOAD build/stm32f4xx_hal_flash_ramfunc.o
LOAD build/stm32f4xx_hal_gpio.o
LOAD build/stm32f4xx_hal_dma_ex.o
LOAD build/stm32f4xx_hal_dma.o
LOAD build/stm32f4xx_hal_pwr.o
LOAD build/stm32f4xx_hal_pwr_ex.o
LOAD build/stm32f4xx_hal_cortex.o
LOAD build/stm32f4xx_hal.o
LOAD build/stm32f4xx_hal_exti.o
LOAD build/startup_stm32f413xx.o
LOAD c:/tools/gcc-arm-none-eabi-9-2019-q4-major/bin/../lib/gcc/arm-none-eabi/9.2.1/../../../../arm-none-eabi/lib/thumb/v7e-m+fp/hard\libc_nano.a
LOAD c:/tools/gcc-arm-none-eabi-9-2019-q4-major/bin/../lib/gcc/arm-none-eabi/9.2.1/../../../../arm-none-eabi/lib/thumb/v7e-m+fp/hard\libm.a
LOAD c:/tools/gcc-arm-none-eabi-9-2019-q4-major/bin/../lib/gcc/arm-none-eabi/9.2.1/../../../../arm-none-eabi/lib/thumb/v7e-m+fp/hard\libnosys.a
START GROUP
LOAD c:/tools/gcc-arm-none-eabi-9-2019-q4-major/bin/../lib/gcc/arm-none-eabi/9.2.1/thumb/v7e-m+fp/hard\libgcc.a
LOAD c:/tools/gcc-arm-none-eabi-9-2019-q4-major/bin/../lib/gcc/arm-none-eabi/9.2.1/../../../../arm-none-eabi/lib/thumb/v7e-m+fp/hard\libc_nano.a
END GROUP
START GROUP
LOAD c:/tools/gcc-arm-none-eabi-9-2019-q4-major/bin/../lib/gcc/arm-none-eabi/9.2.1/thumb/v7e-m+fp/hard\libgcc.a
LOAD c:/tools/gcc-arm-none-eabi-9-2019-q4-major/bin/../lib/gcc/arm-none-eabi/9.2.1/../../../../arm-none-eabi/lib/thumb/v7e-m+fp/hard\libc_nano.a
END GROUP
LOAD c:/tools/gcc-arm-none-eabi-9-2019-q4-major/bin/../lib/gcc/arm-none-eabi/9.2.1/thumb/v7e-m+fp/hard/crtend.o
LOAD c:/tools/gcc-arm-none-eabi-9-2019-q4-major/bin/../lib/gcc/arm-none-eabi/9.2.1/thumb/v7e-m+fp/hard/crtn.o
                0x20050000                _estack = 0x20050000
                0x00000200                _Min_Heap_Size = 0x200
                0x00000400                _Min_Stack_Size = 0x400

.isr_vector     0x08000000      0x1d8
                0x08000000                . = ALIGN (0x4)
 *(.isr_vector)
 .isr_vector    0x08000000      0x1d8 build/startup_stm32f413xx.o
                0x08000000                g_pfnVectors
                0x080001d8                . = ALIGN (0x4)

.text           0x080001e0     0xa2d0
                0x080001e0                . = ALIGN (0x4)
 *(.text)
 .text          0x080001e0       0x40 c:/tools/gcc-arm-none-eabi-9-2019-q4-major/bin/../lib/gcc/arm-none-eabi/9.2.1/thumb/v7e-m+fp/hard/crtbegin.o
 .text          0x08000220       0xa0 c:/tools/gcc-arm-none-eabi-9-2019-q4-major/bin/../lib/gcc/arm-none-eabi/9.2.1/../../../../arm-none-eabi/lib/thumb/v7e-m+fp/hard\libc_nano.a(lib_a-memchr.o)
                0x08000220                memchr
 .text          0x080002c0      0x378 c:/tools/gcc-arm-none-eabi-9-2019-q4-major/bin/../lib/gcc/arm-none-eabi/9.2.1/thumb/v7e-m+fp/hard\libgcc.a(_arm_addsubdf3.o)
                0x080002c0                __aeabi_drsub
                0x080002c8                __aeabi_dsub
                0x080002c8                __subdf3
                0x080002cc                __aeabi_dadd
                0x080002cc                __adddf3
                0x08000544                __floatunsidf
                0x08000544                __aeabi_ui2d
                0x08000564                __floatsidf
                0x08000564                __aeabi_i2d
                0x08000588                __aeabi_f2d
                0x08000588                __extendsfdf2
                0x080005cc                __floatundidf
                0x080005cc                __aeabi_ul2d
                0x080005dc                __floatdidf
                0x080005dc                __aeabi_l2d
 .text          0x08000638      0x424 c:/tools/gcc-arm-none-eabi-9-2019-q4-major/bin/../lib/gcc/arm-none-eabi/9.2.1/thumb/v7e-m+fp/hard\libgcc.a(_arm_muldivdf3.o)
                0x08000638                __aeabi_dmul
                0x08000638                __muldf3
                0x0800088c                __divdf3
                0x0800088c                __aeabi_ddiv
 .text          0x08000a5c      0x110 c:/tools/gcc-arm-none-eabi-9-2019-q4-major/bin/../lib/gcc/arm-none-eabi/9.2.1/thumb/v7e-m+fp/hard\libgcc.a(_arm_cmpdf2.o)
                0x08000a5c                __gtdf2
                0x08000a5c                __gedf2
                0x08000a64                __ltdf2
                0x08000a64                __ledf2
                0x08000a6c                __nedf2
                0x08000a6c                __eqdf2
                0x08000a6c                __cmpdf2
                0x08000ae8                __aeabi_cdrcmple
                0x08000af8                __aeabi_cdcmpeq
                0x08000af8                __aeabi_cdcmple
                0x08000b08                __aeabi_dcmpeq
                0x08000b1c                __aeabi_dcmplt
                0x08000b30                __aeabi_dcmple
                0x08000b44                __aeabi_dcmpge
                0x08000b58                __aeabi_dcmpgt
 .text          0x08000b6c       0x2c c:/tools/gcc-arm-none-eabi-9-2019-q4-major/bin/../lib/gcc/arm-none-eabi/9.2.1/thumb/v7e-m+fp/hard\libgcc.a(_arm_unorddf2.o)
                0x08000b6c                __unorddf2
                0x08000b6c                __aeabi_dcmpun
 .text          0x08000b98       0x40 c:/tools/gcc-arm-none-eabi-9-2019-q4-major/bin/../lib/gcc/arm-none-eabi/9.2.1/thumb/v7e-m+fp/hard\libgcc.a(_arm_fixunsdfsi.o)
                0x08000b98                __aeabi_d2uiz
                0x08000b98                __fixunsdfsi
 .text          0x08000bd8       0xa0 c:/tools/gcc-arm-none-eabi-9-2019-q4-major/bin/../lib/gcc/arm-none-eabi/9.2.1/thumb/v7e-m+fp/hard\libgcc.a(_arm_truncdfsf2.o)
                0x08000bd8                __truncdfsf2
                0x08000bd8                __aeabi_d2f
 .text          0x08000c78      0x21c c:/tools/gcc-arm-none-eabi-9-2019-q4-major/bin/../lib/gcc/arm-none-eabi/9.2.1/thumb/v7e-m+fp/hard\libgcc.a(_arm_addsubsf3.o)
                0x08000c78                __aeabi_frsub
                0x08000c80                __subsf3
                0x08000c80                __aeabi_fsub
                0x08000c84                __aeabi_fadd
                0x08000c84                __addsf3
                0x08000de4                __aeabi_ui2f
                0x08000de4                __floatunsisf
                0x08000dec                __aeabi_i2f
                0x08000dec                __floatsisf
                0x08000e08                __aeabi_ul2f
                0x08000e08                __floatundisf
                0x08000e18                __aeabi_l2f
                0x08000e18                __floatdisf
 .text          0x08000e94       0x30 c:/tools/gcc-arm-none-eabi-9-2019-q4-major/bin/../lib/gcc/arm-none-eabi/9.2.1/thumb/v7e-m+fp/hard\libgcc.a(_aeabi_uldivmod.o)
                0x08000e94                __aeabi_uldivmod
 .text          0x08000ec4      0x2c4 c:/tools/gcc-arm-none-eabi-9-2019-q4-major/bin/../lib/gcc/arm-none-eabi/9.2.1/thumb/v7e-m+fp/hard\libgcc.a(_udivmoddi4.o)
                0x08000ec4                __udivmoddi4
 .text          0x08001188        0x4 c:/tools/gcc-arm-none-eabi-9-2019-q4-major/bin/../lib/gcc/arm-none-eabi/9.2.1/thumb/v7e-m+fp/hard\libgcc.a(_dvmd_tls.o)
                0x08001188                __aeabi_idiv0
                0x08001188                __aeabi_ldiv0
 *(.text*)
 .text.SystemClock_Config
                0x0800118c       0x8c build/main.o
                0x0800118c                SystemClock_Config
 .text.main     0x08001218      0x2f8 build/main.o
                0x08001218                main
 .text.Error_Handler
                0x08001510        0x2 build/main.o
                0x08001510                Error_Handler
 *fill*         0x08001512        0x2 
 .text.MX_GPIO_Init
                0x08001514       0xc0 build/gpio.o
                0x08001514                MX_GPIO_Init
 .text.MX_ADC1_Init
                0x080015d4       0xd8 build/adc.o
                0x080015d4                MX_ADC1_Init
 .text.HAL_ADC_MspInit
                0x080016ac       0xd8 build/adc.o
                0x080016ac                HAL_ADC_MspInit
 .text.MX_DMA_Init
                0x08001784       0x88 build/dma.o
                0x08001784                MX_DMA_Init
 .text.MX_SPI2_Init
                0x0800180c       0x48 build/spi.o
                0x0800180c                MX_SPI2_Init
 .text.HAL_SPI_MspInit
                0x08001854       0xec build/spi.o
                0x08001854                HAL_SPI_MspInit
 .text.MX_TIM1_Init
                0x08001940      0x128 build/tim.o
                0x08001940                MX_TIM1_Init
 .text.MX_TIM2_Init
                0x08001a68       0x64 build/tim.o
                0x08001a68                MX_TIM2_Init
 .text.MX_TIM3_Init
                0x08001acc       0x68 build/tim.o
                0x08001acc                MX_TIM3_Init
 .text.MX_TIM6_Init
                0x08001b34       0x50 build/tim.o
                0x08001b34                MX_TIM6_Init
 .text.HAL_TIM_Base_MspInit
                0x08001b84      0x128 build/tim.o
                0x08001b84                HAL_TIM_Base_MspInit
 .text.HAL_TIM_Encoder_MspInit
                0x08001cac       0xe8 build/tim.o
                0x08001cac                HAL_TIM_Encoder_MspInit
 .text.HAL_TIM_MspPostInit
                0x08001d94       0x5c build/tim.o
                0x08001d94                HAL_TIM_MspPostInit
 .text.MX_TIM4_Init
                0x08001df0       0xe8 build/tim.o
                0x08001df0                MX_TIM4_Init
 .text.MX_USART1_UART_Init
                0x08001ed8       0x34 build/usart.o
                0x08001ed8                MX_USART1_UART_Init
 .text.HAL_UART_MspInit
                0x08001f0c       0x78 build/usart.o
                0x08001f0c                HAL_UART_MspInit
 .text.NMI_Handler
                0x08001f84        0x2 build/stm32f4xx_it.o
                0x08001f84                NMI_Handler
 .text.HardFault_Handler
                0x08001f86        0x2 build/stm32f4xx_it.o
                0x08001f86                HardFault_Handler
 .text.MemManage_Handler
                0x08001f88        0x2 build/stm32f4xx_it.o
                0x08001f88                MemManage_Handler
 .text.BusFault_Handler
                0x08001f8a        0x2 build/stm32f4xx_it.o
                0x08001f8a                BusFault_Handler
 .text.UsageFault_Handler
                0x08001f8c        0x2 build/stm32f4xx_it.o
                0x08001f8c                UsageFault_Handler
 .text.SVC_Handler
                0x08001f8e        0x2 build/stm32f4xx_it.o
                0x08001f8e                SVC_Handler
 .text.DebugMon_Handler
                0x08001f90        0x2 build/stm32f4xx_it.o
                0x08001f90                DebugMon_Handler
 .text.PendSV_Handler
                0x08001f92        0x2 build/stm32f4xx_it.o
                0x08001f92                PendSV_Handler
 .text.SysTick_Handler
                0x08001f94        0x8 build/stm32f4xx_it.o
                0x08001f94                SysTick_Handler
 .text.DMA1_Stream3_IRQHandler
                0x08001f9c       0x10 build/stm32f4xx_it.o
                0x08001f9c                DMA1_Stream3_IRQHandler
 .text.DMA1_Stream4_IRQHandler
                0x08001fac       0x10 build/stm32f4xx_it.o
                0x08001fac                DMA1_Stream4_IRQHandler
 .text.TIM6_DAC_IRQHandler
                0x08001fbc       0x1c build/stm32f4xx_it.o
                0x08001fbc                TIM6_DAC_IRQHandler
 .text.DMA2_Stream0_IRQHandler
                0x08001fd8       0x10 build/stm32f4xx_it.o
                0x08001fd8                DMA2_Stream0_IRQHandler
 .text.DMA2_Stream1_IRQHandler
                0x08001fe8       0x10 build/stm32f4xx_it.o
                0x08001fe8                DMA2_Stream1_IRQHandler
 .text.DMA2_Stream2_IRQHandler
                0x08001ff8       0x10 build/stm32f4xx_it.o
                0x08001ff8                DMA2_Stream2_IRQHandler
 .text.HAL_MspInit
                0x08002008       0x38 build/stm32f4xx_hal_msp.o
                0x08002008                HAL_MspInit
 .text.SystemInit
                0x08002040       0x4c build/system_stm32f4xx.o
                0x08002040                SystemInit
 .text.Battery_GetVoltage
                0x0800208c       0x24 build/battery.o
                0x0800208c                Battery_GetVoltage
 .text.Communication_Initialize
                0x080020b0       0x28 build/communication.o
                0x080020b0                Communication_Initialize
 .text.__io_putchar
                0x080020d8       0x20 build/communication.o
                0x080020d8                __io_putchar
 .text.__io_getchar
                0x080020f8       0x28 build/communication.o
                0x080020f8                __io_getchar
 .text.Encoder_ResetCount_Left
                0x08002120       0x10 build/encoder.o
                0x08002120                Encoder_ResetCount_Left
 .text.Encoder_ResetCount_Right
                0x08002130        0xc build/encoder.o
                0x08002130                Encoder_ResetCount_Right
 .text.Encoder_Initialize
                0x0800213c       0x44 build/encoder.o
                0x0800213c                Encoder_Initialize
 .text.Encoder_GetAngle_Left
                0x08002180       0x30 build/encoder.o
                0x08002180                Encoder_GetAngle_Left
 .text.Encoder_GetAngle_Right
                0x080021b0       0x30 build/encoder.o
                0x080021b0                Encoder_GetAngle_Right
 .text.Get_speed
                0x080021e0      0x1a8 build/encoder.o
                0x080021e0                Get_speed
 .text.speed_m_average
                0x08002388      0x110 build/encoder.o
                0x08002388                speed_m_average
 .text.rt_roundd_snf
                0x08002498       0x88 build/idivide.o
 .text.idivide  0x08002520       0x88 build/idivide.o
                0x08002520                idivide
 .text.IMU_Write1byte
                0x080025a8       0x54 build/imu.o
                0x080025a8                IMU_Write1byte
 .text.IMU_Read1byte
                0x080025fc       0x54 build/imu.o
                0x080025fc                IMU_Read1byte
 .text.IMU_CheckWHOAMI
                0x08002650        0xa build/imu.o
                0x08002650                IMU_CheckWHOAMI
 *fill*         0x0800265a        0x2 
 .text.IMU_Initialize
                0x0800265c       0xa4 build/imu.o
                0x0800265c                IMU_Initialize
 .text.HAL_SPI_TxRxCpltCallback
                0x08002700       0x5c build/imu.o
                0x08002700                HAL_SPI_TxRxCpltCallback
 .text.IMU_GetAccel_X
                0x0800275c       0x38 build/imu.o
                0x0800275c                IMU_GetAccel_X
 .text.IMU_GetGyro_Z
                0x08002794       0x44 build/imu.o
                0x08002794                IMU_GetGyro_Z
 .text.Interrupt_Main
                0x080027d8       0xf8 build/interrupt.o
                0x080027d8                Interrupt_Main
 .text.Interrupt_Initialize
                0x080028d0       0x10 build/interrupt.o
                0x080028d0                Interrupt_Initialize
 .text.Interrupt_PreProcess
                0x080028e0       0x48 build/interrupt.o
                0x080028e0                Interrupt_PreProcess
 .text.Interrupt_PostProcess
                0x08002928       0x3c build/interrupt.o
                0x08002928                Interrupt_PostProcess
 .text.Interrupt_GetDuty
                0x08002964        0xc build/interrupt.o
                0x08002964                Interrupt_GetDuty
 .text.Interrupt_GetDuty_Max
                0x08002970        0xc build/interrupt.o
                0x08002970                Interrupt_GetDuty_Max
 .text.Interrupt_GetBootTime
                0x0800297c        0xc build/interrupt.o
                0x0800297c                Interrupt_GetBootTime
 .text.TIM1_CC2_Callback
                0x08002988       0x48 build/ir_sensor.o
                0x08002988                TIM1_CC2_Callback
 .text.Sensor_StartADC
                0x080029d0       0x44 build/ir_sensor.o
                0x080029d0                Sensor_StartADC
 .text.Sensor_Initialize
                0x08002a14       0x68 build/ir_sensor.o
                0x08002a14                Sensor_Initialize
 .text.Sensor_StopADC
                0x08002a7c       0x3c build/ir_sensor.o
                0x08002a7c                Sensor_StopADC
 .text.HAL_ADC_ConvCpltCallback
                0x08002ab8       0x6c build/ir_sensor.o
                0x08002ab8                HAL_ADC_ConvCpltCallback
 .text.Sensor_GetBatteryValue
                0x08002b24        0xc build/ir_sensor.o
                0x08002b24                Sensor_GetBatteryValue
 .text.Sensor_GetValue
                0x08002b30       0x18 build/ir_sensor.o
                0x08002b30                Sensor_GetValue
 .text.SensorValue2length
                0x08002b48       0xb8 build/ir_sensor.o
                0x08002b48                SensorValue2length
 .text.Sensor_DebugPrintf
                0x08002c00       0x44 build/ir_sensor.o
                0x08002c00                Sensor_DebugPrintf
 .text.maze_init
                0x08002c44       0xbc build/maze_init.o
                0x08002c44                maze_init
 .text.fust_run
                0x08002d00      0x3b2 build/maze_solve.o
 .text.move_step
                0x080030b2       0x56 build/maze_solve.o
 .text.make_map_find
                0x08003108      0x32c build/maze_solve.o
 .text.search_adachi
                0x08003434      0xa38 build/maze_solve.o
 .text.make_map_fustrun
                0x08003e6c      0x468 build/maze_solve.o
 .text.maze_solve
                0x080042d4      0x24c build/maze_solve.o
                0x080042d4                maze_solve
 .text.mode_select
                0x08004520      0x268 build/mode.o
                0x08004520                mode_select
 .text.modechangejud_stanby
                0x08004788       0x24 build/mode.o
                0x08004788                modechangejud_stanby
 .text.log_init
                0x080047ac        0xc build/module_test.o
                0x080047ac                log_init
 .text.data_get
                0x080047b8      0x168 build/module_test.o
                0x080047b8                data_get
 .text.data_read
                0x08004920      0x1b0 build/module_test.o
                0x08004920                data_read
 .text.module_test
                0x08004ad0      0x2c8 build/module_test.o
                0x08004ad0                module_test
 .text.Motor_Initialize
                0x08004d98       0x2c build/motor.o
                0x08004d98                Motor_Initialize
 .text.Motor_SetDuty_Left
                0x08004dc4       0xc4 build/motor.o
                0x08004dc4                Motor_SetDuty_Left
 .text.Motor_SetDuty_Right
                0x08004e88       0xc4 build/motor.o
                0x08004e88                Motor_SetDuty_Right
 .text.b_rem    0x08004f4c       0x28 build/rem.o
                0x08004f4c                b_rem
 .text._read    0x08004f74       0x20 build/syscalls.o
                0x08004f74                _read
 .text._write   0x08004f94       0x1c build/syscalls.o
                0x08004f94                _write
 .text._close   0x08004fb0        0x6 build/syscalls.o
                0x08004fb0                _close
 .text._fstat   0x08004fb6        0xa build/syscalls.o
                0x08004fb6                _fstat
 .text._isatty  0x08004fc0        0x4 build/syscalls.o
                0x08004fc0                _isatty
 .text._lseek   0x08004fc4        0x4 build/syscalls.o
                0x08004fc4                _lseek
 .text._sbrk    0x08004fc8       0x3c build/sysmem.o
                0x08004fc8                _sbrk
 *fill*         0x08005004        0x4 
 .text.real_distance_m_calc
                0x08005008       0x40 build/target.o
                0x08005008                real_distance_m_calc
 .text.real_distance_w_calc
                0x08005048       0x44 build/target.o
                0x08005048                real_distance_w_calc
 *fill*         0x0800508c        0x4 
 .text.target_speed_inc
                0x08005090      0x1b8 build/target.o
                0x08005090                target_speed_inc
 .text.target_speed_m_calc
                0x08005248       0xc8 build/target.o
                0x08005248                target_speed_m_calc
 .text.target_speed_w_calc
                0x08005310       0xe0 build/target.o
                0x08005310                target_speed_w_calc
 .text.Operation_amount_calc
                0x080053f0      0x458 build/target.o
                0x080053f0                Operation_amount_calc
 .text.real_distance_m_clr
                0x08005848        0xc build/target.o
                0x08005848                real_distance_m_clr
 .text.real_distance_w_clr
                0x08005854        0xc build/target.o
                0x08005854                real_distance_w_clr
 .text.target_distance_m_set
                0x08005860       0x14 build/target.o
                0x08005860                target_distance_m_set
 .text.target_distance_w_set
                0x08005874       0x14 build/target.o
                0x08005874                target_distance_w_set
 .text.target_distance_m_clr
                0x08005888        0xc build/target.o
                0x08005888                target_distance_m_clr
 .text.target_distance_w_clr
                0x08005894        0xc build/target.o
                0x08005894                target_distance_w_clr
 .text.ideal_distance_m_clr
                0x080058a0        0xc build/target.o
                0x080058a0                ideal_distance_m_clr
 .text.ideal_distance_w_clr
                0x080058ac        0xc build/target.o
                0x080058ac                ideal_distance_w_clr
 .text.front_wall_calib_flg_clr
                0x080058b8       0x1c build/target.o
                0x080058b8                front_wall_calib_flg_clr
 *fill*         0x080058d4        0x4 
 .text.start_acceleration
                0x080058d8       0x6c build/target.o
                0x080058d8                start_acceleration
 *fill*         0x08005944        0x4 
 .text.half_acceleration
                0x08005948       0x6c build/target.o
                0x08005948                half_acceleration
 *fill*         0x080059b4        0x4 
 .text.half_deceleration
                0x080059b8       0x6c build/target.o
                0x080059b8                half_deceleration
 *fill*         0x08005a24        0x4 
 .text.constant_speed
                0x08005a28       0x6c build/target.o
                0x08005a28                constant_speed
 *fill*         0x08005a94        0x4 
 .text.turn_clk_90
                0x08005a98       0x60 build/target.o
                0x08005a98                turn_clk_90
 .text.turn_conclk_90
                0x08005af8       0x60 build/target.o
                0x08005af8                turn_conclk_90
 .text.turn_conclk_180
                0x08005b58       0x60 build/target.o
                0x08005b58                turn_conclk_180
 .text.move_front
                0x08005bb8       0x2c build/target.o
                0x08005bb8                move_front
 *fill*         0x08005be4        0x4 
 .text.fornt_wall_calibrate
                0x08005be8      0x144 build/target.o
                0x08005be8                fornt_wall_calibrate
 .text.move_right
                0x08005d2c       0x58 build/target.o
                0x08005d2c                move_right
 .text.move_left
                0x08005d84       0x58 build/target.o
                0x08005d84                move_left
 .text.move_back
                0x08005ddc       0xb4 build/target.o
                0x08005ddc                move_back
 .text.calibrate_tim
                0x08005e90       0x1c build/target.o
                0x08005e90                calibrate_tim
 .text.ADC_Init
                0x08005eac      0x134 build/stm32f4xx_hal_adc.o
 .text.HAL_ADC_Init
                0x08005fe0       0x56 build/stm32f4xx_hal_adc.o
                0x08005fe0                HAL_ADC_Init
 *fill*         0x08006036        0x2 
 .text.HAL_ADC_Start_DMA
                0x08006038      0x140 build/stm32f4xx_hal_adc.o
                0x08006038                HAL_ADC_Start_DMA
 .text.HAL_ADC_ConvHalfCpltCallback
                0x08006178        0x2 build/stm32f4xx_hal_adc.o
                0x08006178                HAL_ADC_ConvHalfCpltCallback
 .text.ADC_DMAHalfConvCplt
                0x0800617a        0xa build/stm32f4xx_hal_adc.o
 .text.HAL_ADC_ErrorCallback
                0x08006184        0x2 build/stm32f4xx_hal_adc.o
                0x08006184                HAL_ADC_ErrorCallback
 .text.ADC_DMAError
                0x08006186       0x16 build/stm32f4xx_hal_adc.o
 .text.ADC_DMAConvCplt
                0x0800619c       0x72 build/stm32f4xx_hal_adc.o
 *fill*         0x0800620e        0x2 
 .text.HAL_ADC_ConfigChannel
                0x08006210      0x1a4 build/stm32f4xx_hal_adc.o
                0x08006210                HAL_ADC_ConfigChannel
 .text.SPI_WaitFlagStateUntilTimeout
                0x080063b4       0x94 build/stm32f4xx_hal_spi.o
 .text.SPI_EndRxTxTransaction
                0x08006448       0x68 build/stm32f4xx_hal_spi.o
 .text.SPI_EndRxTransaction
                0x080064b0       0x8c build/stm32f4xx_hal_spi.o
 .text.HAL_SPI_Init
                0x0800653c       0x80 build/stm32f4xx_hal_spi.o
                0x0800653c                HAL_SPI_Init
 .text.HAL_SPI_Transmit
                0x080065bc      0x1a4 build/stm32f4xx_hal_spi.o
                0x080065bc                HAL_SPI_Transmit
 .text.HAL_SPI_TransmitReceive
                0x08006760      0x238 build/stm32f4xx_hal_spi.o
                0x08006760                HAL_SPI_TransmitReceive
 .text.HAL_SPI_Receive
                0x08006998      0x166 build/stm32f4xx_hal_spi.o
                0x08006998                HAL_SPI_Receive
 *fill*         0x08006afe        0x2 
 .text.HAL_SPI_TransmitReceive_DMA
                0x08006b00      0x150 build/stm32f4xx_hal_spi.o
                0x08006b00                HAL_SPI_TransmitReceive_DMA
 .text.HAL_SPI_RxCpltCallback
                0x08006c50        0x2 build/stm32f4xx_hal_spi.o
                0x08006c50                HAL_SPI_RxCpltCallback
 .text.HAL_SPI_RxHalfCpltCallback
                0x08006c52        0x2 build/stm32f4xx_hal_spi.o
                0x08006c52                HAL_SPI_RxHalfCpltCallback
 .text.SPI_DMAHalfReceiveCplt
                0x08006c54        0xa build/stm32f4xx_hal_spi.o
 .text.HAL_SPI_TxRxHalfCpltCallback
                0x08006c5e        0x2 build/stm32f4xx_hal_spi.o
                0x08006c5e                HAL_SPI_TxRxHalfCpltCallback
 .text.SPI_DMAHalfTransmitReceiveCplt
                0x08006c60        0xa build/stm32f4xx_hal_spi.o
 .text.HAL_SPI_ErrorCallback
                0x08006c6a        0x2 build/stm32f4xx_hal_spi.o
                0x08006c6a                HAL_SPI_ErrorCallback
 .text.SPI_DMAError
                0x08006c6c       0x22 build/stm32f4xx_hal_spi.o
 .text.SPI_DMAReceiveCplt
                0x08006c8e       0x56 build/stm32f4xx_hal_spi.o
 .text.SPI_DMATransmitReceiveCplt
                0x08006ce4       0x5c build/stm32f4xx_hal_spi.o
 .text.TIM_OC1_SetConfig
                0x08006d40       0x68 build/stm32f4xx_hal_tim.o
 .text.TIM_OC3_SetConfig
                0x08006da8       0x70 build/stm32f4xx_hal_tim.o
 .text.TIM_OC4_SetConfig
                0x08006e18       0x50 build/stm32f4xx_hal_tim.o
 .text.TIM_TI1_ConfigInputStage
                0x08006e68       0x24 build/stm32f4xx_hal_tim.o
 .text.TIM_TI2_ConfigInputStage
                0x08006e8c       0x26 build/stm32f4xx_hal_tim.o
 .text.TIM_ITRx_SetConfig
                0x08006eb2       0x10 build/stm32f4xx_hal_tim.o
 .text.HAL_TIM_Base_Start_IT
                0x08006ec2       0x22 build/stm32f4xx_hal_tim.o
                0x08006ec2                HAL_TIM_Base_Start_IT
 .text.HAL_TIM_OC_MspInit
                0x08006ee4        0x2 build/stm32f4xx_hal_tim.o
                0x08006ee4                HAL_TIM_OC_MspInit
 .text.HAL_TIM_PWM_MspInit
                0x08006ee6        0x2 build/stm32f4xx_hal_tim.o
                0x08006ee6                HAL_TIM_PWM_MspInit
 .text.HAL_TIM_PeriodElapsedCallback
                0x08006ee8        0x2 build/stm32f4xx_hal_tim.o
                0x08006ee8                HAL_TIM_PeriodElapsedCallback
 .text.HAL_TIM_OC_DelayElapsedCallback
                0x08006eea        0x2 build/stm32f4xx_hal_tim.o
                0x08006eea                HAL_TIM_OC_DelayElapsedCallback
 .text.HAL_TIM_IC_CaptureCallback
                0x08006eec        0x2 build/stm32f4xx_hal_tim.o
                0x08006eec                HAL_TIM_IC_CaptureCallback
 .text.HAL_TIM_PWM_PulseFinishedCallback
                0x08006eee        0x2 build/stm32f4xx_hal_tim.o
                0x08006eee                HAL_TIM_PWM_PulseFinishedCallback
 .text.HAL_TIM_TriggerCallback
                0x08006ef0        0x2 build/stm32f4xx_hal_tim.o
                0x08006ef0                HAL_TIM_TriggerCallback
 .text.HAL_TIM_IRQHandler
                0x08006ef2      0x17a build/stm32f4xx_hal_tim.o
                0x08006ef2                HAL_TIM_IRQHandler
 .text.TIM_Base_SetConfig
                0x0800706c       0xc8 build/stm32f4xx_hal_tim.o
                0x0800706c                TIM_Base_SetConfig
 .text.HAL_TIM_Base_Init
                0x08007134       0x34 build/stm32f4xx_hal_tim.o
                0x08007134                HAL_TIM_Base_Init
 .text.HAL_TIM_OC_Init
                0x08007168       0x34 build/stm32f4xx_hal_tim.o
                0x08007168                HAL_TIM_OC_Init
 .text.HAL_TIM_PWM_Init
                0x0800719c       0x34 build/stm32f4xx_hal_tim.o
                0x0800719c                HAL_TIM_PWM_Init
 .text.HAL_TIM_Encoder_Init
                0x080071d0       0x9c build/stm32f4xx_hal_tim.o
                0x080071d0                HAL_TIM_Encoder_Init
 .text.TIM_OC2_SetConfig
                0x0800726c       0x70 build/stm32f4xx_hal_tim.o
                0x0800726c                TIM_OC2_SetConfig
 .text.HAL_TIM_OC_ConfigChannel
                0x080072dc       0x5e build/stm32f4xx_hal_tim.o
                0x080072dc                HAL_TIM_OC_ConfigChannel
 .text.HAL_TIM_PWM_ConfigChannel
                0x0800733a       0xdc build/stm32f4xx_hal_tim.o
                0x0800733a                HAL_TIM_PWM_ConfigChannel
 .text.TIM_ETR_SetConfig
                0x08007416       0x18 build/stm32f4xx_hal_tim.o
                0x08007416                TIM_ETR_SetConfig
 .text.HAL_TIM_ConfigClockSource
                0x0800742e       0xda build/stm32f4xx_hal_tim.o
                0x0800742e                HAL_TIM_ConfigClockSource
 .text.TIM_CCxChannelCmd
                0x08007508       0x24 build/stm32f4xx_hal_tim.o
                0x08007508                TIM_CCxChannelCmd
 .text.HAL_TIM_OC_Start
                0x0800752c       0x40 build/stm32f4xx_hal_tim.o
                0x0800752c                HAL_TIM_OC_Start
 .text.HAL_TIM_PWM_Start
                0x0800756c       0x40 build/stm32f4xx_hal_tim.o
                0x0800756c                HAL_TIM_PWM_Start
 .text.HAL_TIM_PWM_Stop
                0x080075ac       0x68 build/stm32f4xx_hal_tim.o
                0x080075ac                HAL_TIM_PWM_Stop
 .text.HAL_TIM_Encoder_Start
                0x08007614       0x44 build/stm32f4xx_hal_tim.o
                0x08007614                HAL_TIM_Encoder_Start
 .text.HAL_TIMEx_MasterConfigSynchronization
                0x08007658       0x46 build/stm32f4xx_hal_tim_ex.o
                0x08007658                HAL_TIMEx_MasterConfigSynchronization
 .text.HAL_TIMEx_ConfigBreakDeadTime
                0x0800769e       0x52 build/stm32f4xx_hal_tim_ex.o
                0x0800769e                HAL_TIMEx_ConfigBreakDeadTime
 .text.HAL_TIMEx_CommutCallback
                0x080076f0        0x2 build/stm32f4xx_hal_tim_ex.o
                0x080076f0                HAL_TIMEx_CommutCallback
 .text.HAL_TIMEx_BreakCallback
                0x080076f2        0x2 build/stm32f4xx_hal_tim_ex.o
                0x080076f2                HAL_TIMEx_BreakCallback
 .text.UART_SetConfig
                0x080076f4      0x334 build/stm32f4xx_hal_uart.o
 .text.UART_WaitOnFlagUntilTimeout
                0x08007a28       0x68 build/stm32f4xx_hal_uart.o
 .text.HAL_UART_Init
                0x08007a90       0x5e build/stm32f4xx_hal_uart.o
                0x08007a90                HAL_UART_Init
 .text.HAL_UART_Transmit
                0x08007aee       0xe0 build/stm32f4xx_hal_uart.o
                0x08007aee                HAL_UART_Transmit
 .text.HAL_UART_Receive
                0x08007bce       0xe6 build/stm32f4xx_hal_uart.o
                0x08007bce                HAL_UART_Receive
 .text.HAL_RCC_GetSysClockFreq
                0x08007cb4       0xa0 build/stm32f4xx_hal_rcc.o
                0x08007cb4                HAL_RCC_GetSysClockFreq
 .text.HAL_RCC_ClockConfig
                0x08007d54      0x15c build/stm32f4xx_hal_rcc.o
                0x08007d54                HAL_RCC_ClockConfig
 .text.HAL_RCC_GetHCLKFreq
                0x08007eb0        0xc build/stm32f4xx_hal_rcc.o
                0x08007eb0                HAL_RCC_GetHCLKFreq
 .text.HAL_RCC_GetPCLK1Freq
                0x08007ebc       0x20 build/stm32f4xx_hal_rcc.o
                0x08007ebc                HAL_RCC_GetPCLK1Freq
 .text.HAL_RCC_GetPCLK2Freq
                0x08007edc       0x20 build/stm32f4xx_hal_rcc.o
                0x08007edc                HAL_RCC_GetPCLK2Freq
 .text.HAL_RCC_OscConfig
                0x08007efc      0x394 build/stm32f4xx_hal_rcc_ex.o
                0x08007efc                HAL_RCC_OscConfig
 .text.HAL_GPIO_Init
                0x08008290      0x1c0 build/stm32f4xx_hal_gpio.o
                0x08008290                HAL_GPIO_Init
 .text.HAL_GPIO_WritePin
                0x08008450        0xc build/stm32f4xx_hal_gpio.o
                0x08008450                HAL_GPIO_WritePin
 .text.DMA_SetConfig
                0x0800845c       0x2c build/stm32f4xx_hal_dma.o
 .text.DMA_CalcBaseAndBitshift
                0x08008488       0x44 build/stm32f4xx_hal_dma.o
 .text.DMA_CheckFifoParam
                0x080084cc       0x8e build/stm32f4xx_hal_dma.o
 *fill*         0x0800855a        0x2 
 .text.HAL_DMA_Init
                0x0800855c       0xcc build/stm32f4xx_hal_dma.o
                0x0800855c                HAL_DMA_Init
 .text.HAL_DMA_Start_IT
                0x08008628       0x74 build/stm32f4xx_hal_dma.o
                0x08008628                HAL_DMA_Start_IT
 .text.HAL_DMA_Abort_IT
                0x0800869c       0x26 build/stm32f4xx_hal_dma.o
                0x0800869c                HAL_DMA_Abort_IT
 *fill*         0x080086c2        0x2 
 .text.HAL_DMA_IRQHandler
                0x080086c4      0x1dc build/stm32f4xx_hal_dma.o
                0x080086c4                HAL_DMA_IRQHandler
 .text.HAL_DMA_RegisterCallback
                0x080088a0       0x58 build/stm32f4xx_hal_dma.o
                0x080088a0                HAL_DMA_RegisterCallback
 .text.HAL_NVIC_SetPriorityGrouping
                0x080088f8       0x24 build/stm32f4xx_hal_cortex.o
                0x080088f8                HAL_NVIC_SetPriorityGrouping
 .text.HAL_NVIC_SetPriority
                0x0800891c       0x68 build/stm32f4xx_hal_cortex.o
                0x0800891c                HAL_NVIC_SetPriority
 .text.HAL_NVIC_EnableIRQ
                0x08008984       0x1c build/stm32f4xx_hal_cortex.o
                0x08008984                HAL_NVIC_EnableIRQ
 .text.HAL_SYSTICK_Config
                0x080089a0       0x2c build/stm32f4xx_hal_cortex.o
                0x080089a0                HAL_SYSTICK_Config
 .text.HAL_InitTick
                0x080089cc       0x4c build/stm32f4xx_hal.o
                0x080089cc                HAL_InitTick
 .text.HAL_Init
                0x08008a18       0x34 build/stm32f4xx_hal.o
                0x08008a18                HAL_Init
 .text.HAL_IncTick
                0x08008a4c       0x18 build/stm32f4xx_hal.o
                0x08008a4c                HAL_IncTick
 .text.HAL_GetTick
                0x08008a64        0xc build/stm32f4xx_hal.o
                0x08008a64                HAL_GetTick
 .text.HAL_Delay
                0x08008a70       0x28 build/stm32f4xx_hal.o
                0x08008a70                HAL_Delay
 .text.Reset_Handler
                0x08008a98       0x50 build/startup_stm32f413xx.o
                0x08008a98                Reset_Handler
 .text.Default_Handler
                0x08008ae8        0x2 build/startup_stm32f413xx.o
                0x08008ae8                RTC_Alarm_IRQHandler
                0x08008ae8                EXTI2_IRQHandler
                0x08008ae8                TIM8_CC_IRQHandler
                0x08008ae8                UART8_IRQHandler
                0x08008ae8                FMPI2C1_EV_IRQHandler
                0x08008ae8                SPI4_IRQHandler
                0x08008ae8                TIM1_CC_IRQHandler
                0x08008ae8                DMA2_Stream5_IRQHandler
                0x08008ae8                DMA1_Stream5_IRQHandler
                0x08008ae8                CAN3_RX1_IRQHandler
                0x08008ae8                PVD_IRQHandler
                0x08008ae8                SDIO_IRQHandler
                0x08008ae8                TAMP_STAMP_IRQHandler
                0x08008ae8                CAN2_RX1_IRQHandler
                0x08008ae8                EXTI3_IRQHandler
                0x08008ae8                TIM8_TRG_COM_TIM14_IRQHandler
                0x08008ae8                DFSDM1_FLT1_IRQHandler
                0x08008ae8                TIM1_UP_TIM10_IRQHandler
                0x08008ae8                TIM8_UP_TIM13_IRQHandler
                0x08008ae8                I2C3_ER_IRQHandler
                0x08008ae8                EXTI0_IRQHandler
                0x08008ae8                I2C2_EV_IRQHandler
                0x08008ae8                DMA1_Stream2_IRQHandler
                0x08008ae8                CAN1_RX0_IRQHandler
                0x08008ae8                FPU_IRQHandler
                0x08008ae8                CAN3_SCE_IRQHandler
                0x08008ae8                CAN2_SCE_IRQHandler
                0x08008ae8                SPI1_IRQHandler
                0x08008ae8                TIM1_BRK_TIM9_IRQHandler
                0x08008ae8                CAN2_RX0_IRQHandler
                0x08008ae8                DMA2_Stream3_IRQHandler
                0x08008ae8                USART6_IRQHandler
                0x08008ae8                CAN3_RX0_IRQHandler
                0x08008ae8                USART3_IRQHandler
                0x08008ae8                DFSDM2_FLT3_IRQHandler
                0x08008ae8                CAN1_RX1_IRQHandler
                0x08008ae8                UART5_IRQHandler
                0x08008ae8                TIM4_IRQHandler
                0x08008ae8                QUADSPI_IRQHandler
                0x08008ae8                I2C1_EV_IRQHandler
                0x08008ae8                DMA1_Stream6_IRQHandler
                0x08008ae8                DMA1_Stream1_IRQHandler
                0x08008ae8                UART4_IRQHandler
                0x08008ae8                TIM3_IRQHandler
                0x08008ae8                RCC_IRQHandler
                0x08008ae8                UART9_IRQHandler
                0x08008ae8                TIM8_BRK_TIM12_IRQHandler
                0x08008ae8                Default_Handler
                0x08008ae8                EXTI15_10_IRQHandler
                0x08008ae8                ADC_IRQHandler
                0x08008ae8                DMA1_Stream7_IRQHandler
                0x08008ae8                DFSDM2_FLT0_IRQHandler
                0x08008ae8                SPI5_IRQHandler
                0x08008ae8                TIM7_IRQHandler
                0x08008ae8                CAN2_TX_IRQHandler
                0x08008ae8                TIM5_IRQHandler
                0x08008ae8                DMA2_Stream7_IRQHandler
                0x08008ae8                I2C3_EV_IRQHandler
                0x08008ae8                DFSDM2_FLT2_IRQHandler
                0x08008ae8                EXTI9_5_IRQHandler
                0x08008ae8                RTC_WKUP_IRQHandler
                0x08008ae8                SPI2_IRQHandler
                0x08008ae8                DMA1_Stream0_IRQHandler
                0x08008ae8                CAN1_TX_IRQHandler
                0x08008ae8                FMPI2C1_ER_IRQHandler
                0x08008ae8                EXTI4_IRQHandler
                0x08008ae8                DFSDM2_FLT1_IRQHandler
                0x08008ae8                RNG_IRQHandler
                0x08008ae8                FSMC_IRQHandler
                0x08008ae8                WWDG_IRQHandler
                0x08008ae8                CAN3_TX_IRQHandler
                0x08008ae8                TIM2_IRQHandler
                0x08008ae8                OTG_FS_WKUP_IRQHandler
                0x08008ae8                TIM1_TRG_COM_TIM11_IRQHandler
                0x08008ae8                EXTI1_IRQHandler
                0x08008ae8                UART7_IRQHandler
                0x08008ae8                USART2_IRQHandler
                0x08008ae8                DFSDM1_FLT0_IRQHandler
                0x08008ae8                I2C2_ER_IRQHandler
                0x08008ae8                CAN1_SCE_IRQHandler
                0x08008ae8                FLASH_IRQHandler
                0x08008ae8                DMA2_Stream4_IRQHandler
                0x08008ae8                USART1_IRQHandler
                0x08008ae8                OTG_FS_IRQHandler
                0x08008ae8                SPI3_IRQHandler
                0x08008ae8                I2C1_ER_IRQHandler
                0x08008ae8                LPTIM1_IRQHandler
                0x08008ae8                DMA2_Stream6_IRQHandler
                0x08008ae8                UART10_IRQHandler
                0x08008ae8                SAI1_IRQHandler
 *fill*         0x08008aea        0x2 
 .text.__errno  0x08008aec        0xc c:/tools/gcc-arm-none-eabi-9-2019-q4-major/bin/../lib/gcc/arm-none-eabi/9.2.1/../../../../arm-none-eabi/lib/thumb/v7e-m+fp/hard\libc_nano.a(lib_a-errno.o)
                0x08008aec                __errno
 .text.__sflush_r
                0x08008af8      0x10c c:/tools/gcc-arm-none-eabi-9-2019-q4-major/bin/../lib/gcc/arm-none-eabi/9.2.1/../../../../arm-none-eabi/lib/thumb/v7e-m+fp/hard\libc_nano.a(lib_a-fflush.o)
                0x08008af8                __sflush_r
 .text._fflush_r
                0x08008c04       0x78 c:/tools/gcc-arm-none-eabi-9-2019-q4-major/bin/../lib/gcc/arm-none-eabi/9.2.1/../../../../arm-none-eabi/lib/thumb/v7e-m+fp/hard\libc_nano.a(lib_a-fflush.o)
                0x08008c04                _fflush_r
 .text.fflush   0x08008c7c       0x24 c:/tools/gcc-arm-none-eabi-9-2019-q4-major/bin/../lib/gcc/arm-none-eabi/9.2.1/../../../../arm-none-eabi/lib/thumb/v7e-m+fp/hard\libc_nano.a(lib_a-fflush.o)
                0x08008c7c                fflush
 .text.std      0x08008ca0       0x48 c:/tools/gcc-arm-none-eabi-9-2019-q4-major/bin/../lib/gcc/arm-none-eabi/9.2.1/../../../../arm-none-eabi/lib/thumb/v7e-m+fp/hard\libc_nano.a(lib_a-findfp.o)
 .text._cleanup_r
                0x08008ce8        0xc c:/tools/gcc-arm-none-eabi-9-2019-q4-major/bin/../lib/gcc/arm-none-eabi/9.2.1/../../../../arm-none-eabi/lib/thumb/v7e-m+fp/hard\libc_nano.a(lib_a-findfp.o)
                0x08008ce8                _cleanup_r
 .text.__sfmoreglue
                0x08008cf4       0x2c c:/tools/gcc-arm-none-eabi-9-2019-q4-major/bin/../lib/gcc/arm-none-eabi/9.2.1/../../../../arm-none-eabi/lib/thumb/v7e-m+fp/hard\libc_nano.a(lib_a-findfp.o)
                0x08008cf4                __sfmoreglue
 .text.__sfp_lock_acquire
                0x08008d20        0xc c:/tools/gcc-arm-none-eabi-9-2019-q4-major/bin/../lib/gcc/arm-none-eabi/9.2.1/../../../../arm-none-eabi/lib/thumb/v7e-m+fp/hard\libc_nano.a(lib_a-findfp.o)
                0x08008d20                __sfp_lock_acquire
 .text.__sfp_lock_release
                0x08008d2c        0xc c:/tools/gcc-arm-none-eabi-9-2019-q4-major/bin/../lib/gcc/arm-none-eabi/9.2.1/../../../../arm-none-eabi/lib/thumb/v7e-m+fp/hard\libc_nano.a(lib_a-findfp.o)
                0x08008d2c                __sfp_lock_release
 .text.__sinit_lock_acquire
                0x08008d38        0xc c:/tools/gcc-arm-none-eabi-9-2019-q4-major/bin/../lib/gcc/arm-none-eabi/9.2.1/../../../../arm-none-eabi/lib/thumb/v7e-m+fp/hard\libc_nano.a(lib_a-findfp.o)
                0x08008d38                __sinit_lock_acquire
 .text.__sinit_lock_release
                0x08008d44        0xc c:/tools/gcc-arm-none-eabi-9-2019-q4-major/bin/../lib/gcc/arm-none-eabi/9.2.1/../../../../arm-none-eabi/lib/thumb/v7e-m+fp/hard\libc_nano.a(lib_a-findfp.o)
                0x08008d44                __sinit_lock_release
 .text.__sinit  0x08008d50       0x70 c:/tools/gcc-arm-none-eabi-9-2019-q4-major/bin/../lib/gcc/arm-none-eabi/9.2.1/../../../../arm-none-eabi/lib/thumb/v7e-m+fp/hard\libc_nano.a(lib_a-findfp.o)
                0x08008d50                __sinit
 .text.__sfp    0x08008dc0       0x8c c:/tools/gcc-arm-none-eabi-9-2019-q4-major/bin/../lib/gcc/arm-none-eabi/9.2.1/../../../../arm-none-eabi/lib/thumb/v7e-m+fp/hard\libc_nano.a(lib_a-findfp.o)
                0x08008dc0                __sfp
 .text._fwalk_reent
                0x08008e4c       0x3e c:/tools/gcc-arm-none-eabi-9-2019-q4-major/bin/../lib/gcc/arm-none-eabi/9.2.1/../../../../arm-none-eabi/lib/thumb/v7e-m+fp/hard\libc_nano.a(lib_a-fwalk.o)
                0x08008e4c                _fwalk_reent
 *fill*         0x08008e8a        0x2 
 .text.__libc_init_array
                0x08008e8c       0x48 c:/tools/gcc-arm-none-eabi-9-2019-q4-major/bin/../lib/gcc/arm-none-eabi/9.2.1/../../../../arm-none-eabi/lib/thumb/v7e-m+fp/hard\libc_nano.a(lib_a-init.o)
                0x08008e8c                __libc_init_array
 .text.__retarget_lock_init_recursive
                0x08008ed4        0x2 c:/tools/gcc-arm-none-eabi-9-2019-q4-major/bin/../lib/gcc/arm-none-eabi/9.2.1/../../../../arm-none-eabi/lib/thumb/v7e-m+fp/hard\libc_nano.a(lib_a-lock.o)
                0x08008ed4                __retarget_lock_init_recursive
 .text.__retarget_lock_acquire_recursive
                0x08008ed6        0x2 c:/tools/gcc-arm-none-eabi-9-2019-q4-major/bin/../lib/gcc/arm-none-eabi/9.2.1/../../../../arm-none-eabi/lib/thumb/v7e-m+fp/hard\libc_nano.a(lib_a-lock.o)
                0x08008ed6                __retarget_lock_acquire_recursive
 .text.__retarget_lock_release_recursive
                0x08008ed8        0x2 c:/tools/gcc-arm-none-eabi-9-2019-q4-major/bin/../lib/gcc/arm-none-eabi/9.2.1/../../../../arm-none-eabi/lib/thumb/v7e-m+fp/hard\libc_nano.a(lib_a-lock.o)
                0x08008ed8                __retarget_lock_release_recursive
 .text.memcpy   0x08008eda       0x1c c:/tools/gcc-arm-none-eabi-9-2019-q4-major/bin/../lib/gcc/arm-none-eabi/9.2.1/../../../../arm-none-eabi/lib/thumb/v7e-m+fp/hard\libc_nano.a(lib_a-memcpy-stub.o)
                0x08008eda                memcpy
 .text.memset   0x08008ef6       0x10 c:/tools/gcc-arm-none-eabi-9-2019-q4-major/bin/../lib/gcc/arm-none-eabi/9.2.1/../../../../arm-none-eabi/lib/thumb/v7e-m+fp/hard\libc_nano.a(lib_a-memset.o)
                0x08008ef6                memset
 *fill*         0x08008f06        0x2 
 .text._free_r  0x08008f08       0xa0 c:/tools/gcc-arm-none-eabi-9-2019-q4-major/bin/../lib/gcc/arm-none-eabi/9.2.1/../../../../arm-none-eabi/lib/thumb/v7e-m+fp/hard\libc_nano.a(lib_a-nano-freer.o)
                0x08008f08                _free_r
 .text._malloc_r
                0x08008fa8       0xb4 c:/tools/gcc-arm-none-eabi-9-2019-q4-major/bin/../lib/gcc/arm-none-eabi/9.2.1/../../../../arm-none-eabi/lib/thumb/v7e-m+fp/hard\libc_nano.a(lib_a-nano-mallocr.o)
                0x08008fa8                _malloc_r
 .text.printf   0x0800905c       0x30 c:/tools/gcc-arm-none-eabi-9-2019-q4-major/bin/../lib/gcc/arm-none-eabi/9.2.1/../../../../arm-none-eabi/lib/thumb/v7e-m+fp/hard\libc_nano.a(lib_a-printf.o)
                0x0800905c                iprintf
                0x0800905c                printf
 .text._puts_r  0x0800908c       0xdc c:/tools/gcc-arm-none-eabi-9-2019-q4-major/bin/../lib/gcc/arm-none-eabi/9.2.1/../../../../arm-none-eabi/lib/thumb/v7e-m+fp/hard\libc_nano.a(lib_a-puts.o)
                0x0800908c                _puts_r
 .text.puts     0x08009168       0x10 c:/tools/gcc-arm-none-eabi-9-2019-q4-major/bin/../lib/gcc/arm-none-eabi/9.2.1/../../../../arm-none-eabi/lib/thumb/v7e-m+fp/hard\libc_nano.a(lib_a-puts.o)
                0x08009168                puts
 .text._sbrk_r  0x08009178       0x20 c:/tools/gcc-arm-none-eabi-9-2019-q4-major/bin/../lib/gcc/arm-none-eabi/9.2.1/../../../../arm-none-eabi/lib/thumb/v7e-m+fp/hard\libc_nano.a(lib_a-sbrkr.o)
                0x08009178                _sbrk_r
 .text.setbuf   0x08009198       0x10 c:/tools/gcc-arm-none-eabi-9-2019-q4-major/bin/../lib/gcc/arm-none-eabi/9.2.1/../../../../arm-none-eabi/lib/thumb/v7e-m+fp/hard\libc_nano.a(lib_a-setbuf.o)
                0x08009198                setbuf
 .text.setvbuf  0x080091a8      0x18c c:/tools/gcc-arm-none-eabi-9-2019-q4-major/bin/../lib/gcc/arm-none-eabi/9.2.1/../../../../arm-none-eabi/lib/thumb/v7e-m+fp/hard\libc_nano.a(lib_a-setvbuf.o)
                0x080091a8                setvbuf
 .text.__sread  0x08009334       0x22 c:/tools/gcc-arm-none-eabi-9-2019-q4-major/bin/../lib/gcc/arm-none-eabi/9.2.1/../../../../arm-none-eabi/lib/thumb/v7e-m+fp/hard\libc_nano.a(lib_a-stdio.o)
                0x08009334                __sread
 .text.__swrite
                0x08009356       0x38 c:/tools/gcc-arm-none-eabi-9-2019-q4-major/bin/../lib/gcc/arm-none-eabi/9.2.1/../../../../arm-none-eabi/lib/thumb/v7e-m+fp/hard\libc_nano.a(lib_a-stdio.o)
                0x08009356                __swrite
 .text.__sseek  0x0800938e       0x24 c:/tools/gcc-arm-none-eabi-9-2019-q4-major/bin/../lib/gcc/arm-none-eabi/9.2.1/../../../../arm-none-eabi/lib/thumb/v7e-m+fp/hard\libc_nano.a(lib_a-stdio.o)
                0x0800938e                __sseek
 .text.__sclose
                0x080093b2        0x8 c:/tools/gcc-arm-none-eabi-9-2019-q4-major/bin/../lib/gcc/arm-none-eabi/9.2.1/../../../../arm-none-eabi/lib/thumb/v7e-m+fp/hard\libc_nano.a(lib_a-stdio.o)
                0x080093b2                __sclose
 *fill*         0x080093ba        0x2 
 .text.__swbuf_r
                0x080093bc       0xa4 c:/tools/gcc-arm-none-eabi-9-2019-q4-major/bin/../lib/gcc/arm-none-eabi/9.2.1/../../../../arm-none-eabi/lib/thumb/v7e-m+fp/hard\libc_nano.a(lib_a-wbuf.o)
                0x080093bc                __swbuf_r
 .text._write_r
                0x08009460       0x24 c:/tools/gcc-arm-none-eabi-9-2019-q4-major/bin/../lib/gcc/arm-none-eabi/9.2.1/../../../../arm-none-eabi/lib/thumb/v7e-m+fp/hard\libc_nano.a(lib_a-writer.o)
                0x08009460                _write_r
 .text.__swsetup_r
                0x08009484       0xdc c:/tools/gcc-arm-none-eabi-9-2019-q4-major/bin/../lib/gcc/arm-none-eabi/9.2.1/../../../../arm-none-eabi/lib/thumb/v7e-m+fp/hard\libc_nano.a(lib_a-wsetup.o)
                0x08009484                __swsetup_r
 .text._close_r
                0x08009560       0x20 c:/tools/gcc-arm-none-eabi-9-2019-q4-major/bin/../lib/gcc/arm-none-eabi/9.2.1/../../../../arm-none-eabi/lib/thumb/v7e-m+fp/hard\libc_nano.a(lib_a-closer.o)
                0x08009560                _close_r
 .text._lseek_r
                0x08009580       0x24 c:/tools/gcc-arm-none-eabi-9-2019-q4-major/bin/../lib/gcc/arm-none-eabi/9.2.1/../../../../arm-none-eabi/lib/thumb/v7e-m+fp/hard\libc_nano.a(lib_a-lseekr.o)
                0x08009580                _lseek_r
 .text.__swhatbuf_r
                0x080095a4       0x48 c:/tools/gcc-arm-none-eabi-9-2019-q4-major/bin/../lib/gcc/arm-none-eabi/9.2.1/../../../../arm-none-eabi/lib/thumb/v7e-m+fp/hard\libc_nano.a(lib_a-makebuf.o)
                0x080095a4                __swhatbuf_r
 .text.__smakebuf_r
                0x080095ec       0x80 c:/tools/gcc-arm-none-eabi-9-2019-q4-major/bin/../lib/gcc/arm-none-eabi/9.2.1/../../../../arm-none-eabi/lib/thumb/v7e-m+fp/hard\libc_nano.a(lib_a-makebuf.o)
                0x080095ec                __smakebuf_r
 .text.malloc   0x0800966c       0x10 c:/tools/gcc-arm-none-eabi-9-2019-q4-major/bin/../lib/gcc/arm-none-eabi/9.2.1/../../../../arm-none-eabi/lib/thumb/v7e-m+fp/hard\libc_nano.a(lib_a-malloc.o)
                0x0800966c                malloc
 .text.__malloc_lock
                0x0800967c        0xc c:/tools/gcc-arm-none-eabi-9-2019-q4-major/bin/../lib/gcc/arm-none-eabi/9.2.1/../../../../arm-none-eabi/lib/thumb/v7e-m+fp/hard\libc_nano.a(lib_a-mlock.o)
                0x0800967c                __malloc_lock
 .text.__malloc_unlock
                0x08009688        0xc c:/tools/gcc-arm-none-eabi-9-2019-q4-major/bin/../lib/gcc/arm-none-eabi/9.2.1/../../../../arm-none-eabi/lib/thumb/v7e-m+fp/hard\libc_nano.a(lib_a-mlock.o)
                0x08009688                __malloc_unlock
 .text.__sfputc_r
                0x08009694       0x2e c:/tools/gcc-arm-none-eabi-9-2019-q4-major/bin/../lib/gcc/arm-none-eabi/9.2.1/../../../../arm-none-eabi/lib/thumb/v7e-m+fp/hard\libc_nano.a(lib_a-nano-vfprintf.o)
 .text.__sfputs_r
                0x080096c2       0x24 c:/tools/gcc-arm-none-eabi-9-2019-q4-major/bin/../lib/gcc/arm-none-eabi/9.2.1/../../../../arm-none-eabi/lib/thumb/v7e-m+fp/hard\libc_nano.a(lib_a-nano-vfprintf.o)
                0x080096c2                __sfputs_r
 *fill*         0x080096e6        0x2 
 .text._vfprintf_r
                0x080096e8      0x260 c:/tools/gcc-arm-none-eabi-9-2019-q4-major/bin/../lib/gcc/arm-none-eabi/9.2.1/../../../../arm-none-eabi/lib/thumb/v7e-m+fp/hard\libc_nano.a(lib_a-nano-vfprintf.o)
                0x080096e8                _vfprintf_r
                0x080096e8                _vfiprintf_r
 .text._printf_common
                0x08009948       0xda c:/tools/gcc-arm-none-eabi-9-2019-q4-major/bin/../lib/gcc/arm-none-eabi/9.2.1/../../../../arm-none-eabi/lib/thumb/v7e-m+fp/hard\libc_nano.a(lib_a-nano-vfprintf_i.o)
                0x08009948                _printf_common
 *fill*         0x08009a22        0x2 
 .text._printf_i
                0x08009a24      0x24c c:/tools/gcc-arm-none-eabi-9-2019-q4-major/bin/../lib/gcc/arm-none-eabi/9.2.1/../../../../arm-none-eabi/lib/thumb/v7e-m+fp/hard\libc_nano.a(lib_a-nano-vfprintf_i.o)
                0x08009a24                _printf_i
 .text._read_r  0x08009c70       0x24 c:/tools/gcc-arm-none-eabi-9-2019-q4-major/bin/../lib/gcc/arm-none-eabi/9.2.1/../../../../arm-none-eabi/lib/thumb/v7e-m+fp/hard\libc_nano.a(lib_a-readr.o)
                0x08009c70                _read_r
 .text._fstat_r
                0x08009c94       0x24 c:/tools/gcc-arm-none-eabi-9-2019-q4-major/bin/../lib/gcc/arm-none-eabi/9.2.1/../../../../arm-none-eabi/lib/thumb/v7e-m+fp/hard\libc_nano.a(lib_a-fstatr.o)
                0x08009c94                _fstat_r
 .text._isatty_r
                0x08009cb8       0x20 c:/tools/gcc-arm-none-eabi-9-2019-q4-major/bin/../lib/gcc/arm-none-eabi/9.2.1/../../../../arm-none-eabi/lib/thumb/v7e-m+fp/hard\libc_nano.a(lib_a-isattyr.o)
                0x08009cb8                _isatty_r
 .text.ceil     0x08009cd8      0x100 c:/tools/gcc-arm-none-eabi-9-2019-q4-major/bin/../lib/gcc/arm-none-eabi/9.2.1/../../../../arm-none-eabi/lib/thumb/v7e-m+fp/hard\libm.a(lib_a-s_ceil.o)
                0x08009cd8                ceil
 .text.floor    0x08009dd8      0x108 c:/tools/gcc-arm-none-eabi-9-2019-q4-major/bin/../lib/gcc/arm-none-eabi/9.2.1/../../../../arm-none-eabi/lib/thumb/v7e-m+fp/hard\libm.a(lib_a-s_floor.o)
                0x08009dd8                floor
 .text.trunc    0x08009ee0       0x7c c:/tools/gcc-arm-none-eabi-9-2019-q4-major/bin/../lib/gcc/arm-none-eabi/9.2.1/../../../../arm-none-eabi/lib/thumb/v7e-m+fp/hard\libm.a(lib_a-s_trunc.o)
                0x08009ee0                trunc
 .text.log      0x08009f5c      0x108 c:/tools/gcc-arm-none-eabi-9-2019-q4-major/bin/../lib/gcc/arm-none-eabi/9.2.1/../../../../arm-none-eabi/lib/thumb/v7e-m+fp/hard\libm.a(lib_a-w_log.o)
                0x08009f5c                log
 *fill*         0x0800a064        0x4 
 .text.__ieee754_log
                0x0800a068      0x418 c:/tools/gcc-arm-none-eabi-9-2019-q4-major/bin/../lib/gcc/arm-none-eabi/9.2.1/../../../../arm-none-eabi/lib/thumb/v7e-m+fp/hard\libm.a(lib_a-e_log.o)
                0x0800a068                __ieee754_log
 .text.matherr  0x0800a480        0x4 c:/tools/gcc-arm-none-eabi-9-2019-q4-major/bin/../lib/gcc/arm-none-eabi/9.2.1/../../../../arm-none-eabi/lib/thumb/v7e-m+fp/hard\libm.a(lib_a-s_matherr.o)
                0x0800a480                matherr
 *fill*         0x0800a484        0x4 
 .text.nan      0x0800a488       0x10 c:/tools/gcc-arm-none-eabi-9-2019-q4-major/bin/../lib/gcc/arm-none-eabi/9.2.1/../../../../arm-none-eabi/lib/thumb/v7e-m+fp/hard\libm.a(lib_a-s_nan.o)
                0x0800a488                nan
 *(.glue_7)
 .glue_7        0x0800a498        0x0 linker stubs
 *(.glue_7t)
 .glue_7t       0x0800a498        0x0 linker stubs
 *(.eh_frame)
 .eh_frame      0x0800a498        0x0 c:/tools/gcc-arm-none-eabi-9-2019-q4-major/bin/../lib/gcc/arm-none-eabi/9.2.1/thumb/v7e-m+fp/hard/crtbegin.o
 *(.init)
 .init          0x0800a498        0x4 c:/tools/gcc-arm-none-eabi-9-2019-q4-major/bin/../lib/gcc/arm-none-eabi/9.2.1/thumb/v7e-m+fp/hard/crti.o
                0x0800a498                _init
 .init          0x0800a49c        0x8 c:/tools/gcc-arm-none-eabi-9-2019-q4-major/bin/../lib/gcc/arm-none-eabi/9.2.1/thumb/v7e-m+fp/hard/crtn.o
 *(.fini)
 .fini          0x0800a4a4        0x4 c:/tools/gcc-arm-none-eabi-9-2019-q4-major/bin/../lib/gcc/arm-none-eabi/9.2.1/thumb/v7e-m+fp/hard/crti.o
                0x0800a4a4                _fini
 .fini          0x0800a4a8        0x8 c:/tools/gcc-arm-none-eabi-9-2019-q4-major/bin/../lib/gcc/arm-none-eabi/9.2.1/thumb/v7e-m+fp/hard/crtn.o
                0x0800a4b0                . = ALIGN (0x4)
                0x0800a4b0                _etext = .

.vfp11_veneer   0x0800a4b0        0x0
 .vfp11_veneer  0x0800a4b0        0x0 linker stubs

.v4_bx          0x0800a4b0        0x0
 .v4_bx         0x0800a4b0        0x0 linker stubs

.iplt           0x0800a4b0        0x0
 .iplt          0x0800a4b0        0x0 c:/tools/gcc-arm-none-eabi-9-2019-q4-major/bin/../lib/gcc/arm-none-eabi/9.2.1/thumb/v7e-m+fp/hard/crtbegin.o

.rodata         0x0800a4b0      0x460
                0x0800a4b0                . = ALIGN (0x4)
 *(.rodata)
 *(.rodata*)
 .rodata.AHBPrescTable
                0x0800a4b0       0x10 build/system_stm32f4xx.o
                0x0800a4b0                AHBPrescTable
 .rodata.APBPrescTable
                0x0800a4c0        0x8 build/system_stm32f4xx.o
                0x0800a4c0                APBPrescTable
 .rodata.IMU_Initialize.str1.4
                0x0800a4c8        0xc build/imu.o
 .rodata.Sensor_DebugPrintf.str1.4
                0x0800a4d4       0x45 build/ir_sensor.o
 *fill*         0x0800a519        0x3 
 .rodata.data_read.str1.4
                0x0800a51c      0x152 build/module_test.o
 *fill*         0x0800a66e        0x2 
 .rodata.module_test.str1.4
                0x0800a670      0x1df build/module_test.o
 *fill*         0x0800a84f        0x1 
 .rodata.fornt_wall_calibrate.str1.4
                0x0800a850       0x1a build/target.o
 *fill*         0x0800a86a        0x2 
 .rodata.flagBitshiftOffset.8548
                0x0800a86c        0x8 build/stm32f4xx_hal_dma.o
 .rodata.__sf_fake_stderr
                0x0800a874       0x20 c:/tools/gcc-arm-none-eabi-9-2019-q4-major/bin/../lib/gcc/arm-none-eabi/9.2.1/../../../../arm-none-eabi/lib/thumb/v7e-m+fp/hard\libc_nano.a(lib_a-findfp.o)
                0x0800a874                __sf_fake_stderr
 .rodata.__sf_fake_stdin
                0x0800a894       0x20 c:/tools/gcc-arm-none-eabi-9-2019-q4-major/bin/../lib/gcc/arm-none-eabi/9.2.1/../../../../arm-none-eabi/lib/thumb/v7e-m+fp/hard\libc_nano.a(lib_a-findfp.o)
                0x0800a894                __sf_fake_stdin
 .rodata.__sf_fake_stdout
                0x0800a8b4       0x20 c:/tools/gcc-arm-none-eabi-9-2019-q4-major/bin/../lib/gcc/arm-none-eabi/9.2.1/../../../../arm-none-eabi/lib/thumb/v7e-m+fp/hard\libc_nano.a(lib_a-findfp.o)
                0x0800a8b4                __sf_fake_stdout
 .rodata._global_impure_ptr
                0x0800a8d4        0x4 c:/tools/gcc-arm-none-eabi-9-2019-q4-major/bin/../lib/gcc/arm-none-eabi/9.2.1/../../../../arm-none-eabi/lib/thumb/v7e-m+fp/hard\libc_nano.a(lib_a-impure.o)
                0x0800a8d4                _global_impure_ptr
 .rodata._vfprintf_r.str1.1
                0x0800a8d8       0x11 c:/tools/gcc-arm-none-eabi-9-2019-q4-major/bin/../lib/gcc/arm-none-eabi/9.2.1/../../../../arm-none-eabi/lib/thumb/v7e-m+fp/hard\libc_nano.a(lib_a-nano-vfprintf.o)
 .rodata._printf_i.str1.1
                0x0800a8e9       0x22 c:/tools/gcc-arm-none-eabi-9-2019-q4-major/bin/../lib/gcc/arm-none-eabi/9.2.1/../../../../arm-none-eabi/lib/thumb/v7e-m+fp/hard\libc_nano.a(lib_a-nano-vfprintf_i.o)
 *fill*         0x0800a90b        0x1 
 .rodata.log.str1.4
                0x0800a90c        0x4 c:/tools/gcc-arm-none-eabi-9-2019-q4-major/bin/../lib/gcc/arm-none-eabi/9.2.1/../../../../arm-none-eabi/lib/thumb/v7e-m+fp/hard\libm.a(lib_a-w_log.o)
                                  0x5 (size before relaxing)
                0x0800a910                . = ALIGN (0x4)

.ARM.extab
 *(.ARM.extab* .gnu.linkonce.armextab.*)

.ARM            0x0800a910        0x8
                0x0800a910                __exidx_start = .
 *(.ARM.exidx*)
 .ARM.exidx     0x0800a910        0x8 c:/tools/gcc-arm-none-eabi-9-2019-q4-major/bin/../lib/gcc/arm-none-eabi/9.2.1/thumb/v7e-m+fp/hard\libgcc.a(_udivmoddi4.o)
                0x0800a918                __exidx_end = .

.rel.dyn        0x0800a918        0x0
 .rel.iplt      0x0800a918        0x0 c:/tools/gcc-arm-none-eabi-9-2019-q4-major/bin/../lib/gcc/arm-none-eabi/9.2.1/thumb/v7e-m+fp/hard/crtbegin.o

.preinit_array  0x0800a918        0x0
                0x0800a918                PROVIDE (__preinit_array_start = .)
 *(.preinit_array*)
                0x0800a918                PROVIDE (__preinit_array_end = .)

.init_array     0x0800a918        0x4
                0x0800a918                PROVIDE (__init_array_start = .)
 *(SORT_BY_NAME(.init_array.*))
 *(.init_array*)
 .init_array    0x0800a918        0x4 c:/tools/gcc-arm-none-eabi-9-2019-q4-major/bin/../lib/gcc/arm-none-eabi/9.2.1/thumb/v7e-m+fp/hard/crtbegin.o
                0x0800a91c                PROVIDE (__init_array_end = .)

.fini_array     0x0800a91c        0x4
                [!provide]                PROVIDE (__fini_array_start = .)
 *(SORT_BY_NAME(.fini_array.*))
 *(.fini_array*)
 .fini_array    0x0800a91c        0x4 c:/tools/gcc-arm-none-eabi-9-2019-q4-major/bin/../lib/gcc/arm-none-eabi/9.2.1/thumb/v7e-m+fp/hard/crtbegin.o
                [!provide]                PROVIDE (__fini_array_end = .)
                0x0800a920                _sidata = LOADADDR (.data)

.data           0x20000000       0x94 load address 0x0800a920
                0x20000000                . = ALIGN (0x4)
                0x20000000                _sdata = .
 *(.data)
 *(.data*)
 .data.goal_size
                0x20000000        0x1 build/main.o
                0x20000000                goal_size
 *fill*         0x20000001        0x3 
 .data.maze_goal
                0x20000004       0x12 build/main.o
                0x20000004                maze_goal
 .data.maze_x_size
                0x20000016        0x1 build/main.o
                0x20000016                maze_x_size
 .data.maze_y_size
                0x20000017        0x1 build/main.o
                0x20000017                maze_y_size
 .data.SystemCoreClock
                0x20000018        0x4 build/system_stm32f4xx.o
                0x20000018                SystemCoreClock
 .data.imu_address
                0x2000001c        0x1 build/imu.o
 *fill*         0x2000001d        0x1 
 .data.wall_sensor_front_th
                0x2000001e        0x2 build/matlab_code_gen_data.o
                0x2000001e                wall_sensor_front_th
 .data.wall_sensor_left_th
                0x20000020        0x2 build/matlab_code_gen_data.o
                0x20000020                wall_sensor_left_th
 .data.wall_sensor_right_th
                0x20000022        0x2 build/matlab_code_gen_data.o
                0x20000022                wall_sensor_right_th
 .data.uwTickFreq
                0x20000024        0x1 build/stm32f4xx_hal.o
                0x20000024                uwTickFreq
 *fill*         0x20000025        0x3 
 .data.uwTickPrio
                0x20000028        0x4 build/stm32f4xx_hal.o
                0x20000028                uwTickPrio
 .data._impure_ptr
                0x2000002c        0x4 c:/tools/gcc-arm-none-eabi-9-2019-q4-major/bin/../lib/gcc/arm-none-eabi/9.2.1/../../../../arm-none-eabi/lib/thumb/v7e-m+fp/hard\libc_nano.a(lib_a-impure.o)
                0x2000002c                _impure_ptr
 .data.impure_data
                0x20000030       0x60 c:/tools/gcc-arm-none-eabi-9-2019-q4-major/bin/../lib/gcc/arm-none-eabi/9.2.1/../../../../arm-none-eabi/lib/thumb/v7e-m+fp/hard\libc_nano.a(lib_a-impure.o)
 .data.__fdlib_version
                0x20000090        0x1 c:/tools/gcc-arm-none-eabi-9-2019-q4-major/bin/../lib/gcc/arm-none-eabi/9.2.1/../../../../arm-none-eabi/lib/thumb/v7e-m+fp/hard\libm.a(lib_a-s_lib_ver.o)
                0x20000090                __fdlib_version
                0x20000094                . = ALIGN (0x4)
 *fill*         0x20000091        0x3 
                0x20000094                _edata = .

.igot.plt       0x20000094        0x0 load address 0x0800a9b4
 .igot.plt      0x20000094        0x0 c:/tools/gcc-arm-none-eabi-9-2019-q4-major/bin/../lib/gcc/arm-none-eabi/9.2.1/thumb/v7e-m+fp/hard/crtbegin.o
                0x20000094                . = ALIGN (0x4)

.bss            0x20000098    0x1bd58 load address 0x0800a9b4
                0x20000098                _sbss = .
                0x20000098                __bss_start__ = _sbss
 *(.bss)
 .bss           0x20000098       0x1c c:/tools/gcc-arm-none-eabi-9-2019-q4-major/bin/../lib/gcc/arm-none-eabi/9.2.1/thumb/v7e-m+fp/hard/crtbegin.o
 *(.bss*)
 .bss.run_mode  0x200000b4        0x1 build/main.o
                0x200000b4                run_mode
 *fill*         0x200000b5        0x3 
 .bss.ave_store
                0x200000b8       0x50 build/encoder.o
 .bss.delta_angle_motor_l
                0x20000108        0x4 build/encoder.o
                0x20000108                delta_angle_motor_l
 .bss.delta_angle_motor_r
                0x2000010c        0x4 build/encoder.o
                0x2000010c                delta_angle_motor_r
 .bss.enc_cnt_l_old
                0x20000110        0x2 build/encoder.o
 .bss.enc_cnt_r_old
                0x20000112        0x2 build/encoder.o
 .bss.g_ave_accel_m
                0x20000114        0x4 build/encoder.o
                0x20000114                g_ave_accel_m
 .bss.g_ave_speed_m
                0x20000118        0x4 build/encoder.o
                0x20000118                g_ave_speed_m
 .bss.l_ave_counter.10212
                0x2000011c        0x2 build/encoder.o
 *fill*         0x2000011e        0x2 
 .bss.speed_l   0x20000120        0x4 build/encoder.o
                0x20000120                speed_l
 .bss.speed_l_max
                0x20000124        0x4 build/encoder.o
                0x20000124                speed_l_max
 .bss.speed_l_min
                0x20000128        0x4 build/encoder.o
                0x20000128                speed_l_min
 .bss.speed_m   0x2000012c        0x4 build/encoder.o
                0x2000012c                speed_m
 .bss.speed_r   0x20000130        0x4 build/encoder.o
                0x20000130                speed_r
 .bss.speed_r_max
                0x20000134        0x4 build/encoder.o
                0x20000134                speed_r_max
 .bss.speed_r_min
                0x20000138        0x4 build/encoder.o
                0x20000138                speed_r_min
 .bss.speed_rad
                0x2000013c        0x4 build/encoder.o
                0x2000013c                speed_rad
 .bss.x_data.6732
                0x20000140     0x2000 build/idivide.o
 .bss.accel_x_reference
                0x20002140        0x2 build/imu.o
 .bss.accel_x_value
                0x20002142        0x2 build/imu.o
 .bss.gyro_z_reference
                0x20002144        0x2 build/imu.o
 .bss.gyro_z_value
                0x20002146        0x2 build/imu.o
 .bss.imu_value
                0x20002148        0xd build/imu.o
 *fill*         0x20002155        0x3 
 .bss.boot_time
                0x20002158        0x4 build/interrupt.o
 *fill*         0x2000215c        0x4 
 .bss.boot_time_count.10187
                0x20002160        0x8 build/interrupt.o
 .bss.interrupt_count_now
                0x20002168        0x4 build/interrupt.o
 .bss.interrupt_duty
                0x2000216c        0x4 build/interrupt.o
 .bss.interrupt_duty_max
                0x20002170        0x4 build/interrupt.o
 .bss.adc_value
                0x20002174        0xa build/ir_sensor.o
 .bss.battery_value
                0x2000217e        0x2 build/ir_sensor.o
 .bss.mode_number_int
                0x20002180        0x1 build/ir_sensor.o
                0x20002180                mode_number_int
 .bss.sensor_mode
                0x20002181        0x1 build/ir_sensor.o
 .bss.sensor_off_pattern
                0x20002182        0x2 build/ir_sensor.o
 .bss.sensor_on_pattern
                0x20002184        0x2 build/ir_sensor.o
 *fill*         0x20002186        0x2 
 .bss.sensor_value
                0x20002188       0x10 build/ir_sensor.o
 .bss.wall_sensor_front
                0x20002198        0x2 build/matlab_code_gen_data.o
                0x20002198                wall_sensor_front
 .bss.wall_sensor_left
                0x2000219a        0x2 build/matlab_code_gen_data.o
                0x2000219a                wall_sensor_left
 .bss.wall_sensor_right
                0x2000219c        0x2 build/matlab_code_gen_data.o
                0x2000219c                wall_sensor_right
 *fill*         0x2000219e        0x2 
 .bss.b_num_temp_data.10814
                0x200021a0      0x800 build/maze_solve.o
 .bss.ii_data.10810
                0x200029a0      0x800 build/maze_solve.o
 .bss.ii_data.10882
                0x200031a0      0x800 build/maze_solve.o
 .bss.num_temp_data.10812
                0x200039a0      0x800 build/maze_solve.o
 .bss.num_temp_data.10884
                0x200041a0      0x800 build/maze_solve.o
 .bss.mode_count
                0x200049a0        0x1 build/mode.o
                0x200049a0                mode_count
 .bss.mode_number
                0x200049a1        0x1 build/mode.o
                0x200049a1                mode_number
 .bss.mode_number_old.10170
                0x200049a2        0x1 build/mode.o
 .bss.stanby_mode
                0x200049a3        0x1 build/mode.o
                0x200049a3                stanby_mode
 .bss.log_counter
                0x200049a4        0x2 build/module_test.o
                0x200049a4                log_counter
 *fill*         0x200049a6        0x2 
 .bss.log_store
                0x200049a8    0x16760 build/module_test.o
 .bss.heap_end.6568
                0x2001b108        0x4 build/sysmem.o
 .bss.accel_dir_flg
                0x2001b10c        0x1 build/target.o
                0x2001b10c                accel_dir_flg
 .bss.correction_mode
                0x2001b10d        0x1 build/target.o
                0x2001b10d                correction_mode
 .bss.fornt_wall_calibrate_tim
                0x2001b10e        0x2 build/target.o
                0x2001b10e                fornt_wall_calibrate_tim
 .bss.g_accelation_m
                0x2001b110        0x4 build/target.o
                0x2001b110                g_accelation_m
 .bss.g_accelation_w
                0x2001b114        0x4 build/target.o
                0x2001b114                g_accelation_w
 .bss.ideal_distance_m
                0x2001b118        0x4 build/target.o
                0x2001b118                ideal_distance_m
 .bss.ideal_distance_w
                0x2001b11c        0x4 build/target.o
                0x2001b11c                ideal_distance_w
 .bss.l_front_sensor_m_D_prev.10269
                0x2001b120        0x8 build/target.o
 .bss.l_front_sensor_m_err_I.10265
                0x2001b128        0x8 build/target.o
 .bss.l_front_sensor_m_err_prev.10267
                0x2001b130        0x8 build/target.o
 .bss.l_front_sensor_w_D_prev.10270
                0x2001b138        0x8 build/target.o
 .bss.l_front_sensor_w_err_I.10266
                0x2001b140        0x8 build/target.o
 .bss.l_front_sensor_w_err_prev.10268
                0x2001b148        0x8 build/target.o
 .bss.move_dir_flg
                0x2001b150        0x1 build/target.o
                0x2001b150                move_dir_flg
 *fill*         0x2001b151        0x3 
 .bss.operation_amount_l
                0x2001b154        0x4 build/target.o
                0x2001b154                operation_amount_l
 .bss.operation_amount_r
                0x2001b158        0x4 build/target.o
                0x2001b158                operation_amount_r
 .bss.real_distance_m
                0x2001b15c        0x4 build/target.o
                0x2001b15c                real_distance_m
 .bss.real_distance_w
                0x2001b160        0x4 build/target.o
                0x2001b160                real_distance_w
 .bss.rotation_dir_flg
                0x2001b164        0x1 build/target.o
                0x2001b164                rotation_dir_flg
 .bss.run_first_flg
                0x2001b165        0x1 build/target.o
                0x2001b165                run_first_flg
 *fill*         0x2001b166        0x2 
 .bss.speed_m_err.10250
                0x2001b168        0x4 build/target.o
 .bss.speed_m_err_I.10255
                0x2001b16c        0x4 build/target.o
 .bss.speed_w_err_D_prev.10254
                0x2001b170        0x4 build/target.o
 .bss.speed_w_err_I.10256
                0x2001b174        0x4 build/target.o
 .bss.speed_w_err_prev.10253
                0x2001b178        0x4 build/target.o
 .bss.target_distance_m
                0x2001b17c        0x4 build/target.o
                0x2001b17c                target_distance_m
 .bss.target_distance_w
                0x2001b180        0x4 build/target.o
                0x2001b180                target_distance_w
 .bss.target_speed_m
                0x2001b184        0x4 build/target.o
                0x2001b184                target_speed_m
 .bss.target_speed_m_fin
                0x2001b188        0x4 build/target.o
                0x2001b188                target_speed_m_fin
 .bss.target_speed_w
                0x2001b18c        0x4 build/target.o
                0x2001b18c                target_speed_w
 .bss.target_vol_l.10247
                0x2001b190        0x4 build/target.o
 .bss.target_vol_r.10246
                0x2001b194        0x4 build/target.o
 .bss.__malloc_free_list
                0x2001b198        0x4 c:/tools/gcc-arm-none-eabi-9-2019-q4-major/bin/../lib/gcc/arm-none-eabi/9.2.1/../../../../arm-none-eabi/lib/thumb/v7e-m+fp/hard\libc_nano.a(lib_a-nano-mallocr.o)
                0x2001b198                __malloc_free_list
 .bss.__malloc_sbrk_start
                0x2001b19c        0x4 c:/tools/gcc-arm-none-eabi-9-2019-q4-major/bin/../lib/gcc/arm-none-eabi/9.2.1/../../../../arm-none-eabi/lib/thumb/v7e-m+fp/hard\libc_nano.a(lib_a-nano-mallocr.o)
                0x2001b19c                __malloc_sbrk_start
 *(COMMON)
 COMMON         0x2001b1a0      0x800 build/main.o
                0x2001b1a0                m_wall_tmp
                0x2001b5a0                m_search_tmp
 COMMON         0x2001b9a0       0xa8 build/adc.o
                0x2001b9a0                hadc1
                0x2001b9e8                hdma_adc1
 COMMON         0x2001ba48      0x118 build/spi.o
                0x2001ba48                hspi2
                0x2001baa0                hdma_spi2_rx
                0x2001bb00                hdma_spi2_tx
 COMMON         0x2001bb60      0x234 build/tim.o
                0x2001bb60                hdma_tim1_ch1
                0x2001bbc0                htim4
                0x2001bc00                sMasterConfig
                0x2001bc08                hdma_tim1_ch2
                0x2001bc68                htim3
                0x2001bca8                sConfigOC
                0x2001bcc4                htim6
                0x2001bd04                htim1
                0x2001bd44                sClockSourceConfig
                0x2001bd54                htim2
 COMMON         0x2001bd94       0x40 build/usart.o
                0x2001bd94                huart1
 COMMON         0x2001bdd4        0x3 build/maze_solve.o
                0x2001bdd4                front_calib_flg
                0x2001bdd5                left_calib_flg
                0x2001bdd6                right_calib_flg
 *fill*         0x2001bdd7        0x1 
 COMMON         0x2001bdd8        0x4 build/motor.o
                0x2001bdd8                g_duty_l
                0x2001bdda                g_duty_r
 COMMON         0x2001bddc        0x4 build/stm32f4xx_hal.o
                0x2001bddc                uwTick
 COMMON         0x2001bde0        0x9 c:/tools/gcc-arm-none-eabi-9-2019-q4-major/bin/../lib/gcc/arm-none-eabi/9.2.1/../../../../arm-none-eabi/lib/thumb/v7e-m+fp/hard\libc_nano.a(lib_a-lock.o)
                0x2001bde0                __lock___atexit_recursive_mutex
                0x2001bde1                __lock___arc4random_mutex
                0x2001bde2                __lock___env_recursive_mutex
                0x2001bde3                __lock___sinit_recursive_mutex
                0x2001bde4                __lock___malloc_recursive_mutex
                0x2001bde5                __lock___at_quick_exit_mutex
                0x2001bde6                __lock___dd_hash_mutex
                0x2001bde7                __lock___tz_mutex
                0x2001bde8                __lock___sfp_recursive_mutex
 *fill*         0x2001bde9        0x3 
 COMMON         0x2001bdec        0x4 c:/tools/gcc-arm-none-eabi-9-2019-q4-major/bin/../lib/gcc/arm-none-eabi/9.2.1/../../../../arm-none-eabi/lib/thumb/v7e-m+fp/hard\libc_nano.a(lib_a-reent.o)
                0x2001bdec                errno
                0x2001bdf0                . = ALIGN (0x4)
                0x2001bdf0                _ebss = .
                0x2001bdf0                __bss_end__ = _ebss

._user_heap_stack
                0x2001bdf0      0x600 load address 0x0800a9b4
                0x2001bdf0                . = ALIGN (0x8)
                0x2001bdf0                PROVIDE (end = .)
                [!provide]                PROVIDE (_end = .)
                0x2001bff0                . = (. + _Min_Heap_Size)
 *fill*         0x2001bdf0      0x200 
                0x2001c3f0                . = (. + _Min_Stack_Size)
 *fill*         0x2001bff0      0x400 
                0x2001c3f0                . = ALIGN (0x8)

/DISCARD/
 libc.a(*)
 libm.a(*)
 libgcc.a(*)

.ARM.attributes
                0x00000000       0x30
 *(.ARM.attributes)
 .ARM.attributes
                0x00000000       0x1e c:/tools/gcc-arm-none-eabi-9-2019-q4-major/bin/../lib/gcc/arm-none-eabi/9.2.1/thumb/v7e-m+fp/hard/crti.o
 .ARM.attributes
                0x0000001e       0x34 c:/tools/gcc-arm-none-eabi-9-2019-q4-major/bin/../lib/gcc/arm-none-eabi/9.2.1/thumb/v7e-m+fp/hard/crtbegin.o
 .ARM.attributes
                0x00000052       0x34 build/main.o
 .ARM.attributes
                0x00000086       0x34 build/gpio.o
 .ARM.attributes
                0x000000ba       0x34 build/adc.o
 .ARM.attributes
                0x000000ee       0x34 build/dma.o
 .ARM.attributes
                0x00000122       0x34 build/spi.o
 .ARM.attributes
                0x00000156       0x34 build/tim.o
 .ARM.attributes
                0x0000018a       0x34 build/usart.o
 .ARM.attributes
                0x000001be       0x34 build/stm32f4xx_it.o
 .ARM.attributes
                0x000001f2       0x34 build/stm32f4xx_hal_msp.o
 .ARM.attributes
                0x00000226       0x34 build/system_stm32f4xx.o
 .ARM.attributes
                0x0000025a       0x34 build/battery.o
 .ARM.attributes
                0x0000028e       0x34 build/communication.o
 .ARM.attributes
                0x000002c2       0x34 build/encoder.o
 .ARM.attributes
                0x000002f6       0x34 build/idivide.o
 .ARM.attributes
                0x0000032a       0x34 build/imu.o
 .ARM.attributes
                0x0000035e       0x34 build/interrupt.o
 .ARM.attributes
                0x00000392       0x34 build/ir_sensor.o
 .ARM.attributes
                0x000003c6       0x39 build/matlab_code_gen_data.o
 .ARM.attributes
                0x000003ff       0x34 build/maze_init.o
 .ARM.attributes
                0x00000433       0x34 build/maze_solve.o
 .ARM.attributes
                0x00000467       0x34 build/mode.o
 .ARM.attributes
                0x0000049b       0x34 build/module_test.o
 .ARM.attributes
                0x000004cf       0x34 build/motor.o
 .ARM.attributes
                0x00000503       0x34 build/rem.o
 .ARM.attributes
                0x00000537       0x34 build/syscalls.o
 .ARM.attributes
                0x0000056b       0x34 build/sysmem.o
 .ARM.attributes
                0x0000059f       0x34 build/target.o
 .ARM.attributes
                0x000005d3       0x34 build/stm32f4xx_hal_adc.o
 .ARM.attributes
                0x00000607       0x34 build/stm32f4xx_hal_spi.o
 .ARM.attributes
                0x0000063b       0x34 build/stm32f4xx_hal_tim.o
 .ARM.attributes
                0x0000066f       0x34 build/stm32f4xx_hal_tim_ex.o
 .ARM.attributes
                0x000006a3       0x34 build/stm32f4xx_hal_uart.o
 .ARM.attributes
                0x000006d7       0x34 build/stm32f4xx_hal_rcc.o
 .ARM.attributes
                0x0000070b       0x34 build/stm32f4xx_hal_rcc_ex.o
 .ARM.attributes
                0x0000073f       0x34 build/stm32f4xx_hal_gpio.o
 .ARM.attributes
                0x00000773       0x34 build/stm32f4xx_hal_dma.o
 .ARM.attributes
                0x000007a7       0x34 build/stm32f4xx_hal_cortex.o
 .ARM.attributes
                0x000007db       0x34 build/stm32f4xx_hal.o
 .ARM.attributes
                0x0000080f       0x21 build/startup_stm32f413xx.o
 .ARM.attributes
                0x00000830       0x34 c:/tools/gcc-arm-none-eabi-9-2019-q4-major/bin/../lib/gcc/arm-none-eabi/9.2.1/../../../../arm-none-eabi/lib/thumb/v7e-m+fp/hard\libc_nano.a(lib_a-errno.o)
 .ARM.attributes
                0x00000864       0x34 c:/tools/gcc-arm-none-eabi-9-2019-q4-major/bin/../lib/gcc/arm-none-eabi/9.2.1/../../../../arm-none-eabi/lib/thumb/v7e-m+fp/hard\libc_nano.a(lib_a-fflush.o)
 .ARM.attributes
                0x00000898       0x34 c:/tools/gcc-arm-none-eabi-9-2019-q4-major/bin/../lib/gcc/arm-none-eabi/9.2.1/../../../../arm-none-eabi/lib/thumb/v7e-m+fp/hard\libc_nano.a(lib_a-findfp.o)
 .ARM.attributes
                0x000008cc       0x34 c:/tools/gcc-arm-none-eabi-9-2019-q4-major/bin/../lib/gcc/arm-none-eabi/9.2.1/../../../../arm-none-eabi/lib/thumb/v7e-m+fp/hard\libc_nano.a(lib_a-fwalk.o)
 .ARM.attributes
                0x00000900       0x32 c:/tools/gcc-arm-none-eabi-9-2019-q4-major/bin/../lib/gcc/arm-none-eabi/9.2.1/../../../../arm-none-eabi/lib/thumb/v7e-m+fp/hard\libc_nano.a(lib_a-impure.o)
 .ARM.attributes
                0x00000932       0x34 c:/tools/gcc-arm-none-eabi-9-2019-q4-major/bin/../lib/gcc/arm-none-eabi/9.2.1/../../../../arm-none-eabi/lib/thumb/v7e-m+fp/hard\libc_nano.a(lib_a-init.o)
 .ARM.attributes
                0x00000966       0x34 c:/tools/gcc-arm-none-eabi-9-2019-q4-major/bin/../lib/gcc/arm-none-eabi/9.2.1/../../../../arm-none-eabi/lib/thumb/v7e-m+fp/hard\libc_nano.a(lib_a-lock.o)
 .ARM.attributes
                0x0000099a       0x34 c:/tools/gcc-arm-none-eabi-9-2019-q4-major/bin/../lib/gcc/arm-none-eabi/9.2.1/../../../../arm-none-eabi/lib/thumb/v7e-m+fp/hard\libc_nano.a(lib_a-memcpy-stub.o)
 .ARM.attributes
                0x000009ce       0x34 c:/tools/gcc-arm-none-eabi-9-2019-q4-major/bin/../lib/gcc/arm-none-eabi/9.2.1/../../../../arm-none-eabi/lib/thumb/v7e-m+fp/hard\libc_nano.a(lib_a-memset.o)
 .ARM.attributes
                0x00000a02       0x34 c:/tools/gcc-arm-none-eabi-9-2019-q4-major/bin/../lib/gcc/arm-none-eabi/9.2.1/../../../../arm-none-eabi/lib/thumb/v7e-m+fp/hard\libc_nano.a(lib_a-nano-freer.o)
 .ARM.attributes
                0x00000a36       0x34 c:/tools/gcc-arm-none-eabi-9-2019-q4-major/bin/../lib/gcc/arm-none-eabi/9.2.1/../../../../arm-none-eabi/lib/thumb/v7e-m+fp/hard\libc_nano.a(lib_a-nano-mallocr.o)
 .ARM.attributes
                0x00000a6a       0x34 c:/tools/gcc-arm-none-eabi-9-2019-q4-major/bin/../lib/gcc/arm-none-eabi/9.2.1/../../../../arm-none-eabi/lib/thumb/v7e-m+fp/hard\libc_nano.a(lib_a-printf.o)
 .ARM.attributes
                0x00000a9e       0x34 c:/tools/gcc-arm-none-eabi-9-2019-q4-major/bin/../lib/gcc/arm-none-eabi/9.2.1/../../../../arm-none-eabi/lib/thumb/v7e-m+fp/hard\libc_nano.a(lib_a-puts.o)
 .ARM.attributes
                0x00000ad2       0x34 c:/tools/gcc-arm-none-eabi-9-2019-q4-major/bin/../lib/gcc/arm-none-eabi/9.2.1/../../../../arm-none-eabi/lib/thumb/v7e-m+fp/hard\libc_nano.a(lib_a-sbrkr.o)
 .ARM.attributes
                0x00000b06       0x34 c:/tools/gcc-arm-none-eabi-9-2019-q4-major/bin/../lib/gcc/arm-none-eabi/9.2.1/../../../../arm-none-eabi/lib/thumb/v7e-m+fp/hard\libc_nano.a(lib_a-setbuf.o)
 .ARM.attributes
                0x00000b3a       0x34 c:/tools/gcc-arm-none-eabi-9-2019-q4-major/bin/../lib/gcc/arm-none-eabi/9.2.1/../../../../arm-none-eabi/lib/thumb/v7e-m+fp/hard\libc_nano.a(lib_a-setvbuf.o)
 .ARM.attributes
                0x00000b6e       0x34 c:/tools/gcc-arm-none-eabi-9-2019-q4-major/bin/../lib/gcc/arm-none-eabi/9.2.1/../../../../arm-none-eabi/lib/thumb/v7e-m+fp/hard\libc_nano.a(lib_a-stdio.o)
 .ARM.attributes
                0x00000ba2       0x34 c:/tools/gcc-arm-none-eabi-9-2019-q4-major/bin/../lib/gcc/arm-none-eabi/9.2.1/../../../../arm-none-eabi/lib/thumb/v7e-m+fp/hard\libc_nano.a(lib_a-wbuf.o)
 .ARM.attributes
                0x00000bd6       0x34 c:/tools/gcc-arm-none-eabi-9-2019-q4-major/bin/../lib/gcc/arm-none-eabi/9.2.1/../../../../arm-none-eabi/lib/thumb/v7e-m+fp/hard\libc_nano.a(lib_a-writer.o)
 .ARM.attributes
                0x00000c0a       0x34 c:/tools/gcc-arm-none-eabi-9-2019-q4-major/bin/../lib/gcc/arm-none-eabi/9.2.1/../../../../arm-none-eabi/lib/thumb/v7e-m+fp/hard\libc_nano.a(lib_a-wsetup.o)
 .ARM.attributes
                0x00000c3e       0x34 c:/tools/gcc-arm-none-eabi-9-2019-q4-major/bin/../lib/gcc/arm-none-eabi/9.2.1/../../../../arm-none-eabi/lib/thumb/v7e-m+fp/hard\libc_nano.a(lib_a-closer.o)
 .ARM.attributes
                0x00000c72       0x34 c:/tools/gcc-arm-none-eabi-9-2019-q4-major/bin/../lib/gcc/arm-none-eabi/9.2.1/../../../../arm-none-eabi/lib/thumb/v7e-m+fp/hard\libc_nano.a(lib_a-lseekr.o)
 .ARM.attributes
                0x00000ca6       0x34 c:/tools/gcc-arm-none-eabi-9-2019-q4-major/bin/../lib/gcc/arm-none-eabi/9.2.1/../../../../arm-none-eabi/lib/thumb/v7e-m+fp/hard\libc_nano.a(lib_a-makebuf.o)
 .ARM.attributes
                0x00000cda       0x34 c:/tools/gcc-arm-none-eabi-9-2019-q4-major/bin/../lib/gcc/arm-none-eabi/9.2.1/../../../../arm-none-eabi/lib/thumb/v7e-m+fp/hard\libc_nano.a(lib_a-malloc.o)
 .ARM.attributes
                0x00000d0e       0x34 c:/tools/gcc-arm-none-eabi-9-2019-q4-major/bin/../lib/gcc/arm-none-eabi/9.2.1/../../../../arm-none-eabi/lib/thumb/v7e-m+fp/hard\libc_nano.a(lib_a-mlock.o)
 .ARM.attributes
                0x00000d42       0x34 c:/tools/gcc-arm-none-eabi-9-2019-q4-major/bin/../lib/gcc/arm-none-eabi/9.2.1/../../../../arm-none-eabi/lib/thumb/v7e-m+fp/hard\libc_nano.a(lib_a-nano-vfprintf.o)
 .ARM.attributes
                0x00000d76       0x34 c:/tools/gcc-arm-none-eabi-9-2019-q4-major/bin/../lib/gcc/arm-none-eabi/9.2.1/../../../../arm-none-eabi/lib/thumb/v7e-m+fp/hard\libc_nano.a(lib_a-nano-vfprintf_i.o)
 .ARM.attributes
                0x00000daa       0x34 c:/tools/gcc-arm-none-eabi-9-2019-q4-major/bin/../lib/gcc/arm-none-eabi/9.2.1/../../../../arm-none-eabi/lib/thumb/v7e-m+fp/hard\libc_nano.a(lib_a-readr.o)
 .ARM.attributes
                0x00000dde       0x34 c:/tools/gcc-arm-none-eabi-9-2019-q4-major/bin/../lib/gcc/arm-none-eabi/9.2.1/../../../../arm-none-eabi/lib/thumb/v7e-m+fp/hard\libc_nano.a(lib_a-reent.o)
 .ARM.attributes
                0x00000e12       0x34 c:/tools/gcc-arm-none-eabi-9-2019-q4-major/bin/../lib/gcc/arm-none-eabi/9.2.1/../../../../arm-none-eabi/lib/thumb/v7e-m+fp/hard\libc_nano.a(lib_a-fstatr.o)
 .ARM.attributes
                0x00000e46       0x34 c:/tools/gcc-arm-none-eabi-9-2019-q4-major/bin/../lib/gcc/arm-none-eabi/9.2.1/../../../../arm-none-eabi/lib/thumb/v7e-m+fp/hard\libc_nano.a(lib_a-isattyr.o)
 .ARM.attributes
                0x00000e7a       0x1c c:/tools/gcc-arm-none-eabi-9-2019-q4-major/bin/../lib/gcc/arm-none-eabi/9.2.1/../../../../arm-none-eabi/lib/thumb/v7e-m+fp/hard\libc_nano.a(lib_a-memchr.o)
 .ARM.attributes
                0x00000e96       0x34 c:/tools/gcc-arm-none-eabi-9-2019-q4-major/bin/../lib/gcc/arm-none-eabi/9.2.1/../../../../arm-none-eabi/lib/thumb/v7e-m+fp/hard\libm.a(lib_a-s_ceil.o)
 .ARM.attributes
                0x00000eca       0x34 c:/tools/gcc-arm-none-eabi-9-2019-q4-major/bin/../lib/gcc/arm-none-eabi/9.2.1/../../../../arm-none-eabi/lib/thumb/v7e-m+fp/hard\libm.a(lib_a-s_floor.o)
 .ARM.attributes
                0x00000efe       0x34 c:/tools/gcc-arm-none-eabi-9-2019-q4-major/bin/../lib/gcc/arm-none-eabi/9.2.1/../../../../arm-none-eabi/lib/thumb/v7e-m+fp/hard\libm.a(lib_a-s_trunc.o)
 .ARM.attributes
                0x00000f32       0x34 c:/tools/gcc-arm-none-eabi-9-2019-q4-major/bin/../lib/gcc/arm-none-eabi/9.2.1/../../../../arm-none-eabi/lib/thumb/v7e-m+fp/hard\libm.a(lib_a-w_log.o)
 .ARM.attributes
                0x00000f66       0x34 c:/tools/gcc-arm-none-eabi-9-2019-q4-major/bin/../lib/gcc/arm-none-eabi/9.2.1/../../../../arm-none-eabi/lib/thumb/v7e-m+fp/hard\libm.a(lib_a-e_log.o)
 .ARM.attributes
                0x00000f9a       0x32 c:/tools/gcc-arm-none-eabi-9-2019-q4-major/bin/../lib/gcc/arm-none-eabi/9.2.1/../../../../arm-none-eabi/lib/thumb/v7e-m+fp/hard\libm.a(lib_a-s_lib_ver.o)
 .ARM.attributes
                0x00000fcc       0x34 c:/tools/gcc-arm-none-eabi-9-2019-q4-major/bin/../lib/gcc/arm-none-eabi/9.2.1/../../../../arm-none-eabi/lib/thumb/v7e-m+fp/hard\libm.a(lib_a-s_matherr.o)
 .ARM.attributes